Archive member included to satisfy reference by file (symbol)

c:/st/stm32cubeide_1.12.0/stm32cubeide/plugins/com.st.stm32cube.ide.mcu.externaltools.gnu-tools-for-stm32.10.3-2021.10.win32_1.0.200.202301161003/tools/bin/../lib/gcc/arm-none-eabi/10.3.1/../../../../arm-none-eabi/lib/thumb/v7e-m+fp/hard\libc_nano.a(lib_a-errno.o)
                              ./Core/Src/syscalls.o (__errno)
c:/st/stm32cubeide_1.12.0/stm32cubeide/plugins/com.st.stm32cube.ide.mcu.externaltools.gnu-tools-for-stm32.10.3-2021.10.win32_1.0.200.202301161003/tools/bin/../lib/gcc/arm-none-eabi/10.3.1/../../../../arm-none-eabi/lib/thumb/v7e-m+fp/hard\libc_nano.a(lib_a-exit.o)
                              c:/st/stm32cubeide_1.12.0/stm32cubeide/plugins/com.st.stm32cube.ide.mcu.externaltools.gnu-tools-for-stm32.10.3-2021.10.win32_1.0.200.202301161003/tools/bin/../lib/gcc/arm-none-eabi/10.3.1/../../../../arm-none-eabi/lib/thumb/v7e-m+fp/hard/crt0.o (exit)
c:/st/stm32cubeide_1.12.0/stm32cubeide/plugins/com.st.stm32cube.ide.mcu.externaltools.gnu-tools-for-stm32.10.3-2021.10.win32_1.0.200.202301161003/tools/bin/../lib/gcc/arm-none-eabi/10.3.1/../../../../arm-none-eabi/lib/thumb/v7e-m+fp/hard\libc_nano.a(lib_a-findfp.o)
                              ./Middlewares/Third_Party/FreeRTOS/Source/tasks.o (__sf_fake_stderr)
c:/st/stm32cubeide_1.12.0/stm32cubeide/plugins/com.st.stm32cube.ide.mcu.externaltools.gnu-tools-for-stm32.10.3-2021.10.win32_1.0.200.202301161003/tools/bin/../lib/gcc/arm-none-eabi/10.3.1/../../../../arm-none-eabi/lib/thumb/v7e-m+fp/hard\libc_nano.a(lib_a-fwalk.o)
                              c:/st/stm32cubeide_1.12.0/stm32cubeide/plugins/com.st.stm32cube.ide.mcu.externaltools.gnu-tools-for-stm32.10.3-2021.10.win32_1.0.200.202301161003/tools/bin/../lib/gcc/arm-none-eabi/10.3.1/../../../../arm-none-eabi/lib/thumb/v7e-m+fp/hard\libc_nano.a(lib_a-findfp.o) (_fwalk)
c:/st/stm32cubeide_1.12.0/stm32cubeide/plugins/com.st.stm32cube.ide.mcu.externaltools.gnu-tools-for-stm32.10.3-2021.10.win32_1.0.200.202301161003/tools/bin/../lib/gcc/arm-none-eabi/10.3.1/../../../../arm-none-eabi/lib/thumb/v7e-m+fp/hard\libc_nano.a(lib_a-impure.o)
                              c:/st/stm32cubeide_1.12.0/stm32cubeide/plugins/com.st.stm32cube.ide.mcu.externaltools.gnu-tools-for-stm32.10.3-2021.10.win32_1.0.200.202301161003/tools/bin/../lib/gcc/arm-none-eabi/10.3.1/../../../../arm-none-eabi/lib/thumb/v7e-m+fp/hard\libc_nano.a(lib_a-exit.o) (_global_impure_ptr)
c:/st/stm32cubeide_1.12.0/stm32cubeide/plugins/com.st.stm32cube.ide.mcu.externaltools.gnu-tools-for-stm32.10.3-2021.10.win32_1.0.200.202301161003/tools/bin/../lib/gcc/arm-none-eabi/10.3.1/../../../../arm-none-eabi/lib/thumb/v7e-m+fp/hard\libc_nano.a(lib_a-init.o)
                              c:/st/stm32cubeide_1.12.0/stm32cubeide/plugins/com.st.stm32cube.ide.mcu.externaltools.gnu-tools-for-stm32.10.3-2021.10.win32_1.0.200.202301161003/tools/bin/../lib/gcc/arm-none-eabi/10.3.1/../../../../arm-none-eabi/lib/thumb/v7e-m+fp/hard/crt0.o (__libc_init_array)
c:/st/stm32cubeide_1.12.0/stm32cubeide/plugins/com.st.stm32cube.ide.mcu.externaltools.gnu-tools-for-stm32.10.3-2021.10.win32_1.0.200.202301161003/tools/bin/../lib/gcc/arm-none-eabi/10.3.1/../../../../arm-none-eabi/lib/thumb/v7e-m+fp/hard\libc_nano.a(lib_a-lock.o)
                              c:/st/stm32cubeide_1.12.0/stm32cubeide/plugins/com.st.stm32cube.ide.mcu.externaltools.gnu-tools-for-stm32.10.3-2021.10.win32_1.0.200.202301161003/tools/bin/../lib/gcc/arm-none-eabi/10.3.1/../../../../arm-none-eabi/lib/thumb/v7e-m+fp/hard\libc_nano.a(lib_a-findfp.o) (__retarget_lock_init_recursive)
c:/st/stm32cubeide_1.12.0/stm32cubeide/plugins/com.st.stm32cube.ide.mcu.externaltools.gnu-tools-for-stm32.10.3-2021.10.win32_1.0.200.202301161003/tools/bin/../lib/gcc/arm-none-eabi/10.3.1/../../../../arm-none-eabi/lib/thumb/v7e-m+fp/hard\libc_nano.a(lib_a-memcpy-stub.o)
                              ./Middlewares/Third_Party/FreeRTOS/Source/CMSIS_RTOS_V2/cmsis_os2.o (memcpy)
c:/st/stm32cubeide_1.12.0/stm32cubeide/plugins/com.st.stm32cube.ide.mcu.externaltools.gnu-tools-for-stm32.10.3-2021.10.win32_1.0.200.202301161003/tools/bin/../lib/gcc/arm-none-eabi/10.3.1/../../../../arm-none-eabi/lib/thumb/v7e-m+fp/hard\libc_nano.a(lib_a-memset.o)
                              c:/st/stm32cubeide_1.12.0/stm32cubeide/plugins/com.st.stm32cube.ide.mcu.externaltools.gnu-tools-for-stm32.10.3-2021.10.win32_1.0.200.202301161003/tools/bin/../lib/gcc/arm-none-eabi/10.3.1/../../../../arm-none-eabi/lib/thumb/v7e-m+fp/hard/crt0.o (memset)
c:/st/stm32cubeide_1.12.0/stm32cubeide/plugins/com.st.stm32cube.ide.mcu.externaltools.gnu-tools-for-stm32.10.3-2021.10.win32_1.0.200.202301161003/tools/bin/../lib/gcc/arm-none-eabi/10.3.1/../../../../arm-none-eabi/lib/thumb/v7e-m+fp/hard\libc_nano.a(lib_a-nano-mallocr.o)
[...]
Memory Configuration

Name             Origin             Length             Attributes
RAM              0x0000000020000000 0x0000000000020000 xrw
FLASH            0x0000000008000000 0x0000000000080000 xr
*default*        0x0000000000000000 0xffffffffffffffff

Linker script and memory map

LOAD c:/st/stm32cubeide_1.12.0/stm32cubeide/plugins/com.st.stm32cube.ide.mcu.externaltools.gnu-tools-for-stm32.10.3-2021.10.win32_1.0.200.202301161003/tools/bin/../lib/gcc/arm-none-eabi/10.3.1/thumb/v7e-m+fp/hard/crti.o
LOAD c:/st/stm32cubeide_1.12.0/stm32cubeide/plugins/com.st.stm32cube.ide.mcu.externaltools.gnu-tools-for-stm32.10.3-2021.10.win32_1.0.200.202301161003/tools/bin/../lib/gcc/arm-none-eabi/10.3.1/thumb/v7e-m+fp/hard/crtbegin.o
LOAD c:/st/stm32cubeide_1.12.0/stm32cubeide/plugins/com.st.stm32cube.ide.mcu.externaltools.gnu-tools-for-stm32.10.3-2021.10.win32_1.0.200.202301161003/tools/bin/../lib/gcc/arm-none-eabi/10.3.1/../../../../arm-none-eabi/lib/thumb/v7e-m+fp/hard/crt0.o
LOAD ./Core/Src/freertos.o
LOAD ./Core/Src/main.o
LOAD ./Core/Src/stm32f4xx_hal_msp.o
LOAD ./Core/Src/stm32f4xx_hal_timebase_tim.o
LOAD ./Core/Src/stm32f4xx_it.o
LOAD ./Core/Src/syscalls.o
LOAD ./Core/Src/sysmem.o
LOAD ./Core/Src/system_stm32f4xx.o
LOAD ./Core/Startup/startup_stm32f411ceux.o
LOAD ./Drivers/STM32F4xx_HAL_Driver/Src/stm32f4xx_hal.o
LOAD ./Drivers/STM32F4xx_HAL_Driver/Src/stm32f4xx_hal_adc.o
LOAD ./Drivers/STM32F4xx_HAL_Driver/Src/stm32f4xx_hal_adc_ex.o
LOAD ./Drivers/STM32F4xx_HAL_Driver/Src/stm32f4xx_hal_cortex.o
LOAD ./Drivers/STM32F4xx_HAL_Driver/Src/stm32f4xx_hal_dma.o
LOAD ./Drivers/STM32F4xx_HAL_Driver/Src/stm32f4xx_hal_dma_ex.o
LOAD ./Drivers/STM32F4xx_HAL_Driver/Src/stm32f4xx_hal_exti.o
LOAD ./Drivers/STM32F4xx_HAL_Driver/Src/stm32f4xx_hal_flash.o
LOAD ./Drivers/STM32F4xx_HAL_Driver/Src/stm32f4xx_hal_flash_ex.o
LOAD ./Drivers/STM32F4xx_HAL_Driver/Src/stm32f4xx_hal_flash_ramfunc.o
LOAD ./Drivers/STM32F4xx_HAL_Driver/Src/stm32f4xx_hal_gpio.o
LOAD ./Drivers/STM32F4xx_HAL_Driver/Src/stm32f4xx_hal_pcd.o
LOAD ./Drivers/STM32F4xx_HAL_Driver/Src/stm32f4xx_hal_pcd_ex.o
LOAD ./Drivers/STM32F4xx_HAL_Driver/Src/stm32f4xx_hal_pwr.o
LOAD ./Drivers/STM32F4xx_HAL_Driver/Src/stm32f4xx_hal_pwr_ex.o
LOAD ./Drivers/STM32F4xx_HAL_Driver/Src/stm32f4xx_hal_rcc.o
LOAD ./Drivers/STM32F4xx_HAL_Driver/Src/stm32f4xx_hal_rcc_ex.o
LOAD ./Drivers/STM32F4xx_HAL_Driver/Src/stm32f4xx_hal_tim.o
LOAD ./Drivers/STM32F4xx_HAL_Driver/Src/stm32f4xx_hal_tim_ex.o
LOAD ./Drivers/STM32F4xx_HAL_Driver/Src/stm32f4xx_ll_adc.o
LOAD ./Drivers/STM32F4xx_HAL_Driver/Src/stm32f4xx_ll_usb.o
LOAD ./Middlewares/ST/STM32_USB_Device_Library/Class/CustomHID/Src/usbd_customhid.o
LOAD ./Middlewares/ST/STM32_USB_Device_Library/Core/Src/usbd_core.o
LOAD ./Middlewares/ST/STM32_USB_Device_Library/Core/Src/usbd_ctlreq.o
LOAD ./Middlewares/ST/STM32_USB_Device_Library/Core/Src/usbd_ioreq.o
LOAD ./Middlewares/Third_Party/FreeRTOS/Source/CMSIS_RTOS_V2/cmsis_os2.o
LOAD ./Middlewares/Third_Party/FreeRTOS/Source/croutine.o
LOAD ./Middlewares/Third_Party/FreeRTOS/Source/event_groups.o
LOAD ./Middlewares/Third_Party/FreeRTOS/Source/list.o
LOAD ./Middlewares/Third_Party/FreeRTOS/Source/queue.o
LOAD ./Middlewares/Third_Party/FreeRTOS/Source/stream_buffer.o
LOAD ./Middlewares/Third_Party/FreeRTOS/Source/tasks.o
LOAD ./Middlewares/Third_Party/FreeRTOS/Source/timers.o
LOAD ./Middlewares/Third_Party/FreeRTOS/Source/portable/GCC/ARM_CM4F/port.o
LOAD ./Middlewares/Third_Party/FreeRTOS/Source/portable/MemMang/heap_4.o
LOAD ./USB_DEVICE/App/usb_device.o
LOAD ./USB_DEVICE/App/usbd_custom_hid_if.o
LOAD ./USB_DEVICE/App/usbd_desc.o
LOAD ./USB_DEVICE/Target/usbd_conf.o
START GROUP
LOAD c:/st/stm32cubeide_1.12.0/stm32cubeide/plugins/com.st.stm32cube.ide.mcu.externaltools.gnu-tools-for-stm32.10.3-2021.10.win32_1.0.200.202301161003/tools/bin/../lib/gcc/arm-none-eabi/10.3.1/../../../../arm-none-eabi/lib/thumb/v7e-m+fp/hard\libc_nano.a
LOAD c:/st/stm32cubeide_1.12.0/stm32cubeide/plugins/com.st.stm32cube.ide.mcu.externaltools.gnu-tools-for-stm32.10.3-2021.10.win32_1.0.200.202301161003/tools/bin/../lib/gcc/arm-none-eabi/10.3.1/../../../../arm-none-eabi/lib/thumb/v7e-m+fp/hard\libm.a
END GROUP
START GROUP
LOAD c:/st/stm32cubeide_1.12.0/stm32cubeide/plugins/com.st.stm32cube.ide.mcu.externaltools.gnu-tools-for-stm32.10.3-2021.10.win32_1.0.200.202301161003/tools/bin/../lib/gcc/arm-none-eabi/10.3.1/thumb/v7e-m+fp/hard\libgcc.a
LOAD c:/st/stm32cubeide_1.12.0/stm32cubeide/plugins/com.st.stm32cube.ide.mcu.externaltools.gnu-tools-for-stm32.10.3-2021.10.win32_1.0.200.202301161003/tools/bin/../lib/gcc/arm-none-eabi/10.3.1/../../../../arm-none-eabi/lib/thumb/v7e-m+fp/hard\libc_nano.a
END GROUP
START GROUP
LOAD c:/st/stm32cubeide_1.12.0/stm32cubeide/plugins/com.st.stm32cube.ide.mcu.externaltools.gnu-tools-for-stm32.10.3-2021.10.win32_1.0.200.202301161003/tools/bin/../lib/gcc/arm-none-eabi/10.3.1/thumb/v7e-m+fp/hard\libgcc.a
LOAD c:/st/stm32cubeide_1.12.0/stm32cubeide/plugins/com.st.stm32cube.ide.mcu.externaltools.gnu-tools-for-stm32.10.3-2021.10.win32_1.0.200.202301161003/tools/bin/../lib/gcc/arm-none-eabi/10.3.1/../../../../arm-none-eabi/lib/thumb/v7e-m+fp/hard\libc_nano.a
LOAD c:/st/stm32cubeide_1.12.0/stm32cubeide/plugins/com.st.stm32cube.ide.mcu.externaltools.gnu-tools-for-stm32.10.3-2021.10.win32_1.0.200.202301161003/tools/bin/../lib/gcc/arm-none-eabi/10.3.1/../../../../arm-none-eabi/lib/thumb/v7e-m+fp/hard\libnosys.a
END GROUP
START GROUP
LOAD c:/st/stm32cubeide_1.12.0/stm32cubeide/plugins/com.st.stm32cube.ide.mcu.externaltools.gnu-tools-for-stm32.10.3-2021.10.win32_1.0.200.202301161003/tools/bin/../lib/gcc/arm-none-eabi/10.3.1/thumb/v7e-m+fp/hard\libgcc.a
LOAD c:/st/stm32cubeide_1.12.0/stm32cubeide/plugins/com.st.stm32cube.ide.mcu.externaltools.gnu-tools-for-stm32.10.3-2021.10.win32_1.0.200.202301161003/tools/bin/../lib/gcc/arm-none-eabi/10.3.1/../../../../arm-none-eabi/lib/thumb/v7e-m+fp/hard\libc_nano.a
LOAD c:/st/stm32cubeide_1.12.0/stm32cubeide/plugins/com.st.stm32cube.ide.mcu.externaltools.gnu-tools-for-stm32.10.3-2021.10.win32_1.0.200.202301161003/tools/bin/../lib/gcc/arm-none-eabi/10.3.1/../../../../arm-none-eabi/lib/thumb/v7e-m+fp/hard\libnosys.a
END GROUP
LOAD c:/st/stm32cubeide_1.12.0/stm32cubeide/plugins/com.st.stm32cube.ide.mcu.externaltools.gnu-tools-for-stm32.10.3-2021.10.win32_1.0.200.202301161003/tools/bin/../lib/gcc/arm-none-eabi/10.3.1/thumb/v7e-m+fp/hard/crtend.o
LOAD c:/st/stm32cubeide_1.12.0/stm32cubeide/plugins/com.st.stm32cube.ide.mcu.externaltools.gnu-tools-for-stm32.10.3-2021.10.win32_1.0.200.202301161003/tools/bin/../lib/gcc/arm-none-eabi/10.3.1/thumb/v7e-m+fp/hard/crtn.o
                0x0000000020020000                _estack = (ORIGIN (RAM) + LENGTH (RAM))
                0x0000000000000200                _Min_Heap_Size = 0x200
                0x0000000000000400                _Min_Stack_Size = 0x400

.isr_vector     0x0000000008000000      0x198
                0x0000000008000000                . = ALIGN (0x4)
 *(.isr_vector)
 .isr_vector    0x0000000008000000      0x198 ./Core/Startup/startup_stm32f411ceux.o
                0x0000000008000000                g_pfnVectors
                0x0000000008000198                . = ALIGN (0x4)

.text           0x00000000080001a0     0xc780
                0x00000000080001a0                . = ALIGN (0x4)
 *(.text)
 .text          0x00000000080001a0       0x40 c:/st/stm32cubeide_1.12.0/stm32cubeide/plugins/com.st.stm32cube.ide.mcu.externaltools.gnu-tools-for-stm32.10.3-2021.10.win32_1.0.200.202301161003/tools/bin/../lib/gcc/arm-none-eabi/10.3.1/thumb/v7e-m+fp/hard/crtbegin.o
 .text          0x00000000080001e0      0x378 c:/st/stm32cubeide_1.12.0/stm32cubeide/plugins/com.st.stm32cube.ide.mcu.externaltools.gnu-tools-for-stm32.10.3-2021.10.win32_1.0.200.202301161003/tools/bin/../lib/gcc/arm-none-eabi/10.3.1/thumb/v7e-m+fp/hard\libgcc.a(_arm_addsubdf3.o)
                0x00000000080001e0                __aeabi_drsub
                0x00000000080001e8                __aeabi_dsub
                0x00000000080001e8                __subdf3
                0x00000000080001ec                __aeabi_dadd
                0x00000000080001ec                __adddf3
                0x0000000008000464                __floatunsidf
                0x0000000008000464                __aeabi_ui2d
                0x0000000008000484                __floatsidf
                0x0000000008000484                __aeabi_i2d
                0x00000000080004a8                __aeabi_f2d
                0x00000000080004a8                __extendsfdf2
                0x00000000080004ec                __floatundidf
                0x00000000080004ec                __aeabi_ul2d
                0x00000000080004fc                __floatdidf
                0x00000000080004fc                __aeabi_l2d
 .text          0x0000000008000558      0x424 c:/st/stm32cubeide_1.12.0/stm32cubeide/plugins/com.st.stm32cube.ide.mcu.externaltools.gnu-tools-for-stm32.10.3-2021.10.win32_1.0.200.202301161003/tools/bin/../lib/gcc/arm-none-eabi/10.3.1/thumb/v7e-m+fp/hard\libgcc.a(_arm_muldivdf3.o)
                0x0000000008000558                __aeabi_dmul
                0x0000000008000558                __muldf3
                0x00000000080007ac                __divdf3
                0x00000000080007ac                __aeabi_ddiv
 .text          0x000000000800097c      0x110 c:/st/stm32cubeide_1.12.0/stm32cubeide/plugins/com.st.stm32cube.ide.mcu.externaltools.gnu-tools-for-stm32.10.3-2021.10.win32_1.0.200.202301161003/tools/bin/../lib/gcc/arm-none-eabi/10.3.1/thumb/v7e-m+fp/hard\libgcc.a(_arm_cmpdf2.o)
                0x000000000800097c                __gtdf2
                0x000000000800097c                __gedf2
                0x0000000008000984                __ltdf2
                0x0000000008000984                __ledf2
                0x000000000800098c                __nedf2
                0x000000000800098c                __eqdf2
                0x000000000800098c                __cmpdf2
                0x0000000008000a08                __aeabi_cdrcmple
                0x0000000008000a18                __aeabi_cdcmpeq
                0x0000000008000a18                __aeabi_cdcmple
                0x0000000008000a28                __aeabi_dcmpeq
                0x0000000008000a3c                __aeabi_dcmplt
                0x0000000008000a50                __aeabi_dcmple
                0x0000000008000a64                __aeabi_dcmpge
                0x0000000008000a78                __aeabi_dcmpgt
 .text          0x0000000008000a8c       0x2c c:/st/stm32cubeide_1.12.0/stm32cubeide/plugins/com.st.stm32cube.ide.mcu.externaltools.gnu-tools-for-stm32.10.3-2021.10.win32_1.0.200.202301161003/tools/bin/../lib/gcc/arm-none-eabi/10.3.1/thumb/v7e-m+fp/hard\libgcc.a(_arm_unorddf2.o)
                0x0000000008000a8c                __unorddf2
                0x0000000008000a8c                __aeabi_dcmpun
 .text          0x0000000008000ab8       0x50 c:/st/stm32cubeide_1.12.0/stm32cubeide/plugins/com.st.stm32cube.ide.mcu.externaltools.gnu-tools-for-stm32.10.3-2021.10.win32_1.0.200.202301161003/tools/bin/../lib/gcc/arm-none-eabi/10.3.1/thumb/v7e-m+fp/hard\libgcc.a(_arm_fixdfsi.o)
                0x0000000008000ab8                __aeabi_d2iz
                0x0000000008000ab8                __fixdfsi
 .text          0x0000000008000b08       0x30 c:/st/stm32cubeide_1.12.0/stm32cubeide/plugins/com.st.stm32cube.ide.mcu.externaltools.gnu-tools-for-stm32.10.3-2021.10.win32_1.0.200.202301161003/tools/bin/../lib/gcc/arm-none-eabi/10.3.1/thumb/v7e-m+fp/hard\libgcc.a(_aeabi_uldivmod.o)
                0x0000000008000b08                __aeabi_uldivmod
 .text          0x0000000008000b38      0x2d0 c:/st/stm32cubeide_1.12.0/stm32cubeide/plugins/com.st.stm32cube.ide.mcu.externaltools.gnu-tools-for-stm32.10.3-2021.10.win32_1.0.200.202301161003/tools/bin/../lib/gcc/arm-none-eabi/10.3.1/thumb/v7e-m+fp/hard\libgcc.a(_udivmoddi4.o)
                0x0000000008000b38                __udivmoddi4
 .text          0x0000000008000e08        0x4 c:/st/stm32cubeide_1.12.0/stm32cubeide/plugins/com.st.stm32cube.ide.mcu.externaltools.gnu-tools-for-stm32.10.3-2021.10.win32_1.0.200.202301161003/tools/bin/../lib/gcc/arm-none-eabi/10.3.1/thumb/v7e-m+fp/hard\libgcc.a(_dvmd_tls.o)
                0x0000000008000e08                __aeabi_idiv0
                0x0000000008000e08                __aeabi_ldiv0
 *(.text*)
 .text.main     0x0000000008000e0c      0x100 ./Core/Src/main.o
                0x0000000008000e0c                main
 .text.SystemClock_Config
                0x0000000008000f0c       0xd0 ./Core/Src/main.o
                0x0000000008000f0c                SystemClock_Config
 .text.MX_ADC1_Init
                0x0000000008000fdc       0xfc ./Core/Src/main.o
 .text.MX_DMA_Init
                0x00000000080010d8       0x40 ./Core/Src/main.o
 .text.MX_GPIO_Init
                0x0000000008001118       0xa4 ./Core/Src/main.o
 .text.initializeDictionary
                0x00000000080011bc        0xe ./Core/Src/main.o
                0x00000000080011bc                initializeDictionary
 *fill*         0x00000000080011ca        0x2 
 .text.sendCharacter
                0x00000000080011cc       0x64 ./Core/Src/main.o
                0x00000000080011cc                sendCharacter
 .text.sendMouse
                0x0000000008001230       0x90 ./Core/Src/main.o
                0x0000000008001230                sendMouse
 .text.sendMouseButtons
                0x00000000080012c0      0x178 ./Core/Src/main.o
                0x00000000080012c0                sendMouseButtons
 .text.checkModeSwitch
                0x0000000008001438       0x84 ./Core/Src/main.o
                0x0000000008001438                checkModeSwitch
 .text.getChar  0x00000000080014bc       0xac ./Core/Src/main.o
                0x00000000080014bc                getChar
 .text.getAngleDist
                0x0000000008001568      0x1b4 ./Core/Src/main.o
                0x0000000008001568                getAngleDist
 .text.getZone  0x000000000800171c       0x74 ./Core/Src/main.o
                0x000000000800171c                getZone
 .text.HAL_ADC_ConvCpltCallback
                0x0000000008001790       0x20 ./Core/Src/main.o
                0x0000000008001790                HAL_ADC_ConvCpltCallback
 .text.StarPollingTask
                0x00000000080017b0       0x90 ./Core/Src/main.o
                0x00000000080017b0                StarPollingTask
 .text.StartInputProcessing
                0x0000000008001840       0x60 ./Core/Src/main.o
                0x0000000008001840                StartInputProcessing
 .text.capitalTimerCallback
                0x00000000080018a0       0x48 ./Core/Src/main.o
                0x00000000080018a0                capitalTimerCallback
 .text.modeTimerCallback
                0x00000000080018e8       0x40 ./Core/Src/main.o
                0x00000000080018e8                modeTimerCallback
 .text.HAL_TIM_PeriodElapsedCallback
                0x0000000008001928       0x24 ./Core/Src/main.o
                0x0000000008001928                HAL_TIM_PeriodElapsedCallback
 .text.Error_Handler
                0x000000000800194c        0xa ./Core/Src/main.o
                0x000000000800194c                Error_Handler
 *fill*         0x0000000008001956        0x2 
 .text.HAL_MspInit
                0x0000000008001958       0x58 ./Core/Src/stm32f4xx_hal_msp.o
                0x0000000008001958                HAL_MspInit
 .text.HAL_ADC_MspInit
                0x00000000080019b0       0xec ./Core/Src/stm32f4xx_hal_msp.o
                0x00000000080019b0                HAL_ADC_MspInit
 .text.HAL_InitTick
                0x0000000008001a9c       0xe4 ./Core/Src/stm32f4xx_hal_timebase_tim.o
                0x0000000008001a9c                HAL_InitTick
 .text.NMI_Handler
                0x0000000008001b80        0x6 ./Core/Src/stm32f4xx_it.o
                0x0000000008001b80                NMI_Handler
 .text.HardFault_Handler
                0x0000000008001b86        0x6 ./Core/Src/stm32f4xx_it.o
                0x0000000008001b86                HardFault_Handler
 .text.MemManage_Handler
                0x0000000008001b8c        0x6 ./Core/Src/stm32f4xx_it.o
                0x0000000008001b8c                MemManage_Handler
 .text.BusFault_Handler
                0x0000000008001b92        0x6 ./Core/Src/stm32f4xx_it.o
                0x0000000008001b92                BusFault_Handler
 .text.UsageFault_Handler
                0x0000000008001b98        0x6 ./Core/Src/stm32f4xx_it.o
                0x0000000008001b98                UsageFault_Handler
 .text.DebugMon_Handler
                0x0000000008001b9e        0xe ./Core/Src/stm32f4xx_it.o
                0x0000000008001b9e                DebugMon_Handler
 .text.TIM1_UP_TIM10_IRQHandler
                0x0000000008001bac       0x14 ./Core/Src/stm32f4xx_it.o
                0x0000000008001bac                TIM1_UP_TIM10_IRQHandler
 .text.DMA2_Stream0_IRQHandler
                0x0000000008001bc0       0x14 ./Core/Src/stm32f4xx_it.o
                0x0000000008001bc0                DMA2_Stream0_IRQHandler
 .text.OTG_FS_IRQHandler
                0x0000000008001bd4       0x14 ./Core/Src/stm32f4xx_it.o
                0x0000000008001bd4                OTG_FS_IRQHandler
 .text.SystemInit
                0x0000000008001be8       0x24 ./Core/Src/system_stm32f4xx.o
                0x0000000008001be8                SystemInit
 .text.Reset_Handler
                0x0000000008001c0c       0x50 ./Core/Startup/startup_stm32f411ceux.o
                0x0000000008001c0c                Reset_Handler
 .text.Default_Handler
                0x0000000008001c5c        0x2 ./Core/Startup/startup_stm32f411ceux.o
                0x0000000008001c5c                RTC_Alarm_IRQHandler
                0x0000000008001c5c                EXTI2_IRQHandler
                0x0000000008001c5c                SPI4_IRQHandler
                0x0000000008001c5c                TIM1_CC_IRQHandler
                0x0000000008001c5c                DMA2_Stream5_IRQHandler
                0x0000000008001c5c                DMA1_Stream5_IRQHandler
                0x0000000008001c5c                PVD_IRQHandler
                0x0000000008001c5c                SDIO_IRQHandler
                0x0000000008001c5c                TAMP_STAMP_IRQHandler
                0x0000000008001c5c                EXTI3_IRQHandler
                0x0000000008001c5c                I2C3_ER_IRQHandler
                0x0000000008001c5c                EXTI0_IRQHandler
                0x0000000008001c5c                I2C2_EV_IRQHandler
                0x0000000008001c5c                DMA1_Stream2_IRQHandler
                0x0000000008001c5c                FPU_IRQHandler
                0x0000000008001c5c                DMA2_Stream2_IRQHandler
                0x0000000008001c5c                SPI1_IRQHandler
                0x0000000008001c5c                TIM1_BRK_TIM9_IRQHandler
                0x0000000008001c5c                DMA2_Stream3_IRQHandler
                0x0000000008001c5c                USART6_IRQHandler
                0x0000000008001c5c                TIM4_IRQHandler
                0x0000000008001c5c                I2C1_EV_IRQHandler
                0x0000000008001c5c                DMA1_Stream6_IRQHandler
                0x0000000008001c5c                DMA1_Stream1_IRQHandler
                0x0000000008001c5c                TIM3_IRQHandler
                0x0000000008001c5c                RCC_IRQHandler
                0x0000000008001c5c                Default_Handler
                0x0000000008001c5c                EXTI15_10_IRQHandler
                0x0000000008001c5c                ADC_IRQHandler
                0x0000000008001c5c                DMA1_Stream7_IRQHandler
                0x0000000008001c5c                SPI5_IRQHandler
                0x0000000008001c5c                TIM5_IRQHandler
                0x0000000008001c5c                DMA2_Stream7_IRQHandler
                0x0000000008001c5c                I2C3_EV_IRQHandler
                0x0000000008001c5c                EXTI9_5_IRQHandler
                0x0000000008001c5c                RTC_WKUP_IRQHandler
                0x0000000008001c5c                SPI2_IRQHandler
                0x0000000008001c5c                DMA1_Stream0_IRQHandler
                0x0000000008001c5c                EXTI4_IRQHandler
                0x0000000008001c5c                WWDG_IRQHandler
                0x0000000008001c5c                TIM2_IRQHandler
                0x0000000008001c5c                OTG_FS_WKUP_IRQHandler
                0x0000000008001c5c                TIM1_TRG_COM_TIM11_IRQHandler
                0x0000000008001c5c                EXTI1_IRQHandler
                0x0000000008001c5c                USART2_IRQHandler
                0x0000000008001c5c                I2C2_ER_IRQHandler
                0x0000000008001c5c                DMA2_Stream1_IRQHandler
                0x0000000008001c5c                FLASH_IRQHandler
                0x0000000008001c5c                DMA2_Stream4_IRQHandler
                0x0000000008001c5c                USART1_IRQHandler
                0x0000000008001c5c                SPI3_IRQHandler
                0x0000000008001c5c                DMA1_Stream4_IRQHandler
                0x0000000008001c5c                I2C1_ER_IRQHandler
                0x0000000008001c5c                DMA2_Stream6_IRQHandler
                0x0000000008001c5c                DMA1_Stream3_IRQHandler
 *fill*         0x0000000008001c5e        0x2 
 .text.HAL_Init
                0x0000000008001c60       0x44 ./Drivers/STM32F4xx_HAL_Driver/Src/stm32f4xx_hal.o
                0x0000000008001c60                HAL_Init
 .text.HAL_IncTick
                0x0000000008001ca4       0x28 ./Drivers/STM32F4xx_HAL_Driver/Src/stm32f4xx_hal.o
                0x0000000008001ca4                HAL_IncTick
 .text.HAL_GetTick
                0x0000000008001ccc       0x18 ./Drivers/STM32F4xx_HAL_Driver/Src/stm32f4xx_hal.o
                0x0000000008001ccc                HAL_GetTick
 .text.HAL_Delay
                0x0000000008001ce4       0x48 ./Drivers/STM32F4xx_HAL_Driver/Src/stm32f4xx_hal.o
                0x0000000008001ce4                HAL_Delay
 .text.HAL_ADC_Init
                0x0000000008001d2c       0x86 ./Drivers/STM32F4xx_HAL_Driver/Src/stm32f4xx_hal_adc.o
                0x0000000008001d2c                HAL_ADC_Init
 *fill*         0x0000000008001db2        0x2 
 .text.HAL_ADC_Start_DMA
                0x0000000008001db4      0x1e0 ./Drivers/STM32F4xx_HAL_Driver/Src/stm32f4xx_hal_adc.o
                0x0000000008001db4                HAL_ADC_Start_DMA
 .text.HAL_ADC_ConvHalfCpltCallback
                0x0000000008001f94       0x14 ./Drivers/STM32F4xx_HAL_Driver/Src/stm32f4xx_hal_adc.o
                0x0000000008001f94                HAL_ADC_ConvHalfCpltCallback
 .text.HAL_ADC_ErrorCallback
                0x0000000008001fa8       0x14 ./Drivers/STM32F4xx_HAL_Driver/Src/stm32f4xx_hal_adc.o
                0x0000000008001fa8                HAL_ADC_ErrorCallback
 .text.HAL_ADC_ConfigChannel
                0x0000000008001fbc      0x264 ./Drivers/STM32F4xx_HAL_Driver/Src/stm32f4xx_hal_adc.o
                0x0000000008001fbc                HAL_ADC_ConfigChannel
 .text.ADC_Init
                0x0000000008002220      0x1f8 ./Drivers/STM32F4xx_HAL_Driver/Src/stm32f4xx_hal_adc.o
 .text.ADC_DMAConvCplt
                0x0000000008002418       0xba ./Drivers/STM32F4xx_HAL_Driver/Src/stm32f4xx_hal_adc.o
 .text.ADC_DMAHalfConvCplt
                0x00000000080024d2       0x1c ./Drivers/STM32F4xx_HAL_Driver/Src/stm32f4xx_hal_adc.o
 .text.ADC_DMAError
                0x00000000080024ee       0x2e ./Drivers/STM32F4xx_HAL_Driver/Src/stm32f4xx_hal_adc.o
 .text.__NVIC_SetPriorityGrouping
                0x000000000800251c       0x48 ./Drivers/STM32F4xx_HAL_Driver/Src/stm32f4xx_hal_cortex.o
 .text.__NVIC_GetPriorityGrouping
                0x0000000008002564       0x1c ./Drivers/STM32F4xx_HAL_Driver/Src/stm32f4xx_hal_cortex.o
 .text.__NVIC_EnableIRQ
                0x0000000008002580       0x3c ./Drivers/STM32F4xx_HAL_Driver/Src/stm32f4xx_hal_cortex.o
 .text.__NVIC_SetPriority
                0x00000000080025bc       0x54 ./Drivers/STM32F4xx_HAL_Driver/Src/stm32f4xx_hal_cortex.o
 .text.NVIC_EncodePriority
                0x0000000008002610       0x66 ./Drivers/STM32F4xx_HAL_Driver/Src/stm32f4xx_hal_cortex.o
 .text.HAL_NVIC_SetPriorityGrouping
                0x0000000008002676       0x16 ./Drivers/STM32F4xx_HAL_Driver/Src/stm32f4xx_hal_cortex.o
                0x0000000008002676                HAL_NVIC_SetPriorityGrouping
 .text.HAL_NVIC_SetPriority
                0x000000000800268c       0x38 ./Drivers/STM32F4xx_HAL_Driver/Src/stm32f4xx_hal_cortex.o
                0x000000000800268c                HAL_NVIC_SetPriority
 .text.HAL_NVIC_EnableIRQ
                0x00000000080026c4       0x1c ./Drivers/STM32F4xx_HAL_Driver/Src/stm32f4xx_hal_cortex.o
                0x00000000080026c4                HAL_NVIC_EnableIRQ
 .text.HAL_DMA_Init
                0x00000000080026e0      0x15c ./Drivers/STM32F4xx_HAL_Driver/Src/stm32f4xx_hal_dma.o
                0x00000000080026e0                HAL_DMA_Init
 .text.HAL_DMA_Start_IT
                0x000000000800283c       0xb0 ./Drivers/STM32F4xx_HAL_Driver/Src/stm32f4xx_hal_dma.o
                0x000000000800283c                HAL_DMA_Start_IT
 .text.HAL_DMA_IRQHandler
                0x00000000080028ec      0x314 ./Drivers/STM32F4xx_HAL_Driver/Src/stm32f4xx_hal_dma.o
                0x00000000080028ec                HAL_DMA_IRQHandler
 .text.DMA_SetConfig
                0x0000000008002c00       0x5c ./Drivers/STM32F4xx_HAL_Driver/Src/stm32f4xx_hal_dma.o
 .text.DMA_CalcBaseAndBitshift
                0x0000000008002c5c       0x6c ./Drivers/STM32F4xx_HAL_Driver/Src/stm32f4xx_hal_dma.o
 .text.DMA_CheckFifoParam
                0x0000000008002cc8       0xf8 ./Drivers/STM32F4xx_HAL_Driver/Src/stm32f4xx_hal_dma.o
 .text.HAL_GPIO_Init
                0x0000000008002dc0      0x308 ./Drivers/STM32F4xx_HAL_Driver/Src/stm32f4xx_hal_gpio.o
                0x0000000008002dc0                HAL_GPIO_Init
 .text.HAL_GPIO_WritePin
                0x00000000080030c8       0x32 ./Drivers/STM32F4xx_HAL_Driver/Src/stm32f4xx_hal_gpio.o
                0x00000000080030c8                HAL_GPIO_WritePin
 .text.HAL_GPIO_TogglePin
                0x00000000080030fa       0x34 ./Drivers/STM32F4xx_HAL_Driver/Src/stm32f4xx_hal_gpio.o
                0x00000000080030fa                HAL_GPIO_TogglePin
 .text.HAL_PCD_Init
                0x000000000800312e      0x23a ./Drivers/STM32F4xx_HAL_Driver/Src/stm32f4xx_hal_pcd.o
                0x000000000800312e                HAL_PCD_Init
 .text.HAL_PCD_Start
                0x0000000008003368       0x66 ./Drivers/STM32F4xx_HAL_Driver/Src/stm32f4xx_hal_pcd.o
                0x0000000008003368                HAL_PCD_Start
 .text.HAL_PCD_IRQHandler
                0x00000000080033ce      0x93e ./Drivers/STM32F4xx_HAL_Driver/Src/stm32f4xx_hal_pcd.o
                0x00000000080033ce                HAL_PCD_IRQHandler
 .text.HAL_PCD_SetAddress
                0x0000000008003d0c       0x4a ./Drivers/STM32F4xx_HAL_Driver/Src/stm32f4xx_hal_pcd.o
                0x0000000008003d0c                HAL_PCD_SetAddress
 .text.HAL_PCD_EP_Open
                0x0000000008003d56       0xd0 ./Drivers/STM32F4xx_HAL_Driver/Src/stm32f4xx_hal_pcd.o
                0x0000000008003d56                HAL_PCD_EP_Open
 .text.HAL_PCD_EP_Close
                0x0000000008003e26       0x94 ./Drivers/STM32F4xx_HAL_Driver/Src/stm32f4xx_hal_pcd.o
                0x0000000008003e26                HAL_PCD_EP_Close
 .text.HAL_PCD_EP_Receive
                0x0000000008003eba       0x96 ./Drivers/STM32F4xx_HAL_Driver/Src/stm32f4xx_hal_pcd.o
                0x0000000008003eba                HAL_PCD_EP_Receive
 .text.HAL_PCD_EP_Transmit
                0x0000000008003f50       0x94 ./Drivers/STM32F4xx_HAL_Driver/Src/stm32f4xx_hal_pcd.o
                0x0000000008003f50                HAL_PCD_EP_Transmit
 .text.HAL_PCD_EP_SetStall
                0x0000000008003fe4       0xc8 ./Drivers/STM32F4xx_HAL_Driver/Src/stm32f4xx_hal_pcd.o
                0x0000000008003fe4                HAL_PCD_EP_SetStall
 .text.HAL_PCD_EP_ClrStall
                0x00000000080040ac       0xac ./Drivers/STM32F4xx_HAL_Driver/Src/stm32f4xx_hal_pcd.o
                0x00000000080040ac                HAL_PCD_EP_ClrStall
 .text.HAL_PCD_EP_Abort
                0x0000000008004158       0x62 ./Drivers/STM32F4xx_HAL_Driver/Src/stm32f4xx_hal_pcd.o
                0x0000000008004158                HAL_PCD_EP_Abort
 .text.PCD_WriteEmptyTxFifo
                0x00000000080041ba      0x11a ./Drivers/STM32F4xx_HAL_Driver/Src/stm32f4xx_hal_pcd.o
 .text.PCD_EP_OutXfrComplete_int
                0x00000000080042d4      0x1d0 ./Drivers/STM32F4xx_HAL_Driver/Src/stm32f4xx_hal_pcd.o
 .text.PCD_EP_OutSetupPacket_int
                0x00000000080044a4       0x8c ./Drivers/STM32F4xx_HAL_Driver/Src/stm32f4xx_hal_pcd.o
 .text.HAL_PCDEx_SetTxFiFo
                0x0000000008004530       0x8e ./Drivers/STM32F4xx_HAL_Driver/Src/stm32f4xx_hal_pcd_ex.o
                0x0000000008004530                HAL_PCDEx_SetTxFiFo
 .text.HAL_PCDEx_SetRxFiFo
                0x00000000080045be       0x22 ./Drivers/STM32F4xx_HAL_Driver/Src/stm32f4xx_hal_pcd_ex.o
                0x00000000080045be                HAL_PCDEx_SetRxFiFo
 .text.HAL_PCDEx_LPM_Callback
                0x00000000080045e0       0x18 ./Drivers/STM32F4xx_HAL_Driver/Src/stm32f4xx_hal_pcd_ex.o
                0x00000000080045e0                HAL_PCDEx_LPM_Callback
 .text.HAL_RCC_OscConfig
                0x00000000080045f8      0x4f0 ./Drivers/STM32F4xx_HAL_Driver/Src/stm32f4xx_hal_rcc.o
                0x00000000080045f8                HAL_RCC_OscConfig
 .text.HAL_RCC_ClockConfig
                0x0000000008004ae8      0x1cc ./Drivers/STM32F4xx_HAL_Driver/Src/stm32f4xx_hal_rcc.o
                0x0000000008004ae8                HAL_RCC_ClockConfig
 .text.HAL_RCC_GetSysClockFreq
                0x0000000008004cb4      0x18c ./Drivers/STM32F4xx_HAL_Driver/Src/stm32f4xx_hal_rcc.o
                0x0000000008004cb4                HAL_RCC_GetSysClockFreq
 .text.HAL_RCC_GetHCLKFreq
                0x0000000008004e40       0x18 ./Drivers/STM32F4xx_HAL_Driver/Src/stm32f4xx_hal_rcc.o
                0x0000000008004e40                HAL_RCC_GetHCLKFreq
 .text.HAL_RCC_GetPCLK2Freq
                0x0000000008004e58       0x28 ./Drivers/STM32F4xx_HAL_Driver/Src/stm32f4xx_hal_rcc.o
                0x0000000008004e58                HAL_RCC_GetPCLK2Freq
 .text.HAL_RCC_GetClockConfig
                0x0000000008004e80       0x64 ./Drivers/STM32F4xx_HAL_Driver/Src/stm32f4xx_hal_rcc.o
                0x0000000008004e80                HAL_RCC_GetClockConfig
 .text.HAL_TIM_Base_Init
                0x0000000008004ee4       0x9e ./Drivers/STM32F4xx_HAL_Driver/Src/stm32f4xx_hal_tim.o
                0x0000000008004ee4                HAL_TIM_Base_Init
 .text.HAL_TIM_Base_MspInit
                0x0000000008004f82       0x14 ./Drivers/STM32F4xx_HAL_Driver/Src/stm32f4xx_hal_tim.o
                0x0000000008004f82                HAL_TIM_Base_MspInit
 *fill*         0x0000000008004f96        0x2 
 .text.HAL_TIM_Base_Start_IT
                0x0000000008004f98       0xc4 ./Drivers/STM32F4xx_HAL_Driver/Src/stm32f4xx_hal_tim.o
                0x0000000008004f98                HAL_TIM_Base_Start_IT
 .text.HAL_TIM_IRQHandler
                0x000000000800505c      0x210 ./Drivers/STM32F4xx_HAL_Driver/Src/stm32f4xx_hal_tim.o
                0x000000000800505c                HAL_TIM_IRQHandler
 .text.HAL_TIM_OC_DelayElapsedCallback
                0x000000000800526c       0x14 ./Drivers/STM32F4xx_HAL_Driver/Src/stm32f4xx_hal_tim.o
                0x000000000800526c                HAL_TIM_OC_DelayElapsedCallback
 .text.HAL_TIM_IC_CaptureCallback
                0x0000000008005280       0x14 ./Drivers/STM32F4xx_HAL_Driver/Src/stm32f4xx_hal_tim.o
                0x0000000008005280                HAL_TIM_IC_CaptureCallback
 .text.HAL_TIM_PWM_PulseFinishedCallback
                0x0000000008005294       0x14 ./Drivers/STM32F4xx_HAL_Driver/Src/stm32f4xx_hal_tim.o
                0x0000000008005294                HAL_TIM_PWM_PulseFinishedCallback
 .text.HAL_TIM_TriggerCallback
                0x00000000080052a8       0x14 ./Drivers/STM32F4xx_HAL_Driver/Src/stm32f4xx_hal_tim.o
                0x00000000080052a8                HAL_TIM_TriggerCallback
 .text.TIM_Base_SetConfig
                0x00000000080052bc      0x100 ./Drivers/STM32F4xx_HAL_Driver/Src/stm32f4xx_hal_tim.o
                0x00000000080052bc                TIM_Base_SetConfig
 .text.HAL_TIMEx_CommutCallback
                0x00000000080053bc       0x14 ./Drivers/STM32F4xx_HAL_Driver/Src/stm32f4xx_hal_tim_ex.o
                0x00000000080053bc                HAL_TIMEx_CommutCallback
 .text.HAL_TIMEx_BreakCallback
                0x00000000080053d0       0x14 ./Drivers/STM32F4xx_HAL_Driver/Src/stm32f4xx_hal_tim_ex.o
                0x00000000080053d0                HAL_TIMEx_BreakCallback
 .text.USB_CoreInit
                0x00000000080053e4       0xc2 ./Drivers/STM32F4xx_HAL_Driver/Src/stm32f4xx_ll_usb.o
                0x00000000080053e4                USB_CoreInit
 *fill*         0x00000000080054a6        0x2 
 .text.USB_SetTurnaroundTime
                0x00000000080054a8      0x144 ./Drivers/STM32F4xx_HAL_Driver/Src/stm32f4xx_ll_usb.o
                0x00000000080054a8                USB_SetTurnaroundTime
 .text.USB_EnableGlobalInt
                0x00000000080055ec       0x22 ./Drivers/STM32F4xx_HAL_Driver/Src/stm32f4xx_ll_usb.o
                0x00000000080055ec                USB_EnableGlobalInt
 .text.USB_DisableGlobalInt
                0x000000000800560e       0x22 ./Drivers/STM32F4xx_HAL_Driver/Src/stm32f4xx_ll_usb.o
                0x000000000800560e                USB_DisableGlobalInt
 .text.USB_SetCurrentMode
                0x0000000008005630       0x98 ./Drivers/STM32F4xx_HAL_Driver/Src/stm32f4xx_ll_usb.o
                0x0000000008005630                USB_SetCurrentMode
 .text.USB_DevInit
                0x00000000080056c8      0x2c8 ./Drivers/STM32F4xx_HAL_Driver/Src/stm32f4xx_ll_usb.o
                0x00000000080056c8                USB_DevInit
 .text.USB_FlushTxFifo
                0x0000000008005990       0x68 ./Drivers/STM32F4xx_HAL_Driver/Src/stm32f4xx_ll_usb.o
                0x0000000008005990                USB_FlushTxFifo
 .text.USB_FlushRxFifo
                0x00000000080059f8       0x60 ./Drivers/STM32F4xx_HAL_Driver/Src/stm32f4xx_ll_usb.o
                0x00000000080059f8                USB_FlushRxFifo
 .text.USB_SetDevSpeed
                0x0000000008005a58       0x32 ./Drivers/STM32F4xx_HAL_Driver/Src/stm32f4xx_ll_usb.o
                0x0000000008005a58                USB_SetDevSpeed
 .text.USB_GetDevSpeed
                0x0000000008005a8a       0x4a ./Drivers/STM32F4xx_HAL_Driver/Src/stm32f4xx_ll_usb.o
                0x0000000008005a8a                USB_GetDevSpeed
 .text.USB_ActivateEndpoint
                0x0000000008005ad4      0x10e ./Drivers/STM32F4xx_HAL_Driver/Src/stm32f4xx_ll_usb.o
                0x0000000008005ad4                USB_ActivateEndpoint
 *fill*         0x0000000008005be2        0x2 
 .text.USB_DeactivateEndpoint
                0x0000000008005be4      0x1b8 ./Drivers/STM32F4xx_HAL_Driver/Src/stm32f4xx_ll_usb.o
                0x0000000008005be4                USB_DeactivateEndpoint
 .text.USB_EPStartXfer
                0x0000000008005d9c      0x490 ./Drivers/STM32F4xx_HAL_Driver/Src/stm32f4xx_ll_usb.o
                0x0000000008005d9c                USB_EPStartXfer
 .text.USB_EP0StartXfer
                0x000000000800622c      0x2b0 ./Drivers/STM32F4xx_HAL_Driver/Src/stm32f4xx_ll_usb.o
                0x000000000800622c                USB_EP0StartXfer
 .text.USB_EPStopXfer
                0x00000000080064dc      0x154 ./Drivers/STM32F4xx_HAL_Driver/Src/stm32f4xx_ll_usb.o
                0x00000000080064dc                USB_EPStopXfer
 .text.USB_WritePacket
                0x0000000008006630       0x7c ./Drivers/STM32F4xx_HAL_Driver/Src/stm32f4xx_ll_usb.o
                0x0000000008006630                USB_WritePacket
 .text.USB_ReadPacket
                0x00000000080066ac       0xb0 ./Drivers/STM32F4xx_HAL_Driver/Src/stm32f4xx_ll_usb.o
                0x00000000080066ac                USB_ReadPacket
 .text.USB_EPSetStall
                0x000000000800675c       0xdc ./Drivers/STM32F4xx_HAL_Driver/Src/stm32f4xx_ll_usb.o
                0x000000000800675c                USB_EPSetStall
 .text.USB_EPClearStall
                0x0000000008006838       0xcc ./Drivers/STM32F4xx_HAL_Driver/Src/stm32f4xx_ll_usb.o
                0x0000000008006838                USB_EPClearStall
 .text.USB_SetDevAddress
                0x0000000008006904       0x4c ./Drivers/STM32F4xx_HAL_Driver/Src/stm32f4xx_ll_usb.o
                0x0000000008006904                USB_SetDevAddress
 .text.USB_DevConnect
                0x0000000008006950       0x42 ./Drivers/STM32F4xx_HAL_Driver/Src/stm32f4xx_ll_usb.o
                0x0000000008006950                USB_DevConnect
 .text.USB_DevDisconnect
                0x0000000008006992       0x42 ./Drivers/STM32F4xx_HAL_Driver/Src/stm32f4xx_ll_usb.o
                0x0000000008006992                USB_DevDisconnect
 .text.USB_ReadInterrupts
                0x00000000080069d4       0x26 ./Drivers/STM32F4xx_HAL_Driver/Src/stm32f4xx_ll_usb.o
                0x00000000080069d4                USB_ReadInterrupts
 .text.USB_ReadDevAllOutEpInterrupt
                0x00000000080069fa       0x34 ./Drivers/STM32F4xx_HAL_Driver/Src/stm32f4xx_ll_usb.o
                0x00000000080069fa                USB_ReadDevAllOutEpInterrupt
 .text.USB_ReadDevAllInEpInterrupt
                0x0000000008006a2e       0x34 ./Drivers/STM32F4xx_HAL_Driver/Src/stm32f4xx_ll_usb.o
                0x0000000008006a2e                USB_ReadDevAllInEpInterrupt
 .text.USB_ReadDevOutEPInterrupt
                0x0000000008006a62       0x3c ./Drivers/STM32F4xx_HAL_Driver/Src/stm32f4xx_ll_usb.o
                0x0000000008006a62                USB_ReadDevOutEPInterrupt
 .text.USB_ReadDevInEPInterrupt
                0x0000000008006a9e       0x5c ./Drivers/STM32F4xx_HAL_Driver/Src/stm32f4xx_ll_usb.o
                0x0000000008006a9e                USB_ReadDevInEPInterrupt
 .text.USB_GetMode
                0x0000000008006afa       0x1c ./Drivers/STM32F4xx_HAL_Driver/Src/stm32f4xx_ll_usb.o
                0x0000000008006afa                USB_GetMode
 .text.USB_ActivateSetup
                0x0000000008006b16       0x46 ./Drivers/STM32F4xx_HAL_Driver/Src/stm32f4xx_ll_usb.o
                0x0000000008006b16                USB_ActivateSetup
 .text.USB_EP0_OutStart
                0x0000000008006b5c       0xbc ./Drivers/STM32F4xx_HAL_Driver/Src/stm32f4xx_ll_usb.o
                0x0000000008006b5c                USB_EP0_OutStart
 .text.USB_CoreReset
                0x0000000008006c18       0x68 ./Drivers/STM32F4xx_HAL_Driver/Src/stm32f4xx_ll_usb.o
 .text.USBD_CUSTOM_HID_Init
                0x0000000008006c80      0x154 ./Middlewares/ST/STM32_USB_Device_Library/Class/CustomHID/Src/usbd_customhid.o
 .text.USBD_CUSTOM_HID_DeInit
                0x0000000008006dd4       0xf4 ./Middlewares/ST/STM32_USB_Device_Library/Class/CustomHID/Src/usbd_customhid.o
 .text.USBD_CUSTOM_HID_Setup
                0x0000000008006ec8      0x234 ./Middlewares/ST/STM32_USB_Device_Library/Class/CustomHID/Src/usbd_customhid.o
 .text.USBD_CUSTOM_HID_SendReport
                0x00000000080070fc       0x70 ./Middlewares/ST/STM32_USB_Device_Library/Class/CustomHID/Src/usbd_customhid.o
                0x00000000080070fc                USBD_CUSTOM_HID_SendReport
 .text.USBD_CUSTOM_HID_GetFSCfgDesc
                0x000000000800716c       0x64 ./Middlewares/ST/STM32_USB_Device_Library/Class/CustomHID/Src/usbd_customhid.o
 .text.USBD_CUSTOM_HID_GetHSCfgDesc
                0x00000000080071d0       0x64 ./Middlewares/ST/STM32_USB_Device_Library/Class/CustomHID/Src/usbd_customhid.o
 .text.USBD_CUSTOM_HID_GetOtherSpeedCfgDesc
                0x0000000008007234       0x64 ./Middlewares/ST/STM32_USB_Device_Library/Class/CustomHID/Src/usbd_customhid.o
 .text.USBD_CUSTOM_HID_DataIn
                0x0000000008007298       0x2c ./Middlewares/ST/STM32_USB_Device_Library/Class/CustomHID/Src/usbd_customhid.o
 .text.USBD_CUSTOM_HID_DataOut
                0x00000000080072c4       0x5a ./Middlewares/ST/STM32_USB_Device_Library/Class/CustomHID/Src/usbd_customhid.o
 *fill*         0x000000000800731e        0x2 
 .text.USBD_CUSTOM_HID_ReceivePacket
                0x0000000008007320       0x4c ./Middlewares/ST/STM32_USB_Device_Library/Class/CustomHID/Src/usbd_customhid.o
                0x0000000008007320                USBD_CUSTOM_HID_ReceivePacket
 .text.USBD_CUSTOM_HID_EP0_RxReady
                0x000000000800736c       0x58 ./Middlewares/ST/STM32_USB_Device_Library/Class/CustomHID/Src/usbd_customhid.o
 .text.USBD_CUSTOM_HID_GetDeviceQualifierDesc
                0x00000000080073c4       0x20 ./Middlewares/ST/STM32_USB_Device_Library/Class/CustomHID/Src/usbd_customhid.o
 .text.USBD_CUSTOM_HID_RegisterInterface
                0x00000000080073e4       0x34 ./Middlewares/ST/STM32_USB_Device_Library/Class/CustomHID/Src/usbd_customhid.o
                0x00000000080073e4                USBD_CUSTOM_HID_RegisterInterface
 .text.USBD_Init
                0x0000000008007418       0x60 ./Middlewares/ST/STM32_USB_Device_Library/Core/Src/usbd_core.o
                0x0000000008007418                USBD_Init
 .text.USBD_RegisterClass
                0x0000000008007478       0x6c ./Middlewares/ST/STM32_USB_Device_Library/Core/Src/usbd_core.o
                0x0000000008007478                USBD_RegisterClass
 .text.USBD_Start
                0x00000000080074e4       0x18 ./Middlewares/ST/STM32_USB_Device_Library/Core/Src/usbd_core.o
                0x00000000080074e4                USBD_Start
 .text.USBD_RunTestMode
                0x00000000080074fc       0x16 ./Middlewares/ST/STM32_USB_Device_Library/Core/Src/usbd_core.o
                0x00000000080074fc                USBD_RunTestMode
 .text.USBD_SetClassConfig
                0x0000000008007512       0x38 ./Middlewares/ST/STM32_USB_Device_Library/Core/Src/usbd_core.o
                0x0000000008007512                USBD_SetClassConfig
 .text.USBD_ClrClassConfig
                0x000000000800754a       0x34 ./Middlewares/ST/STM32_USB_Device_Library/Core/Src/usbd_core.o
                0x000000000800754a                USBD_ClrClassConfig
 .text.USBD_LL_SetupStage
                0x000000000800757e       0xaa ./Middlewares/ST/STM32_USB_Device_Library/Core/Src/usbd_core.o
                0x000000000800757e                USBD_LL_SetupStage
 .text.USBD_LL_DataOutStage
                0x0000000008007628      0x166 ./Middlewares/ST/STM32_USB_Device_Library/Core/Src/usbd_core.o
                0x0000000008007628                USBD_LL_DataOutStage
 .text.USBD_LL_DataInStage
                0x000000000800778e      0x164 ./Middlewares/ST/STM32_USB_Device_Library/Core/Src/usbd_core.o
                0x000000000800778e                USBD_LL_DataInStage
 .text.USBD_LL_Reset
                0x00000000080078f2       0xa4 ./Middlewares/ST/STM32_USB_Device_Library/Core/Src/usbd_core.o
                0x00000000080078f2                USBD_LL_Reset
 .text.USBD_LL_SetSpeed
                0x0000000008007996       0x20 ./Middlewares/ST/STM32_USB_Device_Library/Core/Src/usbd_core.o
                0x0000000008007996                USBD_LL_SetSpeed
 .text.USBD_LL_Suspend
                0x00000000080079b6       0x2c ./Middlewares/ST/STM32_USB_Device_Library/Core/Src/usbd_core.o
                0x00000000080079b6                USBD_LL_Suspend
 .text.USBD_LL_Resume
                0x00000000080079e2       0x30 ./Middlewares/ST/STM32_USB_Device_Library/Core/Src/usbd_core.o
                0x00000000080079e2                USBD_LL_Resume
 .text.USBD_LL_SOF
                0x0000000008007a12       0x40 ./Middlewares/ST/STM32_USB_Device_Library/Core/Src/usbd_core.o
                0x0000000008007a12                USBD_LL_SOF
 .text.USBD_LL_IsoINIncomplete
                0x0000000008007a52       0x64 ./Middlewares/ST/STM32_USB_Device_Library/Core/Src/usbd_core.o
                0x0000000008007a52                USBD_LL_IsoINIncomplete
 .text.USBD_LL_IsoOUTIncomplete
                0x0000000008007ab6       0x64 ./Middlewares/ST/STM32_USB_Device_Library/Core/Src/usbd_core.o
                0x0000000008007ab6                USBD_LL_IsoOUTIncomplete
 .text.USBD_LL_DevConnected
                0x0000000008007b1a       0x16 ./Middlewares/ST/STM32_USB_Device_Library/Core/Src/usbd_core.o
                0x0000000008007b1a                USBD_LL_DevConnected
 .text.USBD_LL_DevDisconnected
                0x0000000008007b30       0x46 ./Middlewares/ST/STM32_USB_Device_Library/Core/Src/usbd_core.o
                0x0000000008007b30                USBD_LL_DevDisconnected
 .text.USBD_CoreFindIF
                0x0000000008007b76       0x1a ./Middlewares/ST/STM32_USB_Device_Library/Core/Src/usbd_core.o
                0x0000000008007b76                USBD_CoreFindIF
 .text.USBD_CoreFindEP
                0x0000000008007b90       0x1a ./Middlewares/ST/STM32_USB_Device_Library/Core/Src/usbd_core.o
                0x0000000008007b90                USBD_CoreFindEP
 .text.USBD_GetEpDesc
                0x0000000008007baa       0x74 ./Middlewares/ST/STM32_USB_Device_Library/Core/Src/usbd_core.o
                0x0000000008007baa                USBD_GetEpDesc
 .text.USBD_GetNextDesc
                0x0000000008007c1e       0x3a ./Middlewares/ST/STM32_USB_Device_Library/Core/Src/usbd_core.o
                0x0000000008007c1e                USBD_GetNextDesc
 .text.SWAPBYTE
                0x0000000008007c58       0x3c ./Middlewares/ST/STM32_USB_Device_Library/Core/Src/usbd_ctlreq.o
 .text.USBD_StdDevReq
                0x0000000008007c94       0xe4 ./Middlewares/ST/STM32_USB_Device_Library/Core/Src/usbd_ctlreq.o
                0x0000000008007c94                USBD_StdDevReq
 .text.USBD_StdItfReq
                0x0000000008007d78       0xd8 ./Middlewares/ST/STM32_USB_Device_Library/Core/Src/usbd_ctlreq.o
                0x0000000008007d78                USBD_StdItfReq
 .text.USBD_StdEPReq
                0x0000000008007e50      0x33a ./Middlewares/ST/STM32_USB_Device_Library/Core/Src/usbd_ctlreq.o
                0x0000000008007e50                USBD_StdEPReq
 *fill*         0x000000000800818a        0x2 
 .text.USBD_GetDescriptor
                0x000000000800818c      0x2d4 ./Middlewares/ST/STM32_USB_Device_Library/Core/Src/usbd_ctlreq.o
 .text.USBD_SetAddress
                0x0000000008008460       0x88 ./Middlewares/ST/STM32_USB_Device_Library/Core/Src/usbd_ctlreq.o
 .text.USBD_SetConfig
                0x00000000080084e8      0x154 ./Middlewares/ST/STM32_USB_Device_Library/Core/Src/usbd_ctlreq.o
 .text.USBD_GetConfig
                0x000000000800863c       0x6c ./Middlewares/ST/STM32_USB_Device_Library/Core/Src/usbd_ctlreq.o
 .text.USBD_GetStatus
                0x00000000080086a8       0x68 ./Middlewares/ST/STM32_USB_Device_Library/Core/Src/usbd_ctlreq.o
 .text.USBD_SetFeature
                0x0000000008008710       0x52 ./Middlewares/ST/STM32_USB_Device_Library/Core/Src/usbd_ctlreq.o
 .text.USBD_ClrFeature
                0x0000000008008762       0x44 ./Middlewares/ST/STM32_USB_Device_Library/Core/Src/usbd_ctlreq.o
 .text.USBD_ParseSetupRequest
                0x00000000080087a6       0x74 ./Middlewares/ST/STM32_USB_Device_Library/Core/Src/usbd_ctlreq.o
                0x00000000080087a6                USBD_ParseSetupRequest
 .text.USBD_CtlError
                0x000000000800881a       0x22 ./Middlewares/ST/STM32_USB_Device_Library/Core/Src/usbd_ctlreq.o
                0x000000000800881a                USBD_CtlError
 .text.USBD_GetString
                0x000000000800883c       0x8c ./Middlewares/ST/STM32_USB_Device_Library/Core/Src/usbd_ctlreq.o
                0x000000000800883c                USBD_GetString
 .text.USBD_GetLen
                0x00000000080088c8       0x34 ./Middlewares/ST/STM32_USB_Device_Library/Core/Src/usbd_ctlreq.o
 .text.USBD_CtlSendData
                0x00000000080088fc       0x36 ./Middlewares/ST/STM32_USB_Device_Library/Core/Src/usbd_ioreq.o
                0x00000000080088fc                USBD_CtlSendData
 .text.USBD_CtlContinueSendData
                0x0000000008008932       0x22 ./Middlewares/ST/STM32_USB_Device_Library/Core/Src/usbd_ioreq.o
                0x0000000008008932                USBD_CtlContinueSendData
 .text.USBD_CtlPrepareRx
                0x0000000008008954       0x3a ./Middlewares/ST/STM32_USB_Device_Library/Core/Src/usbd_ioreq.o
                0x0000000008008954                USBD_CtlPrepareRx
 .text.USBD_CtlContinueRx
                0x000000000800898e       0x22 ./Middlewares/ST/STM32_USB_Device_Library/Core/Src/usbd_ioreq.o
                0x000000000800898e                USBD_CtlContinueRx
 .text.USBD_CtlSendStatus
                0x00000000080089b0       0x26 ./Middlewares/ST/STM32_USB_Device_Library/Core/Src/usbd_ioreq.o
                0x00000000080089b0                USBD_CtlSendStatus
 .text.USBD_CtlReceiveStatus
                0x00000000080089d6       0x26 ./Middlewares/ST/STM32_USB_Device_Library/Core/Src/usbd_ioreq.o
                0x00000000080089d6                USBD_CtlReceiveStatus
 .text.__NVIC_SetPriority
                0x00000000080089fc       0x54 ./Middlewares/Third_Party/FreeRTOS/Source/CMSIS_RTOS_V2/cmsis_os2.o
 .text.SysTick_Handler
                0x0000000008008a50       0x20 ./Middlewares/Third_Party/FreeRTOS/Source/CMSIS_RTOS_V2/cmsis_os2.o
                0x0000000008008a50                SysTick_Handler
 .text.SVC_Setup
                0x0000000008008a70       0x12 ./Middlewares/Third_Party/FreeRTOS/Source/CMSIS_RTOS_V2/cmsis_os2.o
 *fill*         0x0000000008008a82        0x2 
 .text.osKernelInitialize
                0x0000000008008a84       0x48 ./Middlewares/Third_Party/FreeRTOS/Source/CMSIS_RTOS_V2/cmsis_os2.o
                0x0000000008008a84                osKernelInitialize
 .text.osKernelStart
                0x0000000008008acc       0x4c ./Middlewares/Third_Party/FreeRTOS/Source/CMSIS_RTOS_V2/cmsis_os2.o
                0x0000000008008acc                osKernelStart
 .text.osThreadNew
                0x0000000008008b18      0x124 ./Middlewares/Third_Party/FreeRTOS/Source/CMSIS_RTOS_V2/cmsis_os2.o
                0x0000000008008b18                osThreadNew
 .text.osDelay  0x0000000008008c3c       0x36 ./Middlewares/Third_Party/FreeRTOS/Source/CMSIS_RTOS_V2/cmsis_os2.o
                0x0000000008008c3c                osDelay
 .text.TimerCallback
                0x0000000008008c72       0x2a ./Middlewares/Third_Party/FreeRTOS/Source/CMSIS_RTOS_V2/cmsis_os2.o
 .text.osTimerNew
                0x0000000008008c9c       0xf8 ./Middlewares/Third_Party/FreeRTOS/Source/CMSIS_RTOS_V2/cmsis_os2.o
                0x0000000008008c9c                osTimerNew
 .text.osTimerStart
                0x0000000008008d94       0x5c ./Middlewares/Third_Party/FreeRTOS/Source/CMSIS_RTOS_V2/cmsis_os2.o
                0x0000000008008d94                osTimerStart
 .text.osTimerStop
                0x0000000008008df0       0x6e ./Middlewares/Third_Party/FreeRTOS/Source/CMSIS_RTOS_V2/cmsis_os2.o
                0x0000000008008df0                osTimerStop
 *fill*         0x0000000008008e5e        0x2 
 .text.vApplicationGetIdleTaskMemory
                0x0000000008008e60       0x34 ./Middlewares/Third_Party/FreeRTOS/Source/CMSIS_RTOS_V2/cmsis_os2.o
                0x0000000008008e60                vApplicationGetIdleTaskMemory
 .text.vApplicationGetTimerTaskMemory
                0x0000000008008e94       0x34 ./Middlewares/Third_Party/FreeRTOS/Source/CMSIS_RTOS_V2/cmsis_os2.o
                0x0000000008008e94                vApplicationGetTimerTaskMemory
 .text.vListInitialise
                0x0000000008008ec8       0x40 ./Middlewares/Third_Party/FreeRTOS/Source/list.o
                0x0000000008008ec8                vListInitialise
 .text.vListInitialiseItem
                0x0000000008008f08       0x1a ./Middlewares/Third_Party/FreeRTOS/Source/list.o
                0x0000000008008f08                vListInitialiseItem
 .text.vListInsertEnd
                0x0000000008008f22       0x48 ./Middlewares/Third_Party/FreeRTOS/Source/list.o
                0x0000000008008f22                vListInsertEnd
 .text.vListInsert
                0x0000000008008f6a       0x72 ./Middlewares/Third_Party/FreeRTOS/Source/list.o
                0x0000000008008f6a                vListInsert
 .text.uxListRemove
                0x0000000008008fdc       0x54 ./Middlewares/Third_Party/FreeRTOS/Source/list.o
                0x0000000008008fdc                uxListRemove
 .text.xQueueGenericReset
                0x0000000008009030       0xd0 ./Middlewares/Third_Party/FreeRTOS/Source/queue.o
                0x0000000008009030                xQueueGenericReset
 .text.xQueueGenericCreateStatic
                0x0000000008009100       0xf0 ./Middlewares/Third_Party/FreeRTOS/Source/queue.o
                0x0000000008009100                xQueueGenericCreateStatic
 .text.prvInitialiseNewQueue
                0x00000000080091f0       0x46 ./Middlewares/Third_Party/FreeRTOS/Source/queue.o
 *fill*         0x0000000008009236        0x2 
 .text.xQueueGenericSend
                0x0000000008009238      0x1fc ./Middlewares/Third_Party/FreeRTOS/Source/queue.o
                0x0000000008009238                xQueueGenericSend
 .text.xQueueGenericSendFromISR
                0x0000000008009434      0x136 ./Middlewares/Third_Party/FreeRTOS/Source/queue.o
                0x0000000008009434                xQueueGenericSendFromISR
 *fill*         0x000000000800956a        0x2 
 .text.xQueueReceive
                0x000000000800956c      0x1c0 ./Middlewares/Third_Party/FreeRTOS/Source/queue.o
                0x000000000800956c                xQueueReceive
 .text.prvCopyDataToQueue
                0x000000000800972c       0xd4 ./Middlewares/Third_Party/FreeRTOS/Source/queue.o
 .text.prvCopyDataFromQueue
                0x0000000008009800       0x4c ./Middlewares/Third_Party/FreeRTOS/Source/queue.o
 .text.prvUnlockQueue
                0x000000000800984c       0xa4 ./Middlewares/Third_Party/FreeRTOS/Source/queue.o
 .text.prvIsQueueEmpty
                0x00000000080098f0       0x2c ./Middlewares/Third_Party/FreeRTOS/Source/queue.o
 .text.prvIsQueueFull
                0x000000000800991c       0x30 ./Middlewares/Third_Party/FreeRTOS/Source/queue.o
 .text.vQueueAddToRegistry
                0x000000000800994c       0x54 ./Middlewares/Third_Party/FreeRTOS/Source/queue.o
                0x000000000800994c                vQueueAddToRegistry
 .text.vQueueWaitForMessageRestricted
                0x00000000080099a0       0x68 ./Middlewares/Third_Party/FreeRTOS/Source/queue.o
                0x00000000080099a0                vQueueWaitForMessageRestricted
 .text.xTaskCreateStatic
                0x0000000008009a08       0xba ./Middlewares/Third_Party/FreeRTOS/Source/tasks.o
                0x0000000008009a08                xTaskCreateStatic
 .text.xTaskCreate
                0x0000000008009ac2       0x8a ./Middlewares/Third_Party/FreeRTOS/Source/tasks.o
                0x0000000008009ac2                xTaskCreate
 .text.prvInitialiseNewTask
                0x0000000008009b4c      0x14c ./Middlewares/Third_Party/FreeRTOS/Source/tasks.o
 .text.prvAddNewTaskToReadyList
                0x0000000008009c98       0xe0 ./Middlewares/Third_Party/FreeRTOS/Source/tasks.o
 .text.vTaskDelay
                0x0000000008009d78       0x68 ./Middlewares/Third_Party/FreeRTOS/Source/tasks.o
                0x0000000008009d78                vTaskDelay
 .text.vTaskStartScheduler
                0x0000000008009de0       0xe0 ./Middlewares/Third_Party/FreeRTOS/Source/tasks.o
                0x0000000008009de0                vTaskStartScheduler
 .text.vTaskSuspendAll
                0x0000000008009ec0       0x1c ./Middlewares/Third_Party/FreeRTOS/Source/tasks.o
                0x0000000008009ec0                vTaskSuspendAll
 .text.xTaskResumeAll
                0x0000000008009edc      0x13c ./Middlewares/Third_Party/FreeRTOS/Source/tasks.o
                0x0000000008009edc                xTaskResumeAll
 .text.xTaskGetTickCount
                0x000000000800a018       0x20 ./Middlewares/Third_Party/FreeRTOS/Source/tasks.o
                0x000000000800a018                xTaskGetTickCount
 .text.xTaskIncrementTick
                0x000000000800a038      0x174 ./Middlewares/Third_Party/FreeRTOS/Source/tasks.o
                0x000000000800a038                xTaskIncrementTick
 .text.vTaskSwitchContext
                0x000000000800a1ac       0xc8 ./Middlewares/Third_Party/FreeRTOS/Source/tasks.o
                0x000000000800a1ac                vTaskSwitchContext
 .text.vTaskPlaceOnEventList
                0x000000000800a274       0x48 ./Middlewares/Third_Party/FreeRTOS/Source/tasks.o
                0x000000000800a274                vTaskPlaceOnEventList
 .text.vTaskPlaceOnEventListRestricted
                0x000000000800a2bc       0x58 ./Middlewares/Third_Party/FreeRTOS/Source/tasks.o
                0x000000000800a2bc                vTaskPlaceOnEventListRestricted
 .text.xTaskRemoveFromEventList
                0x000000000800a314       0xc8 ./Middlewares/Third_Party/FreeRTOS/Source/tasks.o
                0x000000000800a314                xTaskRemoveFromEventList
 .text.vTaskInternalSetTimeOutState
                0x000000000800a3dc       0x2c ./Middlewares/Third_Party/FreeRTOS/Source/tasks.o
                0x000000000800a3dc                vTaskInternalSetTimeOutState
 .text.xTaskCheckForTimeOut
                0x000000000800a408       0xc4 ./Middlewares/Third_Party/FreeRTOS/Source/tasks.o
                0x000000000800a408                xTaskCheckForTimeOut
 .text.vTaskMissedYield
                0x000000000800a4cc       0x18 ./Middlewares/Third_Party/FreeRTOS/Source/tasks.o
                0x000000000800a4cc                vTaskMissedYield
 .text.prvIdleTask
                0x000000000800a4e4       0x30 ./Middlewares/Third_Party/FreeRTOS/Source/tasks.o
 .text.prvInitialiseTaskLists
                0x000000000800a514       0x80 ./Middlewares/Third_Party/FreeRTOS/Source/tasks.o
 .text.prvCheckTasksWaitingTermination
                0x000000000800a594       0x5c ./Middlewares/Third_Party/FreeRTOS/Source/tasks.o
 .text.prvDeleteTCB
                0x000000000800a5f0       0x68 ./Middlewares/Third_Party/FreeRTOS/Source/tasks.o
 .text.prvResetNextTaskUnblockTime
                0x000000000800a658       0x40 ./Middlewares/Third_Party/FreeRTOS/Source/tasks.o
 .text.xTaskGetSchedulerState
                0x000000000800a698       0x3c ./Middlewares/Third_Party/FreeRTOS/Source/tasks.o
                0x000000000800a698                xTaskGetSchedulerState
 .text.xTaskPriorityDisinherit
                0x000000000800a6d4       0xdc ./Middlewares/Third_Party/FreeRTOS/Source/tasks.o
                0x000000000800a6d4                xTaskPriorityDisinherit
 .text.prvAddCurrentTaskToDelayedList
                0x000000000800a7b0       0xa8 ./Middlewares/Third_Party/FreeRTOS/Source/tasks.o
 .text.xTimerCreateTimerTask
                0x000000000800a858       0x90 ./Middlewares/Third_Party/FreeRTOS/Source/timers.o
                0x000000000800a858                xTimerCreateTimerTask
 .text.xTimerCreate
                0x000000000800a8e8       0x42 ./Middlewares/Third_Party/FreeRTOS/Source/timers.o
                0x000000000800a8e8                xTimerCreate
 .text.xTimerCreateStatic
                0x000000000800a92a       0x7c ./Middlewares/Third_Party/FreeRTOS/Source/timers.o
                0x000000000800a92a                xTimerCreateStatic
 .text.prvInitialiseNewTimer
                0x000000000800a9a6       0x76 ./Middlewares/Third_Party/FreeRTOS/Source/timers.o
 .text.xTimerGenericCommand
                0x000000000800aa1c       0x9c ./Middlewares/Third_Party/FreeRTOS/Source/timers.o
                0x000000000800aa1c                xTimerGenericCommand
 .text.prvProcessExpiredTimer
                0x000000000800aab8       0x98 ./Middlewares/Third_Party/FreeRTOS/Source/timers.o
 .text.prvTimerTask
                0x000000000800ab50       0x24 ./Middlewares/Third_Party/FreeRTOS/Source/timers.o
 .text.prvProcessTimerOrBlockTask
                0x000000000800ab74       0x9c ./Middlewares/Third_Party/FreeRTOS/Source/timers.o
 .text.prvGetNextExpireTime
                0x000000000800ac10       0x48 ./Middlewares/Third_Party/FreeRTOS/Source/timers.o
 .text.prvSampleTimeNow
                0x000000000800ac58       0x40 ./Middlewares/Third_Party/FreeRTOS/Source/timers.o
 .text.prvInsertTimerInActiveList
                0x000000000800ac98       0x84 ./Middlewares/Third_Party/FreeRTOS/Source/timers.o
 .text.prvProcessReceivedCommands
                0x000000000800ad1c      0x1c4 ./Middlewares/Third_Party/FreeRTOS/Source/timers.o
 .text.prvSwitchTimerLists
                0x000000000800aee0       0xc8 ./Middlewares/Third_Party/FreeRTOS/Source/timers.o
 .text.prvCheckForValidListAndQueue
                0x000000000800afa8       0x80 ./Middlewares/Third_Party/FreeRTOS/Source/timers.o
 .text.xTimerIsTimerActive
                0x000000000800b028       0x52 ./Middlewares/Third_Party/FreeRTOS/Source/timers.o
                0x000000000800b028                xTimerIsTimerActive
 .text.pvTimerGetTimerID
                0x000000000800b07a       0x40 ./Middlewares/Third_Party/FreeRTOS/Source/timers.o
                0x000000000800b07a                pvTimerGetTimerID
 *fill*         0x000000000800b0ba        0x2 
 .text.pxPortInitialiseStack
                0x000000000800b0bc       0x68 ./Middlewares/Third_Party/FreeRTOS/Source/portable/GCC/ARM_CM4F/port.o
                0x000000000800b0bc                pxPortInitialiseStack
 .text.prvTaskExitError
                0x000000000800b124       0x58 ./Middlewares/Third_Party/FreeRTOS/Source/portable/GCC/ARM_CM4F/port.o
 *fill*         0x000000000800b17c        0x4 
 .text.SVC_Handler
                0x000000000800b180       0x28 ./Middlewares/Third_Party/FreeRTOS/Source/portable/GCC/ARM_CM4F/port.o
                0x000000000800b180                SVC_Handler
 .text.prvPortStartFirstTask
                0x000000000800b1a8       0x28 ./Middlewares/Third_Party/FreeRTOS/Source/portable/GCC/ARM_CM4F/port.o
 .text.xPortStartScheduler
                0x000000000800b1d0      0x144 ./Middlewares/Third_Party/FreeRTOS/Source/portable/GCC/ARM_CM4F/port.o
                0x000000000800b1d0                xPortStartScheduler
 .text.vPortEnterCritical
                0x000000000800b314       0x60 ./Middlewares/Third_Party/FreeRTOS/Source/portable/GCC/ARM_CM4F/port.o
                0x000000000800b314                vPortEnterCritical
 .text.vPortExitCritical
                0x000000000800b374       0x54 ./Middlewares/Third_Party/FreeRTOS/Source/portable/GCC/ARM_CM4F/port.o
                0x000000000800b374                vPortExitCritical
 *fill*         0x000000000800b3c8        0x8 
 .text.PendSV_Handler
                0x000000000800b3d0       0x68 ./Middlewares/Third_Party/FreeRTOS/Source/portable/GCC/ARM_CM4F/port.o
                0x000000000800b3d0                PendSV_Handler
 .text.xPortSysTickHandler
                0x000000000800b438       0x44 ./Middlewares/Third_Party/FreeRTOS/Source/portable/GCC/ARM_CM4F/port.o
                0x000000000800b438                xPortSysTickHandler
 .text.vPortSetupTimerInterrupt
                0x000000000800b47c       0x48 ./Middlewares/Third_Party/FreeRTOS/Source/portable/GCC/ARM_CM4F/port.o
                0x000000000800b47c                vPortSetupTimerInterrupt
 .text.vPortEnableVFP
                0x000000000800b4c4       0x14 ./Middlewares/Third_Party/FreeRTOS/Source/portable/GCC/ARM_CM4F/port.o
 .text.vPortValidateInterruptPriority
                0x000000000800b4d8       0x80 ./Middlewares/Third_Party/FreeRTOS/Source/portable/GCC/ARM_CM4F/port.o
                0x000000000800b4d8                vPortValidateInterruptPriority
 .text.pvPortMalloc
                0x000000000800b558      0x198 ./Middlewares/Third_Party/FreeRTOS/Source/portable/MemMang/heap_4.o
                0x000000000800b558                pvPortMalloc
 .text.vPortFree
                0x000000000800b6f0       0xc4 ./Middlewares/Third_Party/FreeRTOS/Source/portable/MemMang/heap_4.o
                0x000000000800b6f0                vPortFree
 .text.prvHeapInit
                0x000000000800b7b4       0xc4 ./Middlewares/Third_Party/FreeRTOS/Source/portable/MemMang/heap_4.o
 .text.prvInsertBlockIntoFreeList
                0x000000000800b878       0xb4 ./Middlewares/Third_Party/FreeRTOS/Source/portable/MemMang/heap_4.o
 .text.MX_USB_DEVICE_Init
                0x000000000800b92c       0x60 ./USB_DEVICE/App/usb_device.o
                0x000000000800b92c                MX_USB_DEVICE_Init
 .text.CUSTOM_HID_Init_FS
                0x000000000800b98c       0x10 ./USB_DEVICE/App/usbd_custom_hid_if.o
 .text.CUSTOM_HID_DeInit_FS
                0x000000000800b99c       0x10 ./USB_DEVICE/App/usbd_custom_hid_if.o
 .text.CUSTOM_HID_OutEvent_FS
                0x000000000800b9ac       0x30 ./USB_DEVICE/App/usbd_custom_hid_if.o
 .text.USBD_FS_DeviceDescriptor
                0x000000000800b9dc       0x24 ./USB_DEVICE/App/usbd_desc.o
                0x000000000800b9dc                USBD_FS_DeviceDescriptor
 .text.USBD_FS_LangIDStrDescriptor
                0x000000000800ba00       0x24 ./USB_DEVICE/App/usbd_desc.o
                0x000000000800ba00                USBD_FS_LangIDStrDescriptor
 .text.USBD_FS_ProductStrDescriptor
                0x000000000800ba24       0x3c ./USB_DEVICE/App/usbd_desc.o
                0x000000000800ba24                USBD_FS_ProductStrDescriptor
 .text.USBD_FS_ManufacturerStrDescriptor
                0x000000000800ba60       0x28 ./USB_DEVICE/App/usbd_desc.o
                0x000000000800ba60                USBD_FS_ManufacturerStrDescriptor
 .text.USBD_FS_SerialStrDescriptor
                0x000000000800ba88       0x24 ./USB_DEVICE/App/usbd_desc.o
                0x000000000800ba88                USBD_FS_SerialStrDescriptor
 .text.USBD_FS_ConfigStrDescriptor
                0x000000000800baac       0x3c ./USB_DEVICE/App/usbd_desc.o
                0x000000000800baac                USBD_FS_ConfigStrDescriptor
 .text.USBD_FS_InterfaceStrDescriptor
                0x000000000800bae8       0x3c ./USB_DEVICE/App/usbd_desc.o
                0x000000000800bae8                USBD_FS_InterfaceStrDescriptor
 .text.Get_SerialNum
                0x000000000800bb24       0x58 ./USB_DEVICE/App/usbd_desc.o
 .text.IntToUnicode
                0x000000000800bb7c       0x7e ./USB_DEVICE/App/usbd_desc.o
 *fill*         0x000000000800bbfa        0x2 
 .text.HAL_PCD_MspInit
                0x000000000800bbfc       0xa8 ./USB_DEVICE/Target/usbd_conf.o
                0x000000000800bbfc                HAL_PCD_MspInit
 .text.HAL_PCD_SetupStageCallback
                0x000000000800bca4       0x24 ./USB_DEVICE/Target/usbd_conf.o
                0x000000000800bca4                HAL_PCD_SetupStageCallback
 .text.HAL_PCD_DataOutStageCallback
                0x000000000800bcc8       0x36 ./USB_DEVICE/Target/usbd_conf.o
                0x000000000800bcc8                HAL_PCD_DataOutStageCallback
 .text.HAL_PCD_DataInStageCallback
                0x000000000800bcfe       0x34 ./USB_DEVICE/Target/usbd_conf.o
                0x000000000800bcfe                HAL_PCD_DataInStageCallback
 .text.HAL_PCD_SOFCallback
                0x000000000800bd32       0x1c ./USB_DEVICE/Target/usbd_conf.o
                0x000000000800bd32                HAL_PCD_SOFCallback
 .text.HAL_PCD_ResetCallback
                0x000000000800bd4e       0x3c ./USB_DEVICE/Target/usbd_conf.o
                0x000000000800bd4e                HAL_PCD_ResetCallback
 *fill*         0x000000000800bd8a        0x2 
 .text.HAL_PCD_SuspendCallback
                0x000000000800bd8c       0x4c ./USB_DEVICE/Target/usbd_conf.o
                0x000000000800bd8c                HAL_PCD_SuspendCallback
 .text.HAL_PCD_ResumeCallback
                0x000000000800bdd8       0x1c ./USB_DEVICE/Target/usbd_conf.o
                0x000000000800bdd8                HAL_PCD_ResumeCallback
 .text.HAL_PCD_ISOOUTIncompleteCallback
                0x000000000800bdf4       0x24 ./USB_DEVICE/Target/usbd_conf.o
                0x000000000800bdf4                HAL_PCD_ISOOUTIncompleteCallback
 .text.HAL_PCD_ISOINIncompleteCallback
                0x000000000800be18       0x24 ./USB_DEVICE/Target/usbd_conf.o
                0x000000000800be18                HAL_PCD_ISOINIncompleteCallback
 .text.HAL_PCD_ConnectCallback
                0x000000000800be3c       0x1c ./USB_DEVICE/Target/usbd_conf.o
                0x000000000800be3c                HAL_PCD_ConnectCallback
 .text.HAL_PCD_DisconnectCallback
                0x000000000800be58       0x1c ./USB_DEVICE/Target/usbd_conf.o
                0x000000000800be58                HAL_PCD_DisconnectCallback
 .text.USBD_LL_Init
                0x000000000800be74       0x98 ./USB_DEVICE/Target/usbd_conf.o
                0x000000000800be74                USBD_LL_Init
 .text.USBD_LL_Start
                0x000000000800bf0c       0x36 ./USB_DEVICE/Target/usbd_conf.o
                0x000000000800bf0c                USBD_LL_Start
 .text.USBD_LL_OpenEP
                0x000000000800bf42       0x4c ./USB_DEVICE/Target/usbd_conf.o
                0x000000000800bf42                USBD_LL_OpenEP
 .text.USBD_LL_CloseEP
                0x000000000800bf8e       0x3e ./USB_DEVICE/Target/usbd_conf.o
                0x000000000800bf8e                USBD_LL_CloseEP
 .text.USBD_LL_StallEP
                0x000000000800bfcc       0x3e ./USB_DEVICE/Target/usbd_conf.o
                0x000000000800bfcc                USBD_LL_StallEP
 .text.USBD_LL_ClearStallEP
                0x000000000800c00a       0x3e ./USB_DEVICE/Target/usbd_conf.o
                0x000000000800c00a                USBD_LL_ClearStallEP
 .text.USBD_LL_IsStallEP
                0x000000000800c048       0x58 ./USB_DEVICE/Target/usbd_conf.o
                0x000000000800c048                USBD_LL_IsStallEP
 .text.USBD_LL_SetUSBAddress
                0x000000000800c0a0       0x3e ./USB_DEVICE/Target/usbd_conf.o
                0x000000000800c0a0                USBD_LL_SetUSBAddress
 .text.USBD_LL_Transmit
                0x000000000800c0de       0x42 ./USB_DEVICE/Target/usbd_conf.o
                0x000000000800c0de                USBD_LL_Transmit
 .text.USBD_LL_PrepareReceive
                0x000000000800c120       0x42 ./USB_DEVICE/Target/usbd_conf.o
                0x000000000800c120                USBD_LL_PrepareReceive
 *fill*         0x000000000800c162        0x2 
 .text.USBD_static_malloc
                0x000000000800c164       0x1c ./USB_DEVICE/Target/usbd_conf.o
                0x000000000800c164                USBD_static_malloc
 .text.USBD_static_free
                0x000000000800c180       0x14 ./USB_DEVICE/Target/usbd_conf.o
                0x000000000800c180                USBD_static_free
 .text.USBD_Get_USB_Status
                0x000000000800c194       0x58 ./USB_DEVICE/Target/usbd_conf.o
                0x000000000800c194                USBD_Get_USB_Status
 .text.__errno  0x000000000800c1ec        0xc c:/st/stm32cubeide_1.12.0/stm32cubeide/plugins/com.st.stm32cube.ide.mcu.externaltools.gnu-tools-for-stm32.10.3-2021.10.win32_1.0.200.202301161003/tools/bin/../lib/gcc/arm-none-eabi/10.3.1/../../../../arm-none-eabi/lib/thumb/v7e-m+fp/hard\libc_nano.a(lib_a-errno.o)
                0x000000000800c1ec                __errno
 .text.__libc_init_array
                0x000000000800c1f8       0x48 c:/st/stm32cubeide_1.12.0/stm32cubeide/plugins/com.st.stm32cube.ide.mcu.externaltools.gnu-tools-for-stm32.10.3-2021.10.win32_1.0.200.202301161003/tools/bin/../lib/gcc/arm-none-eabi/10.3.1/../../../../arm-none-eabi/lib/thumb/v7e-m+fp/hard\libc_nano.a(lib_a-init.o)
                0x000000000800c1f8                __libc_init_array
 .text.__retarget_lock_acquire_recursive
                0x000000000800c240        0x2 c:/st/stm32cubeide_1.12.0/stm32cubeide/plugins/com.st.stm32cube.ide.mcu.externaltools.gnu-tools-for-stm32.10.3-2021.10.win32_1.0.200.202301161003/tools/bin/../lib/gcc/arm-none-eabi/10.3.1/../../../../arm-none-eabi/lib/thumb/v7e-m+fp/hard\libc_nano.a(lib_a-lock.o)
                0x000000000800c240                __retarget_lock_acquire_recursive
 .text.__retarget_lock_release_recursive
                0x000000000800c242        0x2 c:/st/stm32cubeide_1.12.0/stm32cubeide/plugins/com.st.stm32cube.ide.mcu.externaltools.gnu-tools-for-stm32.10.3-2021.10.win32_1.0.200.202301161003/tools/bin/../lib/gcc/arm-none-eabi/10.3.1/../../../../arm-none-eabi/lib/thumb/v7e-m+fp/hard\libc_nano.a(lib_a-lock.o)
                0x000000000800c242                __retarget_lock_release_recursive
 .text.memcpy   0x000000000800c244       0x1c c:/st/stm32cubeide_1.12.0/stm32cubeide/plugins/com.st.stm32cube.ide.mcu.externaltools.gnu-tools-for-stm32.10.3-2021.10.win32_1.0.200.202301161003/tools/bin/../lib/gcc/arm-none-eabi/10.3.1/../../../../arm-none-eabi/lib/thumb/v7e-m+fp/hard\libc_nano.a(lib_a-memcpy-stub.o)
                0x000000000800c244                memcpy
 .text.memset   0x000000000800c260       0x10 c:/st/stm32cubeide_1.12.0/stm32cubeide/plugins/com.st.stm32cube.ide.mcu.externaltools.gnu-tools-for-stm32.10.3-2021.10.win32_1.0.200.202301161003/tools/bin/../lib/gcc/arm-none-eabi/10.3.1/../../../../arm-none-eabi/lib/thumb/v7e-m+fp/hard\libc_nano.a(lib_a-memset.o)
                0x000000000800c260                memset
 .text.cleanup_glue
                0x000000000800c270       0x1a c:/st/stm32cubeide_1.12.0/stm32cubeide/plugins/com.st.stm32cube.ide.mcu.externaltools.gnu-tools-for-stm32.10.3-2021.10.win32_1.0.200.202301161003/tools/bin/../lib/gcc/arm-none-eabi/10.3.1/../../../../arm-none-eabi/lib/thumb/v7e-m+fp/hard\libc_nano.a(lib_a-reent.o)
                0x000000000800c270                cleanup_glue
 *fill*         0x000000000800c28a        0x2 
 .text._reclaim_reent
                0x000000000800c28c       0xb8 c:/st/stm32cubeide_1.12.0/stm32cubeide/plugins/com.st.stm32cube.ide.mcu.externaltools.gnu-tools-for-stm32.10.3-2021.10.win32_1.0.200.202301161003/tools/bin/../lib/gcc/arm-none-eabi/10.3.1/../../../../arm-none-eabi/lib/thumb/v7e-m+fp/hard\libc_nano.a(lib_a-reent.o)
                0x000000000800c28c                _reclaim_reent
 .text.__malloc_lock
                0x000000000800c344        0xc c:/st/stm32cubeide_1.12.0/stm32cubeide/plugins/com.st.stm32cube.ide.mcu.externaltools.gnu-tools-for-stm32.10.3-2021.10.win32_1.0.200.202301161003/tools/bin/../lib/gcc/arm-none-eabi/10.3.1/../../../../arm-none-eabi/lib/thumb/v7e-m+fp/hard\libc_nano.a(lib_a-mlock.o)
                0x000000000800c344                __malloc_lock
 .text.__malloc_unlock
                0x000000000800c350        0xc c:/st/stm32cubeide_1.12.0/stm32cubeide/plugins/com.st.stm32cube.ide.mcu.externaltools.gnu-tools-for-stm32.10.3-2021.10.win32_1.0.200.202301161003/tools/bin/../lib/gcc/arm-none-eabi/10.3.1/../../../../arm-none-eabi/lib/thumb/v7e-m+fp/hard\libc_nano.a(lib_a-mlock.o)
                0x000000000800c350                __malloc_unlock
 .text._free_r  0x000000000800c35c       0x98 c:/st/stm32cubeide_1.12.0/stm32cubeide/plugins/com.st.stm32cube.ide.mcu.externaltools.gnu-tools-for-stm32.10.3-2021.10.win32_1.0.200.202301161003/tools/bin/../lib/gcc/arm-none-eabi/10.3.1/../../../../arm-none-eabi/lib/thumb/v7e-m+fp/hard\libc_nano.a(lib_a-nano-freer.o)
                0x000000000800c35c                _free_r
 *fill*         0x000000000800c3f4        0x4 
 .text.atan     0x000000000800c3f8      0x340 c:/st/stm32cubeide_1.12.0/stm32cubeide/plugins/com.st.stm32cube.ide.mcu.externaltools.gnu-tools-for-stm32.10.3-2021.10.win32_1.0.200.202301161003/tools/bin/../lib/gcc/arm-none-eabi/10.3.1/../../../../arm-none-eabi/lib/thumb/v7e-m+fp/hard\libm.a(lib_a-s_atan.o)
                0x000000000800c3f8                atan
 .text.fabs     0x000000000800c738       0x12 c:/st/stm32cubeide_1.12.0/stm32cubeide/plugins/com.st.stm32cube.ide.mcu.externaltools.gnu-tools-for-stm32.10.3-2021.10.win32_1.0.200.202301161003/tools/bin/../lib/gcc/arm-none-eabi/10.3.1/../../../../arm-none-eabi/lib/thumb/v7e-m+fp/hard\libm.a(lib_a-s_fabs.o)
                0x000000000800c738                fabs
 .text.sqrt     0x000000000800c74a       0x58 c:/st/stm32cubeide_1.12.0/stm32cubeide/plugins/com.st.stm32cube.ide.mcu.externaltools.gnu-tools-for-stm32.10.3-2021.10.win32_1.0.200.202301161003/tools/bin/../lib/gcc/arm-none-eabi/10.3.1/../../../../arm-none-eabi/lib/thumb/v7e-m+fp/hard\libm.a(lib_a-w_sqrt.o)
                0x000000000800c74a                sqrt
 *fill*         0x000000000800c7a2        0x2 
 .text.__ieee754_sqrt
                0x000000000800c7a4      0x164 c:/st/stm32cubeide_1.12.0/stm32cubeide/plugins/com.st.stm32cube.ide.mcu.externaltools.gnu-tools-for-stm32.10.3-2021.10.win32_1.0.200.202301161003/tools/bin/../lib/gcc/arm-none-eabi/10.3.1/../../../../arm-none-eabi/lib/thumb/v7e-m+fp/hard\libm.a(lib_a-e_sqrt.o)
                0x000000000800c7a4                __ieee754_sqrt
 *(.glue_7)
 .glue_7        0x000000000800c908        0x0 linker stubs
 *(.glue_7t)
 .glue_7t       0x000000000800c908        0x0 linker stubs
 *(.eh_frame)
 .eh_frame      0x000000000800c908        0x0 c:/st/stm32cubeide_1.12.0/stm32cubeide/plugins/com.st.stm32cube.ide.mcu.externaltools.gnu-tools-for-stm32.10.3-2021.10.win32_1.0.200.202301161003/tools/bin/../lib/gcc/arm-none-eabi/10.3.1/thumb/v7e-m+fp/hard/crtbegin.o
 *(.init)
 .init          0x000000000800c908        0x4 c:/st/stm32cubeide_1.12.0/stm32cubeide/plugins/com.st.stm32cube.ide.mcu.externaltools.gnu-tools-for-stm32.10.3-2021.10.win32_1.0.200.202301161003/tools/bin/../lib/gcc/arm-none-eabi/10.3.1/thumb/v7e-m+fp/hard/crti.o
                0x000000000800c908                _init
 .init          0x000000000800c90c        0x8 c:/st/stm32cubeide_1.12.0/stm32cubeide/plugins/com.st.stm32cube.ide.mcu.externaltools.gnu-tools-for-stm32.10.3-2021.10.win32_1.0.200.202301161003/tools/bin/../lib/gcc/arm-none-eabi/10.3.1/thumb/v7e-m+fp/hard/crtn.o
 *(.fini)
 .fini          0x000000000800c914        0x4 c:/st/stm32cubeide_1.12.0/stm32cubeide/plugins/com.st.stm32cube.ide.mcu.externaltools.gnu-tools-for-stm32.10.3-2021.10.win32_1.0.200.202301161003/tools/bin/../lib/gcc/arm-none-eabi/10.3.1/thumb/v7e-m+fp/hard/crti.o
                0x000000000800c914                _fini
 .fini          0x000000000800c918        0x8 c:/st/stm32cubeide_1.12.0/stm32cubeide/plugins/com.st.stm32cube.ide.mcu.externaltools.gnu-tools-for-stm32.10.3-2021.10.win32_1.0.200.202301161003/tools/bin/../lib/gcc/arm-none-eabi/10.3.1/thumb/v7e-m+fp/hard/crtn.o
                0x000000000800c920                . = ALIGN (0x4)
                0x000000000800c920                _etext = .

.vfp11_veneer   0x000000000800c920        0x0
 .vfp11_veneer  0x000000000800c920        0x0 linker stubs

.v4_bx          0x000000000800c920        0x0
 .v4_bx         0x000000000800c920        0x0 linker stubs

.iplt           0x000000000800c920        0x0
 .iplt          0x000000000800c920        0x0 c:/st/stm32cubeide_1.12.0/stm32cubeide/plugins/com.st.stm32cube.ide.mcu.externaltools.gnu-tools-for-stm32.10.3-2021.10.win32_1.0.200.202301161003/tools/bin/../lib/gcc/arm-none-eabi/10.3.1/thumb/v7e-m+fp/hard/crtbegin.o

.rodata         0x000000000800c920      0x1e0
                0x000000000800c920                . = ALIGN (0x4)
 *(.rodata)
 .rodata        0x000000000800c920       0x3a ./Core/Src/main.o
 *fill*         0x000000000800c95a        0x2 
 .rodata        0x000000000800c95c        0x5 ./Middlewares/Third_Party/FreeRTOS/Source/tasks.o
 *fill*         0x000000000800c961        0x3 
 .rodata        0x000000000800c964        0xd ./Middlewares/Third_Party/FreeRTOS/Source/timers.o
 *fill*         0x000000000800c971        0x3 
 .rodata        0x000000000800c974       0x5d ./USB_DEVICE/App/usbd_desc.o
 *(.rodata*)
 *fill*         0x000000000800c9d1        0x3 
 .rodata.StartPolling_attributes
                0x000000000800c9d4       0x24 ./Core/Src/main.o
                0x000000000800c9d4                StartPolling_attributes
 .rodata.InputProcessing_attributes
                0x000000000800c9f8       0x24 ./Core/Src/main.o
                0x000000000800c9f8                InputProcessing_attributes
 .rodata.capitalTimer_attributes
                0x000000000800ca1c       0x10 ./Core/Src/main.o
                0x000000000800ca1c                capitalTimer_attributes
 .rodata.modeTimer_attributes
                0x000000000800ca2c       0x10 ./Core/Src/main.o
                0x000000000800ca2c                modeTimer_attributes
 .rodata.AHBPrescTable
                0x000000000800ca3c       0x10 ./Core/Src/system_stm32f4xx.o
                0x000000000800ca3c                AHBPrescTable
 .rodata.APBPrescTable
                0x000000000800ca4c        0x8 ./Core/Src/system_stm32f4xx.o
                0x000000000800ca4c                APBPrescTable
 .rodata.flagBitshiftOffset.0
                0x000000000800ca54        0x8 ./Drivers/STM32F4xx_HAL_Driver/Src/stm32f4xx_hal_dma.o
 .rodata.__sf_fake_stderr
                0x000000000800ca5c       0x20 c:/st/stm32cubeide_1.12.0/stm32cubeide/plugins/com.st.stm32cube.ide.mcu.externaltools.gnu-tools-for-stm32.10.3-2021.10.win32_1.0.200.202301161003/tools/bin/../lib/gcc/arm-none-eabi/10.3.1/../../../../arm-none-eabi/lib/thumb/v7e-m+fp/hard\libc_nano.a(lib_a-findfp.o)
                0x000000000800ca5c                __sf_fake_stderr
 .rodata.__sf_fake_stdin
                0x000000000800ca7c       0x20 c:/st/stm32cubeide_1.12.0/stm32cubeide/plugins/com.st.stm32cube.ide.mcu.externaltools.gnu-tools-for-stm32.10.3-2021.10.win32_1.0.200.202301161003/tools/bin/../lib/gcc/arm-none-eabi/10.3.1/../../../../arm-none-eabi/lib/thumb/v7e-m+fp/hard\libc_nano.a(lib_a-findfp.o)
                0x000000000800ca7c                __sf_fake_stdin
 .rodata.__sf_fake_stdout
                0x000000000800ca9c       0x20 c:/st/stm32cubeide_1.12.0/stm32cubeide/plugins/com.st.stm32cube.ide.mcu.externaltools.gnu-tools-for-stm32.10.3-2021.10.win32_1.0.200.202301161003/tools/bin/../lib/gcc/arm-none-eabi/10.3.1/../../../../arm-none-eabi/lib/thumb/v7e-m+fp/hard\libc_nano.a(lib_a-findfp.o)
                0x000000000800ca9c                __sf_fake_stdout
 *fill*         0x000000000800cabc        0x4 
 .rodata.atanhi
                0x000000000800cac0       0x20 c:/st/stm32cubeide_1.12.0/stm32cubeide/plugins/com.st.stm32cube.ide.mcu.externaltools.gnu-tools-for-stm32.10.3-2021.10.win32_1.0.200.202301161003/tools/bin/../lib/gcc/arm-none-eabi/10.3.1/../../../../arm-none-eabi/lib/thumb/v7e-m+fp/hard\libm.a(lib_a-s_atan.o)
 .rodata.atanlo
                0x000000000800cae0       0x20 c:/st/stm32cubeide_1.12.0/stm32cubeide/plugins/com.st.stm32cube.ide.mcu.externaltools.gnu-tools-for-stm32.10.3-2021.10.win32_1.0.200.202301161003/tools/bin/../lib/gcc/arm-none-eabi/10.3.1/../../../../arm-none-eabi/lib/thumb/v7e-m+fp/hard\libm.a(lib_a-s_atan.o)
                0x000000000800cb00                . = ALIGN (0x4)

.ARM.extab      0x000000000800cb00        0x0
                0x000000000800cb00                . = ALIGN (0x4)
 *(.ARM.extab* .gnu.linkonce.armextab.*)
                0x000000000800cb00                . = ALIGN (0x4)

.ARM            0x000000000800cb00        0x8
                0x000000000800cb00                . = ALIGN (0x4)
                0x000000000800cb00                __exidx_start = .
 *(.ARM.exidx*)
 .ARM.exidx     0x000000000800cb00        0x8 c:/st/stm32cubeide_1.12.0/stm32cubeide/plugins/com.st.stm32cube.ide.mcu.externaltools.gnu-tools-for-stm32.10.3-2021.10.win32_1.0.200.202301161003/tools/bin/../lib/gcc/arm-none-eabi/10.3.1/thumb/v7e-m+fp/hard\libgcc.a(_udivmoddi4.o)
                0x000000000800cb08                __exidx_end = .
                0x000000000800cb08                . = ALIGN (0x4)

.rel.dyn        0x000000000800cb08        0x0
 .rel.iplt      0x000000000800cb08        0x0 c:/st/stm32cubeide_1.12.0/stm32cubeide/plugins/com.st.stm32cube.ide.mcu.externaltools.gnu-tools-for-stm32.10.3-2021.10.win32_1.0.200.202301161003/tools/bin/../lib/gcc/arm-none-eabi/10.3.1/thumb/v7e-m+fp/hard/crtbegin.o

.preinit_array  0x000000000800cb08        0x0
                0x000000000800cb08                . = ALIGN (0x4)
                0x000000000800cb08                PROVIDE (__preinit_array_start = .)
 *(.preinit_array*)
                0x000000000800cb08                PROVIDE (__preinit_array_end = .)
                0x000000000800cb08                . = ALIGN (0x4)

.init_array     0x000000000800cb08        0x4
                0x000000000800cb08                . = ALIGN (0x4)
                0x000000000800cb08                PROVIDE (__init_array_start = .)
 *(SORT_BY_NAME(.init_array.*))
 *(.init_array*)
 .init_array    0x000000000800cb08        0x4 c:/st/stm32cubeide_1.12.0/stm32cubeide/plugins/com.st.stm32cube.ide.mcu.externaltools.gnu-tools-for-stm32.10.3-2021.10.win32_1.0.200.202301161003/tools/bin/../lib/gcc/arm-none-eabi/10.3.1/thumb/v7e-m+fp/hard/crtbegin.o
                0x000000000800cb0c                PROVIDE (__init_array_end = .)
                0x000000000800cb0c                . = ALIGN (0x4)

.fini_array     0x000000000800cb0c        0x4
                0x000000000800cb0c                . = ALIGN (0x4)
                [!provide]                        PROVIDE (__fini_array_start = .)
 *(SORT_BY_NAME(.fini_array.*))
 *(.fini_array*)
 .fini_array    0x000000000800cb0c        0x4 c:/st/stm32cubeide_1.12.0/stm32cubeide/plugins/com.st.stm32cube.ide.mcu.externaltools.gnu-tools-for-stm32.10.3-2021.10.win32_1.0.200.202301161003/tools/bin/../lib/gcc/arm-none-eabi/10.3.1/thumb/v7e-m+fp/hard/crtbegin.o
                [!provide]                        PROVIDE (__fini_array_end = .)
                0x000000000800cb10                . = ALIGN (0x4)
                0x000000000800cb10                _sidata = LOADADDR (.data)

.data           0x0000000020000000      0x2d4 load address 0x000000000800cb10
                0x0000000020000000                . = ALIGN (0x4)
                0x0000000020000000                _sdata = .
 *(.data)
 *(.data*)
 .data.zoneReset
                0x0000000020000000        0x1 ./Core/Src/main.o
                0x0000000020000000                zoneReset
 .data.modeReset
                0x0000000020000001        0x1 ./Core/Src/main.o
                0x0000000020000001                modeReset
 .data.mouseMode
                0x0000000020000002        0x1 ./Core/Src/main.o
                0x0000000020000002                mouseMode
 .data.buttonReset
                0x0000000020000003        0x1 ./Core/Src/main.o
                0x0000000020000003                buttonReset
 .data.mouseThreshhold
                0x0000000020000004        0x4 ./Core/Src/main.o
                0x0000000020000004                mouseThreshhold
 .data.currentChar
                0x0000000020000008        0x1 ./Core/Src/main.o
                0x0000000020000008                currentChar
 *fill*         0x0000000020000009        0x3 
 .data.timeTilCapital
                0x000000002000000c        0x4 ./Core/Src/main.o
                0x000000002000000c                timeTilCapital
 .data.timeTilModeSwitch
                0x0000000020000010        0x4 ./Core/Src/main.o
                0x0000000020000010                timeTilModeSwitch
 .data.numberOfZones
                0x0000000020000014        0x4 ./Core/Src/main.o
                0x0000000020000014                numberOfZones
 .data.distThresh
                0x0000000020000018        0x4 ./Core/Src/main.o
                0x0000000020000018                distThresh
 .data.keycodeDict
                0x000000002000001c      0x100 ./Core/Src/main.o
                0x000000002000001c                keycodeDict
 .data.SystemCoreClock
                0x000000002000011c        0x4 ./Core/Src/system_stm32f4xx.o
                0x000000002000011c                SystemCoreClock
 .data.uwTickPrio
                0x0000000020000120        0x4 ./Drivers/STM32F4xx_HAL_Driver/Src/stm32f4xx_hal.o
                0x0000000020000120                uwTickPrio
 .data.uwTickFreq
                0x0000000020000124        0x1 ./Drivers/STM32F4xx_HAL_Driver/Src/stm32f4xx_hal.o
                0x0000000020000124                uwTickFreq
 *fill*         0x0000000020000125        0x3 
 .data.USBD_CUSTOM_HID
                0x0000000020000128       0x38 ./Middlewares/ST/STM32_USB_Device_Library/Class/CustomHID/Src/usbd_customhid.o
                0x0000000020000128                USBD_CUSTOM_HID
 .data.USBD_CUSTOM_HID_CfgDesc
                0x0000000020000160       0x29 ./Middlewares/ST/STM32_USB_Device_Library/Class/CustomHID/Src/usbd_customhid.o
 *fill*         0x0000000020000189        0x3 
 .data.USBD_CUSTOM_HID_Desc
                0x000000002000018c        0x9 ./Middlewares/ST/STM32_USB_Device_Library/Class/CustomHID/Src/usbd_customhid.o
 *fill*         0x0000000020000195        0x3 
 .data.USBD_CUSTOM_HID_DeviceQualifierDesc
                0x0000000020000198        0xa ./Middlewares/ST/STM32_USB_Device_Library/Class/CustomHID/Src/usbd_customhid.o
 .data.CUSTOMHIDInEpAdd
                0x00000000200001a2        0x1 ./Middlewares/ST/STM32_USB_Device_Library/Class/CustomHID/Src/usbd_customhid.o
 .data.CUSTOMHIDOutEpAdd
                0x00000000200001a3        0x1 ./Middlewares/ST/STM32_USB_Device_Library/Class/CustomHID/Src/usbd_customhid.o
 .data.uxCriticalNesting
                0x00000000200001a4        0x4 ./Middlewares/Third_Party/FreeRTOS/Source/portable/GCC/ARM_CM4F/port.o
 .data.CUSTOM_HID_ReportDesc_FS
                0x00000000200001a8       0x65 ./USB_DEVICE/App/usbd_custom_hid_if.o
 *fill*         0x000000002000020d        0x3 
 .data.USBD_CustomHID_fops_FS
                0x0000000020000210       0x10 ./USB_DEVICE/App/usbd_custom_hid_if.o
                0x0000000020000210                USBD_CustomHID_fops_FS
 .data.FS_Desc  0x0000000020000220       0x1c ./USB_DEVICE/App/usbd_desc.o
                0x0000000020000220                FS_Desc
 .data.USBD_FS_DeviceDesc
                0x000000002000023c       0x12 ./USB_DEVICE/App/usbd_desc.o
                0x000000002000023c                USBD_FS_DeviceDesc
 *fill*         0x000000002000024e        0x2 
 .data.USBD_LangIDDesc
                0x0000000020000250        0x4 ./USB_DEVICE/App/usbd_desc.o
                0x0000000020000250                USBD_LangIDDesc
 .data.USBD_StringSerial
                0x0000000020000254       0x1a ./USB_DEVICE/App/usbd_desc.o
                0x0000000020000254                USBD_StringSerial
 *fill*         0x000000002000026e        0x2 
 .data._impure_ptr
                0x0000000020000270        0x4 c:/st/stm32cubeide_1.12.0/stm32cubeide/plugins/com.st.stm32cube.ide.mcu.externaltools.gnu-tools-for-stm32.10.3-2021.10.win32_1.0.200.202301161003/tools/bin/../lib/gcc/arm-none-eabi/10.3.1/../../../../arm-none-eabi/lib/thumb/v7e-m+fp/hard\libc_nano.a(lib_a-impure.o)
                0x0000000020000270                _impure_ptr
 .data.impure_data
                0x0000000020000274       0x60 c:/st/stm32cubeide_1.12.0/stm32cubeide/plugins/com.st.stm32cube.ide.mcu.externaltools.gnu-tools-for-stm32.10.3-2021.10.win32_1.0.200.202301161003/tools/bin/../lib/gcc/arm-none-eabi/10.3.1/../../../../arm-none-eabi/lib/thumb/v7e-m+fp/hard\libc_nano.a(lib_a-impure.o)
 *(.RamFunc)
 *(.RamFunc*)
                0x00000000200002d4                . = ALIGN (0x4)
                0x00000000200002d4                _edata = .

.igot.plt       0x00000000200002d4        0x0 load address 0x000000000800cde4
 .igot.plt      0x00000000200002d4        0x0 c:/st/stm32cubeide_1.12.0/stm32cubeide/plugins/com.st.stm32cube.ide.mcu.externaltools.gnu-tools-for-stm32.10.3-2021.10.win32_1.0.200.202301161003/tools/bin/../lib/gcc/arm-none-eabi/10.3.1/thumb/v7e-m+fp/hard/crtbegin.o
                0x00000000200002d4                . = ALIGN (0x4)

.bss            0x00000000200002d4     0x557c load address 0x000000000800cde4
                0x00000000200002d4                _sbss = .
                0x00000000200002d4                __bss_start__ = _sbss
 *(.bss)
 .bss           0x00000000200002d4       0x1c c:/st/stm32cubeide_1.12.0/stm32cubeide/plugins/com.st.stm32cube.ide.mcu.externaltools.gnu-tools-for-stm32.10.3-2021.10.win32_1.0.200.202301161003/tools/bin/../lib/gcc/arm-none-eabi/10.3.1/thumb/v7e-m+fp/hard/crtbegin.o
 *(.bss*)
 .bss.keyboard_report
                0x00000000200002f0        0x5 ./Core/Src/main.o
                0x00000000200002f0                keyboard_report
 *fill*         0x00000000200002f5        0x3 
 .bss.mouse_report
                0x00000000200002f8        0x5 ./Core/Src/main.o
                0x00000000200002f8                mouse_report
 *fill*         0x00000000200002fd        0x3 
 .bss.hadc1     0x0000000020000300       0x48 ./Core/Src/main.o
                0x0000000020000300                hadc1
 .bss.hdma_adc1
                0x0000000020000348       0x60 ./Core/Src/main.o
                0x0000000020000348                hdma_adc1
 .bss.StartPollingHandle
                0x00000000200003a8        0x4 ./Core/Src/main.o
                0x00000000200003a8                StartPollingHandle
 .bss.InputProcessingHandle
                0x00000000200003ac        0x4 ./Core/Src/main.o
                0x00000000200003ac                InputProcessingHandle
 .bss.capitalTimerHandle
                0x00000000200003b0        0x4 ./Core/Src/main.o
                0x00000000200003b0                capitalTimerHandle
 .bss.modeTimerHandle
                0x00000000200003b4        0x4 ./Core/Src/main.o
                0x00000000200003b4                modeTimerHandle
 .bss.angleDist1
                0x00000000200003b8        0x8 ./Core/Src/main.o
                0x00000000200003b8                angleDist1
 .bss.angleDist2
                0x00000000200003c0        0x8 ./Core/Src/main.o
                0x00000000200003c0                angleDist2