../Core/Src/main.c:756:6:modeTimerCallback	8	static
../Core/Src/main.c:341:6:SystemClock_Config	88	static,ignoring_inline_asm
../Core/Src/main.c:240:5:main	48	static,ignoring_inline_asm
../Core/Src/main.c:509:6:initializeDictionary	0	static
../Core/Src/main.c:513:6:sendCharacter	16	static
../Core/Src/main.c:745:6:capitalTimerCallback	8	static
../Core/Src/main.c:530:6:sendMouse	4	static
../Core/Src/main.c:547:6:sendMouseButtons	8	static
../Core/Src/main.c:611:6:checkModeSwitch	16	static
../Core/Src/main.c:627:6:getChar	8	static
../Core/Src/main.c:725:6:StartInputProcessing	8	static
../Core/Src/main.c:646:6:getAngleDist	16	static
../Core/Src/main.c:674:5:getZone	0	static
../Core/Src/main.c:694:6:StarPollingTask	8	static
../Core/Src/main.c:682:6:HAL_ADC_ConvCpltCallback	0	static
../Core/Src/main.c:772:6:HAL_TIM_PeriodElapsedCallback	0	static
../Core/Src/main.c:789:6:Error_Handler	0	static,ignoring_inline_asm
