../Core/Src/main.c:239:5:main	8	static
../Core/Src/main.c:340:6:SystemClock_Config	88	static
../Core/Src/main.c:386:13:MX_ADC1_Init	24	static
../Core/Src/main.c:463:13:MX_DMA_Init	16	static
../Core/Src/main.c:481:13:MX_GPIO_Init	40	static
../Core/Src/main.c:508:6:initializeDictionary	4	static
../Core/Src/main.c:512:6:sendCharacter	16	static
../Core/Src/main.c:529:6:sendMouse	16	static
../Core/Src/main.c:546:6:sendMouseButtons	16	static
../Core/Src/main.c:610:6:checkModeSwitch	16	static
../Core/Src/main.c:626:6:getChar	16	static
../Core/Src/main.c:645:6:getAngleDist	32	static
../Core/Src/main.c:673:5:getZone	16	static
../Core/Src/main.c:681:6:HAL_ADC_ConvCpltCallback	16	static
../Core/Src/main.c:693:6:StarPollingTask	16	static
../Core/Src/main.c:724:6:StartInputProcessing	16	static
../Core/Src/main.c:744:6:capitalTimerCallback	16	static
../Core/Src/main.c:755:6:modeTimerCallback	16	static
../Core/Src/main.c:771:6:HAL_TIM_PeriodElapsedCallback	16	static
../Core/Src/main.c:788:6:Error_Handler	4	static,ignoring_inline_asm
