Archive member included to satisfy reference by file (symbol)

c:/st/stm32cubeide_1.12.0/stm32cubeide/plugins/com.st.stm32cube.ide.mcu.externaltools.gnu-tools-for-stm32.10.3-2021.10.win32_1.0.200.202301161003/tools/bin/../lib/gcc/arm-none-eabi/10.3.1/../../../../arm-none-eabi/lib/thumb/v7e-m+fp/hard\libc_nano.a(lib_a-errno.o)
                              ./Core/Src/syscalls.o (__errno)
c:/st/stm32cubeide_1.12.0/stm32cubeide/plugins/com.st.stm32cube.ide.mcu.externaltools.gnu-tools-for-stm32.10.3-2021.10.win32_1.0.200.202301161003/tools/bin/../lib/gcc/arm-none-eabi/10.3.1/../../../../arm-none-eabi/lib/thumb/v7e-m+fp/hard\libc_nano.a(lib_a-exit.o)
                              c:/st/stm32cubeide_1.12.0/stm32cubeide/plugins/com.st.stm32cube.ide.mcu.externaltools.gnu-tools-for-stm32.10.3-2021.10.win32_1.0.200.202301161003/tools/bin/../lib/gcc/arm-none-eabi/10.3.1/../../../../arm-none-eabi/lib/thumb/v7e-m+fp/hard/crt0.o (exit)
c:/st/stm32cubeide_1.12.0/stm32cubeide/plugins/com.st.stm32cube.ide.mcu.externaltools.gnu-tools-for-stm32.10.3-2021.10.win32_1.0.200.202301161003/tools/bin/../lib/gcc/arm-none-eabi/10.3.1/../../../../arm-none-eabi/lib/thumb/v7e-m+fp/hard\libc_nano.a(lib_a-findfp.o)
                              ./Middlewares/Third_Party/FreeRTOS/Source/tasks.o (__sf_fake_stderr)
c:/st/stm32cubeide_1.12.0/stm32cubeide/plugins/com.st.stm32cube.ide.mcu.externaltools.gnu-tools-for-stm32.10.3-2021.10.win32_1.0.200.202301161003/tools/bin/../lib/gcc/arm-none-eabi/10.3.1/../../../../arm-none-eabi/lib/thumb/v7e-m+fp/hard\libc_nano.a(lib_a-fwalk.o)
                              c:/st/stm32cubeide_1.12.0/stm32cubeide/plugins/com.st.stm32cube.ide.mcu.externaltools.gnu-tools-for-stm32.10.3-2021.10.win32_1.0.200.202301161003/tools/bin/../lib/gcc/arm-none-eabi/10.3.1/../../../../arm-none-eabi/lib/thumb/v7e-m+fp/hard\libc_nano.a(lib_a-findfp.o) (_fwalk)
c:/st/stm32cubeide_1.12.0/stm32cubeide/plugins/com.st.stm32cube.ide.mcu.externaltools.gnu-tools-for-stm32.10.3-2021.10.win32_1.0.200.202301161003/tools/bin/../lib/gcc/arm-none-eabi/10.3.1/../../../../arm-none-eabi/lib/thumb/v7e-m+fp/hard\libc_nano.a(lib_a-impure.o)
                              c:/st/stm32cubeide_1.12.0/stm32cubeide/plugins/com.st.stm32cube.ide.mcu.externaltools.gnu-tools-for-stm32.10.3-2021.10.win32_1.0.200.202301161003/tools/bin/../lib/gcc/arm-none-eabi/10.3.1/../../../../arm-none-eabi/lib/thumb/v7e-m+fp/hard\libc_nano.a(lib_a-exit.o) (_global_impure_ptr)
c:/st/stm32cubeide_1.12.0/stm32cubeide/plugins/com.st.stm32cube.ide.mcu.externaltools.gnu-tools-for-stm32.10.3-2021.10.win32_1.0.200.202301161003/tools/bin/../lib/gcc/arm-none-eabi/10.3.1/../../../../arm-none-eabi/lib/thumb/v7e-m+fp/hard\libc_nano.a(lib_a-init.o)
                              c:/st/stm32cubeide_1.12.0/stm32cubeide/plugins/com.st.stm32cube.ide.mcu.externaltools.gnu-tools-for-stm32.10.3-2021.10.win32_1.0.200.202301161003/tools/bin/../lib/gcc/arm-none-eabi/10.3.1/../../../../arm-none-eabi/lib/thumb/v7e-m+fp/hard/crt0.o (__libc_init_array)
c:/st/stm32cubeide_1.12.0/stm32cubeide/plugins/com.st.stm32cube.ide.mcu.externaltools.gnu-tools-for-stm32.10.3-2021.10.win32_1.0.200.202301161003/tools/bin/../lib/gcc/arm-none-eabi/10.3.1/../../../../arm-none-eabi/lib/thumb/v7e-m+fp/hard\libc_nano.a(lib_a-lock.o)
                              c:/st/stm32cubeide_1.12.0/stm32cubeide/plugins/com.st.stm32cube.ide.mcu.externaltools.gnu-tools-for-stm32.10.3-2021.10.win32_1.0.200.202301161003/tools/bin/../lib/gcc/arm-none-eabi/10.3.1/../../../../arm-none-eabi/lib/thumb/v7e-m+fp/hard\libc_nano.a(lib_a-findfp.o) (__retarget_lock_init_recursive)
c:/st/stm32cubeide_1.12.0/stm32cubeide/plugins/com.st.stm32cube.ide.mcu.externaltools.gnu-tools-for-stm32.10.3-2021.10.win32_1.0.200.202301161003/tools/bin/../lib/gcc/arm-none-eabi/10.3.1/../../../../arm-none-eabi/lib/thumb/v7e-m+fp/hard\libc_nano.a(lib_a-memcpy-stub.o)
                              ./Middlewares/Third_Party/FreeRTOS/Source/CMSIS_RTOS_V2/cmsis_os2.o (memcpy)
c:/st/stm32cubeide_1.12.0/stm32cubeide/plugins/com.st.stm32cube.ide.mcu.externaltools.gnu-tools-for-stm32.10.3-2021.10.win32_1.0.200.202301161003/tools/bin/../lib/gcc/arm-none-eabi/10.3.1/../../../../arm-none-eabi/lib/thumb/v7e-m+fp/hard\libc_nano.a(lib_a-memset.o)
                              c:/st/stm32cubeide_1.12.0/stm32cubeide/plugins/com.st.stm32cube.ide.mcu.externaltools.gnu-tools-for-stm32.10.3-2021.10.win32_1.0.200.202301161003/tools/bin/../lib/gcc/arm-none-eabi/10.3.1/../../../../arm-none-eabi/lib/thumb/v7e-m+fp/hard/crt0.o (memset)
c:/st/stm32cubeide_1.12.0/stm32cubeide/plugins/com.st.stm32cube.ide.mcu.externaltools.gnu-tools-for-stm32.10.3-2021.10.win32_1.0.200.202301161003/tools/bin/../lib/gcc/arm-none-eabi/10.3.1/../../../../arm-none-eabi/lib/thumb/v7e-m+fp/hard\libc_nano.a(lib_a-nano-mallocr.o)
[...]
Memory Configuration

Name             Origin             Length             Attributes
RAM              0x0000000020000000 0x0000000000020000 xrw
FLASH            0x0000000008000000 0x0000000000080000 xr
*default*        0x0000000000000000 0xffffffffffffffff

Linker script and memory map

LOAD c:/st/stm32cubeide_1.12.0/stm32cubeide/plugins/com.st.stm32cube.ide.mcu.externaltools.gnu-tools-for-stm32.10.3-2021.10.win32_1.0.200.202301161003/tools/bin/../lib/gcc/arm-none-eabi/10.3.1/thumb/v7e-m+fp/hard/crti.o
LOAD c:/st/stm32cubeide_1.12.0/stm32cubeide/plugins/com.st.stm32cube.ide.mcu.externaltools.gnu-tools-for-stm32.10.3-2021.10.win32_1.0.200.202301161003/tools/bin/../lib/gcc/arm-none-eabi/10.3.1/thumb/v7e-m+fp/hard/crtbegin.o
LOAD c:/st/stm32cubeide_1.12.0/stm32cubeide/plugins/com.st.stm32cube.ide.mcu.externaltools.gnu-tools-for-stm32.10.3-2021.10.win32_1.0.200.202301161003/tools/bin/../lib/gcc/arm-none-eabi/10.3.1/../../../../arm-none-eabi/lib/thumb/v7e-m+fp/hard/crt0.o
LOAD ./Core/Src/freertos.o
LOAD ./Core/Src/main.o
LOAD ./Core/Src/stm32f4xx_hal_msp.o
LOAD ./Core/Src/stm32f4xx_hal_timebase_tim.o
LOAD ./Core/Src/stm32f4xx_it.o
LOAD ./Core/Src/syscalls.o
LOAD ./Core/Src/sysmem.o
LOAD ./Core/Src/system_stm32f4xx.o
LOAD ./Core/Startup/startup_stm32f411ceux.o
LOAD ./Drivers/STM32F4xx_HAL_Driver/Src/stm32f4xx_hal.o
LOAD ./Drivers/STM32F4xx_HAL_Driver/Src/stm32f4xx_hal_adc.o
LOAD ./Drivers/STM32F4xx_HAL_Driver/Src/stm32f4xx_hal_adc_ex.o
LOAD ./Drivers/STM32F4xx_HAL_Driver/Src/stm32f4xx_hal_cortex.o
LOAD ./Drivers/STM32F4xx_HAL_Driver/Src/stm32f4xx_hal_dma.o
LOAD ./Drivers/STM32F4xx_HAL_Driver/Src/stm32f4xx_hal_dma_ex.o
LOAD ./Drivers/STM32F4xx_HAL_Driver/Src/stm32f4xx_hal_exti.o
LOAD ./Drivers/STM32F4xx_HAL_Driver/Src/stm32f4xx_hal_flash.o
LOAD ./Drivers/STM32F4xx_HAL_Driver/Src/stm32f4xx_hal_flash_ex.o
LOAD ./Drivers/STM32F4xx_HAL_Driver/Src/stm32f4xx_hal_flash_ramfunc.o
LOAD ./Drivers/STM32F4xx_HAL_Driver/Src/stm32f4xx_hal_gpio.o
LOAD ./Drivers/STM32F4xx_HAL_Driver/Src/stm32f4xx_hal_pcd.o
LOAD ./Drivers/STM32F4xx_HAL_Driver/Src/stm32f4xx_hal_pcd_ex.o
LOAD ./Drivers/STM32F4xx_HAL_Driver/Src/stm32f4xx_hal_pwr.o
LOAD ./Drivers/STM32F4xx_HAL_Driver/Src/stm32f4xx_hal_pwr_ex.o
LOAD ./Drivers/STM32F4xx_HAL_Driver/Src/stm32f4xx_hal_rcc.o
LOAD ./Drivers/STM32F4xx_HAL_Driver/Src/stm32f4xx_hal_rcc_ex.o
LOAD ./Drivers/STM32F4xx_HAL_Driver/Src/stm32f4xx_hal_tim.o
LOAD ./Drivers/STM32F4xx_HAL_Driver/Src/stm32f4xx_hal_tim_ex.o
LOAD ./Drivers/STM32F4xx_HAL_Driver/Src/stm32f4xx_ll_adc.o
LOAD ./Drivers/STM32F4xx_HAL_Driver/Src/stm32f4xx_ll_usb.o
LOAD ./Middlewares/ST/STM32_USB_Device_Library/Class/CustomHID/Src/usbd_customhid.o
LOAD ./Middlewares/ST/STM32_USB_Device_Library/Core/Src/usbd_core.o
LOAD ./Middlewares/ST/STM32_USB_Device_Library/Core/Src/usbd_ctlreq.o
LOAD ./Middlewares/ST/STM32_USB_Device_Library/Core/Src/usbd_ioreq.o
LOAD ./Middlewares/Third_Party/FreeRTOS/Source/CMSIS_RTOS_V2/cmsis_os2.o
LOAD ./Middlewares/Third_Party/FreeRTOS/Source/croutine.o
LOAD ./Middlewares/Third_Party/FreeRTOS/Source/event_groups.o
LOAD ./Middlewares/Third_Party/FreeRTOS/Source/list.o
LOAD ./Middlewares/Third_Party/FreeRTOS/Source/queue.o
LOAD ./Middlewares/Third_Party/FreeRTOS/Source/stream_buffer.o
LOAD ./Middlewares/Third_Party/FreeRTOS/Source/tasks.o
LOAD ./Middlewares/Third_Party/FreeRTOS/Source/timers.o
LOAD ./Middlewares/Third_Party/FreeRTOS/Source/portable/GCC/ARM_CM4F/port.o
LOAD ./Middlewares/Third_Party/FreeRTOS/Source/portable/MemMang/heap_4.o
LOAD ./USB_DEVICE/App/usb_device.o
LOAD ./USB_DEVICE/App/usbd_custom_hid_if.o
LOAD ./USB_DEVICE/App/usbd_desc.o
LOAD ./USB_DEVICE/Target/usbd_conf.o
START GROUP
LOAD c:/st/stm32cubeide_1.12.0/stm32cubeide/plugins/com.st.stm32cube.ide.mcu.externaltools.gnu-tools-for-stm32.10.3-2021.10.win32_1.0.200.202301161003/tools/bin/../lib/gcc/arm-none-eabi/10.3.1/../../../../arm-none-eabi/lib/thumb/v7e-m+fp/hard\libc_nano.a
LOAD c:/st/stm32cubeide_1.12.0/stm32cubeide/plugins/com.st.stm32cube.ide.mcu.externaltools.gnu-tools-for-stm32.10.3-2021.10.win32_1.0.200.202301161003/tools/bin/../lib/gcc/arm-none-eabi/10.3.1/../../../../arm-none-eabi/lib/thumb/v7e-m+fp/hard\libm.a
END GROUP
START GROUP
LOAD c:/st/stm32cubeide_1.12.0/stm32cubeide/plugins/com.st.stm32cube.ide.mcu.externaltools.gnu-tools-for-stm32.10.3-2021.10.win32_1.0.200.202301161003/tools/bin/../lib/gcc/arm-none-eabi/10.3.1/thumb/v7e-m+fp/hard\libgcc.a
LOAD c:/st/stm32cubeide_1.12.0/stm32cubeide/plugins/com.st.stm32cube.ide.mcu.externaltools.gnu-tools-for-stm32.10.3-2021.10.win32_1.0.200.202301161003/tools/bin/../lib/gcc/arm-none-eabi/10.3.1/../../../../arm-none-eabi/lib/thumb/v7e-m+fp/hard\libc_nano.a
END GROUP
START GROUP
LOAD c:/st/stm32cubeide_1.12.0/stm32cubeide/plugins/com.st.stm32cube.ide.mcu.externaltools.gnu-tools-for-stm32.10.3-2021.10.win32_1.0.200.202301161003/tools/bin/../lib/gcc/arm-none-eabi/10.3.1/thumb/v7e-m+fp/hard\libgcc.a
LOAD c:/st/stm32cubeide_1.12.0/stm32cubeide/plugins/com.st.stm32cube.ide.mcu.externaltools.gnu-tools-for-stm32.10.3-2021.10.win32_1.0.200.202301161003/tools/bin/../lib/gcc/arm-none-eabi/10.3.1/../../../../arm-none-eabi/lib/thumb/v7e-m+fp/hard\libc_nano.a
LOAD c:/st/stm32cubeide_1.12.0/stm32cubeide/plugins/com.st.stm32cube.ide.mcu.externaltools.gnu-tools-for-stm32.10.3-2021.10.win32_1.0.200.202301161003/tools/bin/../lib/gcc/arm-none-eabi/10.3.1/../../../../arm-none-eabi/lib/thumb/v7e-m+fp/hard\libnosys.a
END GROUP
START GROUP
LOAD c:/st/stm32cubeide_1.12.0/stm32cubeide/plugins/com.st.stm32cube.ide.mcu.externaltools.gnu-tools-for-stm32.10.3-2021.10.win32_1.0.200.202301161003/tools/bin/../lib/gcc/arm-none-eabi/10.3.1/thumb/v7e-m+fp/hard\libgcc.a
LOAD c:/st/stm32cubeide_1.12.0/stm32cubeide/plugins/com.st.stm32cube.ide.mcu.externaltools.gnu-tools-for-stm32.10.3-2021.10.win32_1.0.200.202301161003/tools/bin/../lib/gcc/arm-none-eabi/10.3.1/../../../../arm-none-eabi/lib/thumb/v7e-m+fp/hard\libc_nano.a
LOAD c:/st/stm32cubeide_1.12.0/stm32cubeide/plugins/com.st.stm32cube.ide.mcu.externaltools.gnu-tools-for-stm32.10.3-2021.10.win32_1.0.200.202301161003/tools/bin/../lib/gcc/arm-none-eabi/10.3.1/../../../../arm-none-eabi/lib/thumb/v7e-m+fp/hard\libnosys.a
END GROUP
LOAD c:/st/stm32cubeide_1.12.0/stm32cubeide/plugins/com.st.stm32cube.ide.mcu.externaltools.gnu-tools-for-stm32.10.3-2021.10.win32_1.0.200.202301161003/tools/bin/../lib/gcc/arm-none-eabi/10.3.1/thumb/v7e-m+fp/hard/crtend.o
LOAD c:/st/stm32cubeide_1.12.0/stm32cubeide/plugins/com.st.stm32cube.ide.mcu.externaltools.gnu-tools-for-stm32.10.3-2021.10.win32_1.0.200.202301161003/tools/bin/../lib/gcc/arm-none-eabi/10.3.1/thumb/v7e-m+fp/hard/crtn.o
                0x0000000020020000                _estack = (ORIGIN (RAM) + LENGTH (RAM))
                0x0000000000000200                _Min_Heap_Size = 0x200
                0x0000000000000400                _Min_Stack_Size = 0x400

.isr_vector     0x0000000008000000      0x198
                0x0000000008000000                . = ALIGN (0x4)
 *(.isr_vector)
 .isr_vector    0x0000000008000000      0x198 ./Core/Startup/startup_stm32f411ceux.o
                0x0000000008000000                g_pfnVectors
                0x0000000008000198                . = ALIGN (0x4)

.text           0x00000000080001a0     0x7100
                0x00000000080001a0                . = ALIGN (0x4)
 *(.text)
 .text          0x00000000080001a0       0x40 c:/st/stm32cubeide_1.12.0/stm32cubeide/plugins/com.st.stm32cube.ide.mcu.externaltools.gnu-tools-for-stm32.10.3-2021.10.win32_1.0.200.202301161003/tools/bin/../lib/gcc/arm-none-eabi/10.3.1/thumb/v7e-m+fp/hard/crtbegin.o
 .text          0x00000000080001e0      0x378 c:/st/stm32cubeide_1.12.0/stm32cubeide/plugins/com.st.stm32cube.ide.mcu.externaltools.gnu-tools-for-stm32.10.3-2021.10.win32_1.0.200.202301161003/tools/bin/../lib/gcc/arm-none-eabi/10.3.1/thumb/v7e-m+fp/hard\libgcc.a(_arm_addsubdf3.o)
                0x00000000080001e0                __aeabi_drsub
                0x00000000080001e8                __aeabi_dsub
                0x00000000080001e8                __subdf3
                0x00000000080001ec                __aeabi_dadd
                0x00000000080001ec                __adddf3
                0x0000000008000464                __floatunsidf
                0x0000000008000464                __aeabi_ui2d
                0x0000000008000484                __floatsidf
                0x0000000008000484                __aeabi_i2d
                0x00000000080004a8                __aeabi_f2d
                0x00000000080004a8                __extendsfdf2
                0x00000000080004ec                __floatundidf
                0x00000000080004ec                __aeabi_ul2d
                0x00000000080004fc                __floatdidf
                0x00000000080004fc                __aeabi_l2d
 .text          0x0000000008000558      0x424 c:/st/stm32cubeide_1.12.0/stm32cubeide/plugins/com.st.stm32cube.ide.mcu.externaltools.gnu-tools-for-stm32.10.3-2021.10.win32_1.0.200.202301161003/tools/bin/../lib/gcc/arm-none-eabi/10.3.1/thumb/v7e-m+fp/hard\libgcc.a(_arm_muldivdf3.o)
                0x0000000008000558                __aeabi_dmul
                0x0000000008000558                __muldf3
                0x00000000080007ac                __divdf3
                0x00000000080007ac                __aeabi_ddiv
 .text          0x000000000800097c      0x110 c:/st/stm32cubeide_1.12.0/stm32cubeide/plugins/com.st.stm32cube.ide.mcu.externaltools.gnu-tools-for-stm32.10.3-2021.10.win32_1.0.200.202301161003/tools/bin/../lib/gcc/arm-none-eabi/10.3.1/thumb/v7e-m+fp/hard\libgcc.a(_arm_cmpdf2.o)
                0x000000000800097c                __gtdf2
                0x000000000800097c                __gedf2
                0x0000000008000984                __ltdf2
                0x0000000008000984                __ledf2
                0x000000000800098c                __nedf2
                0x000000000800098c                __eqdf2
                0x000000000800098c                __cmpdf2
                0x0000000008000a08                __aeabi_cdrcmple
                0x0000000008000a18                __aeabi_cdcmpeq
                0x0000000008000a18                __aeabi_cdcmple
                0x0000000008000a28                __aeabi_dcmpeq
                0x0000000008000a3c                __aeabi_dcmplt
                0x0000000008000a50                __aeabi_dcmple
                0x0000000008000a64                __aeabi_dcmpge
                0x0000000008000a78                __aeabi_dcmpgt
 .text          0x0000000008000a8c       0x2c c:/st/stm32cubeide_1.12.0/stm32cubeide/plugins/com.st.stm32cube.ide.mcu.externaltools.gnu-tools-for-stm32.10.3-2021.10.win32_1.0.200.202301161003/tools/bin/../lib/gcc/arm-none-eabi/10.3.1/thumb/v7e-m+fp/hard\libgcc.a(_arm_unorddf2.o)
                0x0000000008000a8c                __unorddf2
                0x0000000008000a8c                __aeabi_dcmpun
 .text          0x0000000008000ab8       0x50 c:/st/stm32cubeide_1.12.0/stm32cubeide/plugins/com.st.stm32cube.ide.mcu.externaltools.gnu-tools-for-stm32.10.3-2021.10.win32_1.0.200.202301161003/tools/bin/../lib/gcc/arm-none-eabi/10.3.1/thumb/v7e-m+fp/hard\libgcc.a(_arm_fixdfsi.o)
                0x0000000008000ab8                __aeabi_d2iz
                0x0000000008000ab8                __fixdfsi
 .text          0x0000000008000b08       0x30 c:/st/stm32cubeide_1.12.0/stm32cubeide/plugins/com.st.stm32cube.ide.mcu.externaltools.gnu-tools-for-stm32.10.3-2021.10.win32_1.0.200.202301161003/tools/bin/../lib/gcc/arm-none-eabi/10.3.1/thumb/v7e-m+fp/hard\libgcc.a(_aeabi_uldivmod.o)
                0x0000000008000b08                __aeabi_uldivmod
 .text          0x0000000008000b38      0x2d0 c:/st/stm32cubeide_1.12.0/stm32cubeide/plugins/com.st.stm32cube.ide.mcu.externaltools.gnu-tools-for-stm32.10.3-2021.10.win32_1.0.200.202301161003/tools/bin/../lib/gcc/arm-none-eabi/10.3.1/thumb/v7e-m+fp/hard\libgcc.a(_udivmoddi4.o)
                0x0000000008000b38                __udivmoddi4
 .text          0x0000000008000e08        0x4 c:/st/stm32cubeide_1.12.0/stm32cubeide/plugins/com.st.stm32cube.ide.mcu.externaltools.gnu-tools-for-stm32.10.3-2021.10.win32_1.0.200.202301161003/tools/bin/../lib/gcc/arm-none-eabi/10.3.1/thumb/v7e-m+fp/hard\libgcc.a(_dvmd_tls.o)
                0x0000000008000e08                __aeabi_idiv0
                0x0000000008000e08                __aeabi_ldiv0
 *(.text*)
 .text.modeTimerCallback
                0x0000000008000e0c       0x20 ./Core/Src/main.o
                0x0000000008000e0c                modeTimerCallback
 .text.SystemClock_Config
                0x0000000008000e2c       0xa0 ./Core/Src/main.o
                0x0000000008000e2c                SystemClock_Config
 .text.startup.main
                0x0000000008000ecc      0x1fc ./Core/Src/main.o
                0x0000000008000ecc                main
 .text.sendCharacter
                0x00000000080010c8       0x48 ./Core/Src/main.o
                0x00000000080010c8                sendCharacter
 .text.capitalTimerCallback
                0x0000000008001110       0x38 ./Core/Src/main.o
                0x0000000008001110                capitalTimerCallback
 .text.sendMouse
                0x0000000008001148       0x70 ./Core/Src/main.o
                0x0000000008001148                sendMouse
 .text.sendMouseButtons
                0x00000000080011b8       0xfc ./Core/Src/main.o
                0x00000000080011b8                sendMouseButtons
 .text.checkModeSwitch
                0x00000000080012b4       0x58 ./Core/Src/main.o
                0x00000000080012b4                checkModeSwitch
 .text.getChar  0x000000000800130c       0x70 ./Core/Src/main.o
                0x000000000800130c                getChar
 .text.StartInputProcessing
                0x000000000800137c       0x44 ./Core/Src/main.o
                0x000000000800137c                StartInputProcessing
 .text.getAngleDist
                0x00000000080013c0       0xa0 ./Core/Src/main.o
                0x00000000080013c0                getAngleDist
 .text.getZone  0x0000000008001460       0x4c ./Core/Src/main.o
                0x0000000008001460                getZone
 .text.StarPollingTask
                0x00000000080014ac       0x78 ./Core/Src/main.o
                0x00000000080014ac                StarPollingTask
 .text.HAL_ADC_ConvCpltCallback
                0x0000000008001524        0xc ./Core/Src/main.o
                0x0000000008001524                HAL_ADC_ConvCpltCallback
 .text.HAL_TIM_PeriodElapsedCallback
                0x0000000008001530       0x14 ./Core/Src/main.o
                0x0000000008001530                HAL_TIM_PeriodElapsedCallback
 .text.Error_Handler
                0x0000000008001544        0x4 ./Core/Src/main.o
                0x0000000008001544                Error_Handler
 .text.HAL_MspInit
                0x0000000008001548       0x40 ./Core/Src/stm32f4xx_hal_msp.o
                0x0000000008001548                HAL_MspInit
 .text.HAL_ADC_MspInit
                0x0000000008001588       0xa0 ./Core/Src/stm32f4xx_hal_msp.o
                0x0000000008001588                HAL_ADC_MspInit
 .text.HAL_InitTick
                0x0000000008001628       0x90 ./Core/Src/stm32f4xx_hal_timebase_tim.o
                0x0000000008001628                HAL_InitTick
 .text.NMI_Handler
                0x00000000080016b8        0x2 ./Core/Src/stm32f4xx_it.o
                0x00000000080016b8                NMI_Handler
 .text.HardFault_Handler
                0x00000000080016ba        0x2 ./Core/Src/stm32f4xx_it.o
                0x00000000080016ba                HardFault_Handler
 .text.MemManage_Handler
                0x00000000080016bc        0x2 ./Core/Src/stm32f4xx_it.o
                0x00000000080016bc                MemManage_Handler
 .text.BusFault_Handler
                0x00000000080016be        0x2 ./Core/Src/stm32f4xx_it.o
                0x00000000080016be                BusFault_Handler
 .text.UsageFault_Handler
                0x00000000080016c0        0x2 ./Core/Src/stm32f4xx_it.o
                0x00000000080016c0                UsageFault_Handler
 .text.DebugMon_Handler
                0x00000000080016c2        0x2 ./Core/Src/stm32f4xx_it.o
                0x00000000080016c2                DebugMon_Handler
 .text.TIM1_UP_TIM10_IRQHandler
                0x00000000080016c4        0xc ./Core/Src/stm32f4xx_it.o
                0x00000000080016c4                TIM1_UP_TIM10_IRQHandler
 .text.DMA2_Stream0_IRQHandler
                0x00000000080016d0        0xc ./Core/Src/stm32f4xx_it.o
                0x00000000080016d0                DMA2_Stream0_IRQHandler
 .text.OTG_FS_IRQHandler
                0x00000000080016dc        0xc ./Core/Src/stm32f4xx_it.o
                0x00000000080016dc                OTG_FS_IRQHandler
 .text.SystemInit
                0x00000000080016e8       0x14 ./Core/Src/system_stm32f4xx.o
                0x00000000080016e8                SystemInit
 .text.Reset_Handler
                0x00000000080016fc       0x50 ./Core/Startup/startup_stm32f411ceux.o
                0x00000000080016fc                Reset_Handler
 .text.Default_Handler
                0x000000000800174c        0x2 ./Core/Startup/startup_stm32f411ceux.o
                0x000000000800174c                RTC_Alarm_IRQHandler
                0x000000000800174c                EXTI2_IRQHandler
                0x000000000800174c                SPI4_IRQHandler
                0x000000000800174c                TIM1_CC_IRQHandler
                0x000000000800174c                DMA2_Stream5_IRQHandler
                0x000000000800174c                DMA1_Stream5_IRQHandler
                0x000000000800174c                PVD_IRQHandler
                0x000000000800174c                SDIO_IRQHandler
                0x000000000800174c                TAMP_STAMP_IRQHandler
                0x000000000800174c                EXTI3_IRQHandler
                0x000000000800174c                I2C3_ER_IRQHandler
                0x000000000800174c                EXTI0_IRQHandler
                0x000000000800174c                I2C2_EV_IRQHandler
                0x000000000800174c                DMA1_Stream2_IRQHandler
                0x000000000800174c                FPU_IRQHandler
                0x000000000800174c                DMA2_Stream2_IRQHandler
                0x000000000800174c                SPI1_IRQHandler
                0x000000000800174c                TIM1_BRK_TIM9_IRQHandler
                0x000000000800174c                DMA2_Stream3_IRQHandler
                0x000000000800174c                USART6_IRQHandler
                0x000000000800174c                TIM4_IRQHandler
                0x000000000800174c                I2C1_EV_IRQHandler
                0x000000000800174c                DMA1_Stream6_IRQHandler
                0x000000000800174c                DMA1_Stream1_IRQHandler
                0x000000000800174c                TIM3_IRQHandler
                0x000000000800174c                RCC_IRQHandler
                0x000000000800174c                Default_Handler
                0x000000000800174c                EXTI15_10_IRQHandler
                0x000000000800174c                ADC_IRQHandler
                0x000000000800174c                DMA1_Stream7_IRQHandler
                0x000000000800174c                SPI5_IRQHandler
                0x000000000800174c                TIM5_IRQHandler
                0x000000000800174c                DMA2_Stream7_IRQHandler
                0x000000000800174c                I2C3_EV_IRQHandler
                0x000000000800174c                EXTI9_5_IRQHandler
                0x000000000800174c                RTC_WKUP_IRQHandler
                0x000000000800174c                SPI2_IRQHandler
                0x000000000800174c                DMA1_Stream0_IRQHandler
                0x000000000800174c                EXTI4_IRQHandler
                0x000000000800174c                WWDG_IRQHandler
                0x000000000800174c                TIM2_IRQHandler
                0x000000000800174c                OTG_FS_WKUP_IRQHandler
                0x000000000800174c                TIM1_TRG_COM_TIM11_IRQHandler
                0x000000000800174c                EXTI1_IRQHandler
                0x000000000800174c                USART2_IRQHandler
                0x000000000800174c                I2C2_ER_IRQHandler
                0x000000000800174c                DMA2_Stream1_IRQHandler
                0x000000000800174c                FLASH_IRQHandler
                0x000000000800174c                DMA2_Stream4_IRQHandler
                0x000000000800174c                USART1_IRQHandler
                0x000000000800174c                SPI3_IRQHandler
                0x000000000800174c                DMA1_Stream4_IRQHandler
                0x000000000800174c                I2C1_ER_IRQHandler
                0x000000000800174c                DMA2_Stream6_IRQHandler
                0x000000000800174c                DMA1_Stream3_IRQHandler
 *fill*         0x000000000800174e        0x2 
 .text.HAL_Init
                0x0000000008001750       0x34 ./Drivers/STM32F4xx_HAL_Driver/Src/stm32f4xx_hal.o
                0x0000000008001750                HAL_Init
 .text.HAL_IncTick
                0x0000000008001784       0x18 ./Drivers/STM32F4xx_HAL_Driver/Src/stm32f4xx_hal.o
                0x0000000008001784                HAL_IncTick
 .text.HAL_GetTick
                0x000000000800179c        0xc ./Drivers/STM32F4xx_HAL_Driver/Src/stm32f4xx_hal.o
                0x000000000800179c                HAL_GetTick
 .text.HAL_Delay
                0x00000000080017a8       0x28 ./Drivers/STM32F4xx_HAL_Driver/Src/stm32f4xx_hal.o
                0x00000000080017a8                HAL_Delay
 .text.HAL_ADC_Init
                0x00000000080017d0      0x14c ./Drivers/STM32F4xx_HAL_Driver/Src/stm32f4xx_hal_adc.o
                0x00000000080017d0                HAL_ADC_Init
 .text.HAL_ADC_Start_DMA
                0x000000000800191c      0x12c ./Drivers/STM32F4xx_HAL_Driver/Src/stm32f4xx_hal_adc.o
                0x000000000800191c                HAL_ADC_Start_DMA
 .text.HAL_ADC_ConvHalfCpltCallback
                0x0000000008001a48        0x2 ./Drivers/STM32F4xx_HAL_Driver/Src/stm32f4xx_hal_adc.o
                0x0000000008001a48                HAL_ADC_ConvHalfCpltCallback
 .text.ADC_DMAHalfConvCplt
                0x0000000008001a4a        0xa ./Drivers/STM32F4xx_HAL_Driver/Src/stm32f4xx_hal_adc.o
 .text.HAL_ADC_ErrorCallback
                0x0000000008001a54        0x2 ./Drivers/STM32F4xx_HAL_Driver/Src/stm32f4xx_hal_adc.o
                0x0000000008001a54                HAL_ADC_ErrorCallback
 .text.ADC_DMAError
                0x0000000008001a56       0x16 ./Drivers/STM32F4xx_HAL_Driver/Src/stm32f4xx_hal_adc.o
 .text.ADC_DMAConvCplt
                0x0000000008001a6c       0x6c ./Drivers/STM32F4xx_HAL_Driver/Src/stm32f4xx_hal_adc.o
 .text.HAL_ADC_ConfigChannel
                0x0000000008001ad8      0x138 ./Drivers/STM32F4xx_HAL_Driver/Src/stm32f4xx_hal_adc.o
                0x0000000008001ad8                HAL_ADC_ConfigChannel
 .text.HAL_NVIC_SetPriorityGrouping
                0x0000000008001c10       0x24 ./Drivers/STM32F4xx_HAL_Driver/Src/stm32f4xx_hal_cortex.o
                0x0000000008001c10                HAL_NVIC_SetPriorityGrouping
 .text.HAL_NVIC_SetPriority
                0x0000000008001c34       0x64 ./Drivers/STM32F4xx_HAL_Driver/Src/stm32f4xx_hal_cortex.o
                0x0000000008001c34                HAL_NVIC_SetPriority
 .text.HAL_NVIC_EnableIRQ
                0x0000000008001c98       0x1c ./Drivers/STM32F4xx_HAL_Driver/Src/stm32f4xx_hal_cortex.o
                0x0000000008001c98                HAL_NVIC_EnableIRQ
 .text.DMA_CalcBaseAndBitshift
                0x0000000008001cb4       0x2c ./Drivers/STM32F4xx_HAL_Driver/Src/stm32f4xx_hal_dma.o
 .text.HAL_DMA_Init
                0x0000000008001ce0      0x100 ./Drivers/STM32F4xx_HAL_Driver/Src/stm32f4xx_hal_dma.o
                0x0000000008001ce0                HAL_DMA_Init
 .text.HAL_DMA_Start_IT
                0x0000000008001de0       0x74 ./Drivers/STM32F4xx_HAL_Driver/Src/stm32f4xx_hal_dma.o
                0x0000000008001de0                HAL_DMA_Start_IT
 .text.HAL_DMA_IRQHandler
                0x0000000008001e54      0x17c ./Drivers/STM32F4xx_HAL_Driver/Src/stm32f4xx_hal_dma.o
                0x0000000008001e54                HAL_DMA_IRQHandler
 .text.HAL_GPIO_Init
                0x0000000008001fd0      0x190 ./Drivers/STM32F4xx_HAL_Driver/Src/stm32f4xx_hal_gpio.o
                0x0000000008001fd0                HAL_GPIO_Init
 .text.HAL_GPIO_WritePin
                0x0000000008002160        0xa ./Drivers/STM32F4xx_HAL_Driver/Src/stm32f4xx_hal_gpio.o
                0x0000000008002160                HAL_GPIO_WritePin
 .text.HAL_GPIO_TogglePin
                0x000000000800216a       0x12 ./Drivers/STM32F4xx_HAL_Driver/Src/stm32f4xx_hal_gpio.o
                0x000000000800216a                HAL_GPIO_TogglePin
 .text.HAL_PCD_Init
                0x000000000800217c      0x10a ./Drivers/STM32F4xx_HAL_Driver/Src/stm32f4xx_hal_pcd.o
                0x000000000800217c                HAL_PCD_Init
 .text.HAL_PCD_Start
                0x0000000008002286       0x3e ./Drivers/STM32F4xx_HAL_Driver/Src/stm32f4xx_hal_pcd.o
                0x0000000008002286                HAL_PCD_Start
 .text.HAL_PCD_SetAddress
                0x00000000080022c4       0x28 ./Drivers/STM32F4xx_HAL_Driver/Src/stm32f4xx_hal_pcd.o
                0x00000000080022c4                HAL_PCD_SetAddress
 .text.HAL_PCD_EP_Open
                0x00000000080022ec       0x70 ./Drivers/STM32F4xx_HAL_Driver/Src/stm32f4xx_hal_pcd.o
                0x00000000080022ec                HAL_PCD_EP_Open
 .text.HAL_PCD_EP_Close
                0x000000000800235c       0x5e ./Drivers/STM32F4xx_HAL_Driver/Src/stm32f4xx_hal_pcd.o
                0x000000000800235c                HAL_PCD_EP_Close
 .text.HAL_PCD_EP_Receive
                0x00000000080023ba       0x48 ./Drivers/STM32F4xx_HAL_Driver/Src/stm32f4xx_hal_pcd.o
                0x00000000080023ba                HAL_PCD_EP_Receive
 .text.HAL_PCD_EP_Transmit
                0x0000000008002402       0x40 ./Drivers/STM32F4xx_HAL_Driver/Src/stm32f4xx_hal_pcd.o
                0x0000000008002402                HAL_PCD_EP_Transmit
 .text.HAL_PCD_EP_SetStall
                0x0000000008002442       0x70 ./Drivers/STM32F4xx_HAL_Driver/Src/stm32f4xx_hal_pcd.o
                0x0000000008002442                HAL_PCD_EP_SetStall
 .text.HAL_PCD_EP_ClrStall
                0x00000000080024b2       0x6c ./Drivers/STM32F4xx_HAL_Driver/Src/stm32f4xx_hal_pcd.o
                0x00000000080024b2                HAL_PCD_EP_ClrStall
 .text.HAL_PCD_EP_Abort
                0x000000000800251e       0x20 ./Drivers/STM32F4xx_HAL_Driver/Src/stm32f4xx_hal_pcd.o
                0x000000000800251e                HAL_PCD_EP_Abort
 *fill*         0x000000000800253e        0x2 
 .text.HAL_PCD_IRQHandler
                0x0000000008002540      0x68c ./Drivers/STM32F4xx_HAL_Driver/Src/stm32f4xx_hal_pcd.o
                0x0000000008002540                HAL_PCD_IRQHandler
 .text.HAL_PCDEx_SetTxFiFo
                0x0000000008002bcc       0x40 ./Drivers/STM32F4xx_HAL_Driver/Src/stm32f4xx_hal_pcd_ex.o
                0x0000000008002bcc                HAL_PCDEx_SetTxFiFo
 .text.HAL_PCDEx_SetRxFiFo
                0x0000000008002c0c        0x8 ./Drivers/STM32F4xx_HAL_Driver/Src/stm32f4xx_hal_pcd_ex.o
                0x0000000008002c0c                HAL_PCDEx_SetRxFiFo
 .text.HAL_PCDEx_LPM_Callback
                0x0000000008002c14        0x2 ./Drivers/STM32F4xx_HAL_Driver/Src/stm32f4xx_hal_pcd_ex.o
                0x0000000008002c14                HAL_PCDEx_LPM_Callback
 *fill*         0x0000000008002c16        0x2 
 .text.HAL_RCC_OscConfig
                0x0000000008002c18      0x360 ./Drivers/STM32F4xx_HAL_Driver/Src/stm32f4xx_hal_rcc.o
                0x0000000008002c18                HAL_RCC_OscConfig
 .text.HAL_RCC_GetSysClockFreq
                0x0000000008002f78       0x5c ./Drivers/STM32F4xx_HAL_Driver/Src/stm32f4xx_hal_rcc.o
                0x0000000008002f78                HAL_RCC_GetSysClockFreq
 .text.HAL_RCC_ClockConfig
                0x0000000008002fd4      0x138 ./Drivers/STM32F4xx_HAL_Driver/Src/stm32f4xx_hal_rcc.o
                0x0000000008002fd4                HAL_RCC_ClockConfig
 .text.HAL_RCC_GetHCLKFreq
                0x000000000800310c        0xc ./Drivers/STM32F4xx_HAL_Driver/Src/stm32f4xx_hal_rcc.o
                0x000000000800310c                HAL_RCC_GetHCLKFreq
 .text.HAL_RCC_GetPCLK2Freq
                0x0000000008003118       0x20 ./Drivers/STM32F4xx_HAL_Driver/Src/stm32f4xx_hal_rcc.o
                0x0000000008003118                HAL_RCC_GetPCLK2Freq
 .text.HAL_RCC_GetClockConfig
                0x0000000008003138       0x3c ./Drivers/STM32F4xx_HAL_Driver/Src/stm32f4xx_hal_rcc.o
                0x0000000008003138                HAL_RCC_GetClockConfig
 .text.HAL_TIM_Base_MspInit
                0x0000000008003174        0x2 ./Drivers/STM32F4xx_HAL_Driver/Src/stm32f4xx_hal_tim.o
                0x0000000008003174                HAL_TIM_Base_MspInit
 *fill*         0x0000000008003176        0x2 
 .text.HAL_TIM_Base_Start_IT
                0x0000000008003178       0x64 ./Drivers/STM32F4xx_HAL_Driver/Src/stm32f4xx_hal_tim.o
                0x0000000008003178                HAL_TIM_Base_Start_IT
 .text.HAL_TIM_OC_DelayElapsedCallback
                0x00000000080031dc        0x2 ./Drivers/STM32F4xx_HAL_Driver/Src/stm32f4xx_hal_tim.o
                0x00000000080031dc                HAL_TIM_OC_DelayElapsedCallback
 .text.HAL_TIM_IC_CaptureCallback
                0x00000000080031de        0x2 ./Drivers/STM32F4xx_HAL_Driver/Src/stm32f4xx_hal_tim.o
                0x00000000080031de                HAL_TIM_IC_CaptureCallback
 .text.HAL_TIM_PWM_PulseFinishedCallback
                0x00000000080031e0        0x2 ./Drivers/STM32F4xx_HAL_Driver/Src/stm32f4xx_hal_tim.o
                0x00000000080031e0                HAL_TIM_PWM_PulseFinishedCallback
 .text.HAL_TIM_TriggerCallback
                0x00000000080031e2        0x2 ./Drivers/STM32F4xx_HAL_Driver/Src/stm32f4xx_hal_tim.o
                0x00000000080031e2                HAL_TIM_TriggerCallback
 .text.HAL_TIM_IRQHandler
                0x00000000080031e4      0x144 ./Drivers/STM32F4xx_HAL_Driver/Src/stm32f4xx_hal_tim.o
                0x00000000080031e4                HAL_TIM_IRQHandler
 .text.TIM_Base_SetConfig
                0x0000000008003328       0x9c ./Drivers/STM32F4xx_HAL_Driver/Src/stm32f4xx_hal_tim.o
                0x0000000008003328                TIM_Base_SetConfig
 .text.HAL_TIM_Base_Init
                0x00000000080033c4       0x58 ./Drivers/STM32F4xx_HAL_Driver/Src/stm32f4xx_hal_tim.o
                0x00000000080033c4                HAL_TIM_Base_Init
 .text.HAL_TIMEx_CommutCallback
                0x000000000800341c        0x2 ./Drivers/STM32F4xx_HAL_Driver/Src/stm32f4xx_hal_tim_ex.o
                0x000000000800341c                HAL_TIMEx_CommutCallback
 .text.HAL_TIMEx_BreakCallback
                0x000000000800341e        0x2 ./Drivers/STM32F4xx_HAL_Driver/Src/stm32f4xx_hal_tim_ex.o
                0x000000000800341e                HAL_TIMEx_BreakCallback
 .text.USB_CoreReset
                0x0000000008003420       0x4c ./Drivers/STM32F4xx_HAL_Driver/Src/stm32f4xx_ll_usb.o
 .text.USB_CoreInit
                0x000000000800346c       0x80 ./Drivers/STM32F4xx_HAL_Driver/Src/stm32f4xx_ll_usb.o
                0x000000000800346c                USB_CoreInit
 .text.USB_SetTurnaroundTime
                0x00000000080034ec       0xe0 ./Drivers/STM32F4xx_HAL_Driver/Src/stm32f4xx_ll_usb.o
                0x00000000080034ec                USB_SetTurnaroundTime
 .text.USB_EnableGlobalInt
                0x00000000080035cc        0xc ./Drivers/STM32F4xx_HAL_Driver/Src/stm32f4xx_ll_usb.o
                0x00000000080035cc                USB_EnableGlobalInt
 .text.USB_DisableGlobalInt
                0x00000000080035d8        0xc ./Drivers/STM32F4xx_HAL_Driver/Src/stm32f4xx_ll_usb.o
                0x00000000080035d8                USB_DisableGlobalInt
 .text.USB_SetCurrentMode
                0x00000000080035e4       0x60 ./Drivers/STM32F4xx_HAL_Driver/Src/stm32f4xx_ll_usb.o
                0x00000000080035e4                USB_SetCurrentMode
 .text.USB_FlushTxFifo
                0x0000000008003644       0x4c ./Drivers/STM32F4xx_HAL_Driver/Src/stm32f4xx_ll_usb.o
                0x0000000008003644                USB_FlushTxFifo
 .text.USB_FlushRxFifo
                0x0000000008003690       0x48 ./Drivers/STM32F4xx_HAL_Driver/Src/stm32f4xx_ll_usb.o
                0x0000000008003690                USB_FlushRxFifo
 .text.USB_SetDevSpeed
                0x00000000080036d8        0xe ./Drivers/STM32F4xx_HAL_Driver/Src/stm32f4xx_ll_usb.o
                0x00000000080036d8                USB_SetDevSpeed
 *fill*         0x00000000080036e6        0x2 
 .text.USB_DevInit
                0x00000000080036e8      0x170 ./Drivers/STM32F4xx_HAL_Driver/Src/stm32f4xx_ll_usb.o
                0x00000000080036e8                USB_DevInit
 .text.USB_GetDevSpeed
                0x0000000008003858       0x16 ./Drivers/STM32F4xx_HAL_Driver/Src/stm32f4xx_ll_usb.o
                0x0000000008003858                USB_GetDevSpeed
 .text.USB_ActivateEndpoint
                0x000000000800386e       0x7c ./Drivers/STM32F4xx_HAL_Driver/Src/stm32f4xx_ll_usb.o
                0x000000000800386e                USB_ActivateEndpoint
 *fill*         0x00000000080038ea        0x2 
 .text.USB_DeactivateEndpoint
                0x00000000080038ec       0xac ./Drivers/STM32F4xx_HAL_Driver/Src/stm32f4xx_ll_usb.o
                0x00000000080038ec                USB_DeactivateEndpoint
 .text.USB_EP0StartXfer
                0x0000000008003998       0xf8 ./Drivers/STM32F4xx_HAL_Driver/Src/stm32f4xx_ll_usb.o
                0x0000000008003998                USB_EP0StartXfer
 .text.USB_EPStopXfer
                0x0000000008003a90       0x84 ./Drivers/STM32F4xx_HAL_Driver/Src/stm32f4xx_ll_usb.o
                0x0000000008003a90                USB_EPStopXfer
 .text.USB_WritePacket
                0x0000000008003b14       0x26 ./Drivers/STM32F4xx_HAL_Driver/Src/stm32f4xx_ll_usb.o
                0x0000000008003b14                USB_WritePacket
 *fill*         0x0000000008003b3a        0x2 
 .text.USB_EPStartXfer
                0x0000000008003b3c      0x1d8 ./Drivers/STM32F4xx_HAL_Driver/Src/stm32f4xx_ll_usb.o
                0x0000000008003b3c                USB_EPStartXfer
 .text.USB_ReadPacket
                0x0000000008003d14       0x40 ./Drivers/STM32F4xx_HAL_Driver/Src/stm32f4xx_ll_usb.o
                0x0000000008003d14                USB_ReadPacket
 .text.USB_EPSetStall
                0x0000000008003d54       0x56 ./Drivers/STM32F4xx_HAL_Driver/Src/stm32f4xx_ll_usb.o
                0x0000000008003d54                USB_EPSetStall
 .text.USB_EPClearStall
                0x0000000008003daa       0x52 ./Drivers/STM32F4xx_HAL_Driver/Src/stm32f4xx_ll_usb.o
                0x0000000008003daa                USB_EPClearStall
 .text.USB_SetDevAddress
                0x0000000008003dfc       0x20 ./Drivers/STM32F4xx_HAL_Driver/Src/stm32f4xx_ll_usb.o
                0x0000000008003dfc                USB_SetDevAddress
 .text.USB_DevConnect
                0x0000000008003e1c       0x1c ./Drivers/STM32F4xx_HAL_Driver/Src/stm32f4xx_ll_usb.o
                0x0000000008003e1c                USB_DevConnect
 .text.USB_DevDisconnect
                0x0000000008003e38       0x1c ./Drivers/STM32F4xx_HAL_Driver/Src/stm32f4xx_ll_usb.o
                0x0000000008003e38                USB_DevDisconnect
 .text.USB_ReadInterrupts
                0x0000000008003e54        0x8 ./Drivers/STM32F4xx_HAL_Driver/Src/stm32f4xx_ll_usb.o
                0x0000000008003e54                USB_ReadInterrupts
 .text.USB_ReadDevAllOutEpInterrupt
                0x0000000008003e5c       0x10 ./Drivers/STM32F4xx_HAL_Driver/Src/stm32f4xx_ll_usb.o
                0x0000000008003e5c                USB_ReadDevAllOutEpInterrupt
 .text.USB_ReadDevAllInEpInterrupt
                0x0000000008003e6c       0x10 ./Drivers/STM32F4xx_HAL_Driver/Src/stm32f4xx_ll_usb.o
                0x0000000008003e6c                USB_ReadDevAllInEpInterrupt
 .text.USB_ReadDevOutEPInterrupt
                0x0000000008003e7c       0x12 ./Drivers/STM32F4xx_HAL_Driver/Src/stm32f4xx_ll_usb.o
                0x0000000008003e7c                USB_ReadDevOutEPInterrupt
 .text.USB_ReadDevInEPInterrupt
                0x0000000008003e8e       0x24 ./Drivers/STM32F4xx_HAL_Driver/Src/stm32f4xx_ll_usb.o
                0x0000000008003e8e                USB_ReadDevInEPInterrupt
 .text.USB_GetMode
                0x0000000008003eb2        0x8 ./Drivers/STM32F4xx_HAL_Driver/Src/stm32f4xx_ll_usb.o
                0x0000000008003eb2                USB_GetMode
 .text.USB_ActivateSetup
                0x0000000008003eba       0x20 ./Drivers/STM32F4xx_HAL_Driver/Src/stm32f4xx_ll_usb.o
                0x0000000008003eba                USB_ActivateSetup
 *fill*         0x0000000008003eda        0x2 
 .text.USB_EP0_OutStart
                0x0000000008003edc       0x4c ./Drivers/STM32F4xx_HAL_Driver/Src/stm32f4xx_ll_usb.o
                0x0000000008003edc                USB_EP0_OutStart
 .text.USBD_CUSTOM_HID_DataIn
                0x0000000008003f28       0x10 ./Middlewares/ST/STM32_USB_Device_Library/Class/CustomHID/Src/usbd_customhid.o
 .text.USBD_CUSTOM_HID_DataOut
                0x0000000008003f38       0x24 ./Middlewares/ST/STM32_USB_Device_Library/Class/CustomHID/Src/usbd_customhid.o
 .text.USBD_CUSTOM_HID_EP0_RxReady
                0x0000000008003f5c       0x30 ./Middlewares/ST/STM32_USB_Device_Library/Class/CustomHID/Src/usbd_customhid.o
 .text.USBD_CUSTOM_HID_GetDeviceQualifierDesc
                0x0000000008003f8c        0xc ./Middlewares/ST/STM32_USB_Device_Library/Class/CustomHID/Src/usbd_customhid.o
 .text.USBD_CUSTOM_HID_GetFSCfgDesc
                0x0000000008003f98       0x40 ./Middlewares/ST/STM32_USB_Device_Library/Class/CustomHID/Src/usbd_customhid.o
 .text.USBD_CUSTOM_HID_GetOtherSpeedCfgDesc
                0x0000000008003fd8        0x4 ./Middlewares/ST/STM32_USB_Device_Library/Class/CustomHID/Src/usbd_customhid.o
 .text.USBD_CUSTOM_HID_GetHSCfgDesc
                0x0000000008003fdc       0x40 ./Middlewares/ST/STM32_USB_Device_Library/Class/CustomHID/Src/usbd_customhid.o
 .text.USBD_CUSTOM_HID_Setup
                0x000000000800401c      0x124 ./Middlewares/ST/STM32_USB_Device_Library/Class/CustomHID/Src/usbd_customhid.o
 .text.USBD_CUSTOM_HID_DeInit
                0x0000000008004140       0x50 ./Middlewares/ST/STM32_USB_Device_Library/Class/CustomHID/Src/usbd_customhid.o
 .text.USBD_CUSTOM_HID_Init
                0x0000000008004190       0x74 ./Middlewares/ST/STM32_USB_Device_Library/Class/CustomHID/Src/usbd_customhid.o
 .text.USBD_CUSTOM_HID_SendReport
                0x0000000008004204       0x38 ./Middlewares/ST/STM32_USB_Device_Library/Class/CustomHID/Src/usbd_customhid.o
                0x0000000008004204                USBD_CUSTOM_HID_SendReport
 .text.USBD_CUSTOM_HID_ReceivePacket
                0x000000000800423c       0x1e ./Middlewares/ST/STM32_USB_Device_Library/Class/CustomHID/Src/usbd_customhid.o
                0x000000000800423c                USBD_CUSTOM_HID_ReceivePacket
 .text.USBD_CUSTOM_HID_RegisterInterface
                0x000000000800425a       0x16 ./Middlewares/ST/STM32_USB_Device_Library/Class/CustomHID/Src/usbd_customhid.o
                0x000000000800425a                USBD_CUSTOM_HID_RegisterInterface
 .text.USBD_Init
                0x0000000008004270       0x26 ./Middlewares/ST/STM32_USB_Device_Library/Core/Src/usbd_core.o
                0x0000000008004270                USBD_Init
 .text.USBD_RegisterClass
                0x0000000008004296       0x32 ./Middlewares/ST/STM32_USB_Device_Library/Core/Src/usbd_core.o
                0x0000000008004296                USBD_RegisterClass
 .text.USBD_Start
                0x00000000080042c8        0x4 ./Middlewares/ST/STM32_USB_Device_Library/Core/Src/usbd_core.o
                0x00000000080042c8                USBD_Start
 .text.USBD_SetClassConfig
                0x00000000080042cc        0xe ./Middlewares/ST/STM32_USB_Device_Library/Core/Src/usbd_core.o
                0x00000000080042cc                USBD_SetClassConfig
 .text.USBD_ClrClassConfig
                0x00000000080042da       0x12 ./Middlewares/ST/STM32_USB_Device_Library/Core/Src/usbd_core.o
                0x00000000080042da                USBD_ClrClassConfig
 .text.USBD_LL_SetupStage
                0x00000000080042ec       0x60 ./Middlewares/ST/STM32_USB_Device_Library/Core/Src/usbd_core.o
                0x00000000080042ec                USBD_LL_SetupStage
 .text.USBD_LL_DataOutStage
                0x000000000800434c       0x6a ./Middlewares/ST/STM32_USB_Device_Library/Core/Src/usbd_core.o
                0x000000000800434c                USBD_LL_DataOutStage
 .text.USBD_LL_DataInStage
                0x00000000080043b6       0xae ./Middlewares/ST/STM32_USB_Device_Library/Core/Src/usbd_core.o
                0x00000000080043b6                USBD_LL_DataInStage
 .text.USBD_LL_Reset
                0x0000000008004464       0x5e ./Middlewares/ST/STM32_USB_Device_Library/Core/Src/usbd_core.o
                0x0000000008004464                USBD_LL_Reset
 .text.USBD_LL_SetSpeed
                0x00000000080044c2        0x6 ./Middlewares/ST/STM32_USB_Device_Library/Core/Src/usbd_core.o
                0x00000000080044c2                USBD_LL_SetSpeed
 .text.USBD_LL_Suspend
                0x00000000080044c8       0x14 ./Middlewares/ST/STM32_USB_Device_Library/Core/Src/usbd_core.o
                0x00000000080044c8                USBD_LL_Suspend
 .text.USBD_LL_Resume
                0x00000000080044dc       0x16 ./Middlewares/ST/STM32_USB_Device_Library/Core/Src/usbd_core.o
                0x00000000080044dc                USBD_LL_Resume
 .text.USBD_LL_SOF
                0x00000000080044f2       0x1a ./Middlewares/ST/STM32_USB_Device_Library/Core/Src/usbd_core.o
                0x00000000080044f2                USBD_LL_SOF
 .text.USBD_LL_IsoINIncomplete
                0x000000000800450c       0x28 ./Middlewares/ST/STM32_USB_Device_Library/Core/Src/usbd_core.o
                0x000000000800450c                USBD_LL_IsoINIncomplete
 .text.USBD_LL_IsoOUTIncomplete
                0x0000000008004534       0x28 ./Middlewares/ST/STM32_USB_Device_Library/Core/Src/usbd_core.o
                0x0000000008004534                USBD_LL_IsoOUTIncomplete
 .text.USBD_LL_DevConnected
                0x000000000800455c        0x4 ./Middlewares/ST/STM32_USB_Device_Library/Core/Src/usbd_core.o
                0x000000000800455c                USBD_LL_DevConnected
 .text.USBD_LL_DevDisconnected
                0x0000000008004560       0x20 ./Middlewares/ST/STM32_USB_Device_Library/Core/Src/usbd_core.o
                0x0000000008004560                USBD_LL_DevDisconnected
 .text.USBD_CoreFindIF
                0x0000000008004580        0x4 ./Middlewares/ST/STM32_USB_Device_Library/Core/Src/usbd_core.o
                0x0000000008004580                USBD_CoreFindIF
 .text.USBD_CoreFindEP
                0x0000000008004584        0x4 ./Middlewares/ST/STM32_USB_Device_Library/Core/Src/usbd_core.o
                0x0000000008004584                USBD_CoreFindEP
 .text.USBD_GetEpDesc
                0x0000000008004588       0x24 ./Middlewares/ST/STM32_USB_Device_Library/Core/Src/usbd_core.o
                0x0000000008004588                USBD_GetEpDesc
 .text.USBD_CtlError.constprop.0
                0x00000000080045ac       0x16 ./Middlewares/ST/STM32_USB_Device_Library/Core/Src/usbd_ctlreq.o
 *fill*         0x00000000080045c2        0x2 
 .text.USBD_StdDevReq
                0x00000000080045c4      0x2ac ./Middlewares/ST/STM32_USB_Device_Library/Core/Src/usbd_ctlreq.o
                0x00000000080045c4                USBD_StdDevReq
 .text.USBD_StdItfReq
                0x0000000008004870       0x5e ./Middlewares/ST/STM32_USB_Device_Library/Core/Src/usbd_ctlreq.o
                0x0000000008004870                USBD_StdItfReq
 .text.USBD_StdEPReq
                0x00000000080048ce      0x13c ./Middlewares/ST/STM32_USB_Device_Library/Core/Src/usbd_ctlreq.o
                0x00000000080048ce                USBD_StdEPReq
 .text.USBD_ParseSetupRequest
                0x0000000008004a0a       0x16 ./Middlewares/ST/STM32_USB_Device_Library/Core/Src/usbd_ctlreq.o
                0x0000000008004a0a                USBD_ParseSetupRequest
 .text.USBD_CtlError
                0x0000000008004a20       0x16 ./Middlewares/ST/STM32_USB_Device_Library/Core/Src/usbd_ctlreq.o
                0x0000000008004a20                USBD_CtlError
 .text.USBD_GetString
                0x0000000008004a36       0x38 ./Middlewares/ST/STM32_USB_Device_Library/Core/Src/usbd_ctlreq.o
                0x0000000008004a36                USBD_GetString
 .text.USBD_CtlSendData
                0x0000000008004a6e       0x1a ./Middlewares/ST/STM32_USB_Device_Library/Core/Src/usbd_ioreq.o
                0x0000000008004a6e                USBD_CtlSendData
 .text.USBD_CtlContinueSendData
                0x0000000008004a88       0x10 ./Middlewares/ST/STM32_USB_Device_Library/Core/Src/usbd_ioreq.o
                0x0000000008004a88                USBD_CtlContinueSendData
 .text.USBD_CtlPrepareRx
                0x0000000008004a98       0x1a ./Middlewares/ST/STM32_USB_Device_Library/Core/Src/usbd_ioreq.o
                0x0000000008004a98                USBD_CtlPrepareRx
 .text.USBD_CtlContinueRx
                0x0000000008004ab2       0x10 ./Middlewares/ST/STM32_USB_Device_Library/Core/Src/usbd_ioreq.o
                0x0000000008004ab2                USBD_CtlContinueRx
 .text.USBD_CtlSendStatus
                0x0000000008004ac2       0x16 ./Middlewares/ST/STM32_USB_Device_Library/Core/Src/usbd_ioreq.o
                0x0000000008004ac2                USBD_CtlSendStatus
 .text.USBD_CtlReceiveStatus
                0x0000000008004ad8       0x16 ./Middlewares/ST/STM32_USB_Device_Library/Core/Src/usbd_ioreq.o
                0x0000000008004ad8                USBD_CtlReceiveStatus
 .text.TimerCallback
                0x0000000008004aee       0x14 ./Middlewares/Third_Party/FreeRTOS/Source/CMSIS_RTOS_V2/cmsis_os2.o
 .text.SysTick_Handler
                0x0000000008004b02       0x1a ./Middlewares/Third_Party/FreeRTOS/Source/CMSIS_RTOS_V2/cmsis_os2.o
                0x0000000008004b02                SysTick_Handler
 .text.osKernelInitialize
                0x0000000008004b1c       0x24 ./Middlewares/Third_Party/FreeRTOS/Source/CMSIS_RTOS_V2/cmsis_os2.o
                0x0000000008004b1c                osKernelInitialize
 .text.osKernelStart
                0x0000000008004b40       0x34 ./Middlewares/Third_Party/FreeRTOS/Source/CMSIS_RTOS_V2/cmsis_os2.o
                0x0000000008004b40                osKernelStart
 .text.osThreadNew
                0x0000000008004b74       0x92 ./Middlewares/Third_Party/FreeRTOS/Source/CMSIS_RTOS_V2/cmsis_os2.o
                0x0000000008004b74                osThreadNew
 .text.osDelay  0x0000000008004c06       0x18 ./Middlewares/Third_Party/FreeRTOS/Source/CMSIS_RTOS_V2/cmsis_os2.o
                0x0000000008004c06                osDelay
 *fill*         0x0000000008004c1e        0x2 
 .text.osTimerNew
                0x0000000008004c20       0x78 ./Middlewares/Third_Party/FreeRTOS/Source/CMSIS_RTOS_V2/cmsis_os2.o
                0x0000000008004c20                osTimerNew
 .text.osTimerStart
                0x0000000008004c98       0x2e ./Middlewares/Third_Party/FreeRTOS/Source/CMSIS_RTOS_V2/cmsis_os2.o
                0x0000000008004c98                osTimerStart
 .text.osTimerStop
                0x0000000008004cc6       0x3e ./Middlewares/Third_Party/FreeRTOS/Source/CMSIS_RTOS_V2/cmsis_os2.o
                0x0000000008004cc6                osTimerStop
 .text.vApplicationGetIdleTaskMemory
                0x0000000008004d04       0x18 ./Middlewares/Third_Party/FreeRTOS/Source/CMSIS_RTOS_V2/cmsis_os2.o
                0x0000000008004d04                vApplicationGetIdleTaskMemory
 .text.vApplicationGetTimerTaskMemory
                0x0000000008004d1c       0x18 ./Middlewares/Third_Party/FreeRTOS/Source/CMSIS_RTOS_V2/cmsis_os2.o
                0x0000000008004d1c                vApplicationGetTimerTaskMemory
 .text.vListInitialise
                0x0000000008004d34       0x16 ./Middlewares/Third_Party/FreeRTOS/Source/list.o
                0x0000000008004d34                vListInitialise
 .text.vListInitialiseItem
                0x0000000008004d4a        0x6 ./Middlewares/Third_Party/FreeRTOS/Source/list.o
                0x0000000008004d4a                vListInitialiseItem
 .text.vListInsertEnd
                0x0000000008004d50       0x18 ./Middlewares/Third_Party/FreeRTOS/Source/list.o
                0x0000000008004d50                vListInsertEnd
 .text.vListInsert
                0x0000000008004d68       0x2e ./Middlewares/Third_Party/FreeRTOS/Source/list.o
                0x0000000008004d68                vListInsert
 .text.uxListRemove
                0x0000000008004d96       0x20 ./Middlewares/Third_Party/FreeRTOS/Source/list.o
                0x0000000008004d96                uxListRemove
 .text.prvIsQueueEmpty
                0x0000000008004db6       0x16 ./Middlewares/Third_Party/FreeRTOS/Source/queue.o
 .text.prvCopyDataToQueue
                0x0000000008004dcc       0x6a ./Middlewares/Third_Party/FreeRTOS/Source/queue.o
 .text.prvCopyDataFromQueue
                0x0000000008004e36       0x2c ./Middlewares/Third_Party/FreeRTOS/Source/queue.o
 .text.prvUnlockQueue
                0x0000000008004e62       0x70 ./Middlewares/Third_Party/FreeRTOS/Source/queue.o
 .text.xQueueGenericReset
                0x0000000008004ed2       0x7e ./Middlewares/Third_Party/FreeRTOS/Source/queue.o
                0x0000000008004ed2                xQueueGenericReset
 .text.xQueueGenericCreateStatic
                0x0000000008004f50       0x9c ./Middlewares/Third_Party/FreeRTOS/Source/queue.o
                0x0000000008004f50                xQueueGenericCreateStatic
 .text.xQueueGenericSend
                0x0000000008004fec      0x166 ./Middlewares/Third_Party/FreeRTOS/Source/queue.o
                0x0000000008004fec                xQueueGenericSend
 .text.xQueueGenericSendFromISR
                0x0000000008005152       0xc4 ./Middlewares/Third_Party/FreeRTOS/Source/queue.o
                0x0000000008005152                xQueueGenericSendFromISR
 .text.xQueueReceive
                0x0000000008005216      0x13e ./Middlewares/Third_Party/FreeRTOS/Source/queue.o
                0x0000000008005216                xQueueReceive
 .text.vQueueAddToRegistry
                0x0000000008005354       0x24 ./Middlewares/Third_Party/FreeRTOS/Source/queue.o
                0x0000000008005354                vQueueAddToRegistry
 .text.vQueueWaitForMessageRestricted
                0x0000000008005378       0x46 ./Middlewares/Third_Party/FreeRTOS/Source/queue.o
                0x0000000008005378                vQueueWaitForMessageRestricted
 *fill*         0x00000000080053be        0x2 
 .text.prvAddNewTaskToReadyList
                0x00000000080053c0      0x100 ./Middlewares/Third_Party/FreeRTOS/Source/tasks.o
 .text.prvAddCurrentTaskToDelayedList
                0x00000000080054c0       0x70 ./Middlewares/Third_Party/FreeRTOS/Source/tasks.o
 .text.prvResetNextTaskUnblockTime
                0x0000000008005530       0x24 ./Middlewares/Third_Party/FreeRTOS/Source/tasks.o
 .text.prvDeleteTCB
                0x0000000008005554       0x3c ./Middlewares/Third_Party/FreeRTOS/Source/tasks.o
 .text.prvIdleTask
                0x0000000008005590       0x60 ./Middlewares/Third_Party/FreeRTOS/Source/tasks.o
 .text.prvInitialiseNewTask.constprop.0
                0x00000000080055f0       0xc0 ./Middlewares/Third_Party/FreeRTOS/Source/tasks.o
 .text.xTaskCreateStatic
                0x00000000080056b0       0x70 ./Middlewares/Third_Party/FreeRTOS/Source/tasks.o
                0x00000000080056b0                xTaskCreateStatic
 .text.xTaskCreate
                0x0000000008005720       0x5a ./Middlewares/Third_Party/FreeRTOS/Source/tasks.o
                0x0000000008005720                xTaskCreate
 *fill*         0x000000000800577a        0x2 
 .text.vTaskStartScheduler
                0x000000000800577c       0xa0 ./Middlewares/Third_Party/FreeRTOS/Source/tasks.o
                0x000000000800577c                vTaskStartScheduler
 .text.vTaskSuspendAll
                0x000000000800581c       0x10 ./Middlewares/Third_Party/FreeRTOS/Source/tasks.o
                0x000000000800581c                vTaskSuspendAll
 .text.xTaskGetTickCount
                0x000000000800582c        0xc ./Middlewares/Third_Party/FreeRTOS/Source/tasks.o
                0x000000000800582c                xTaskGetTickCount
 .text.xTaskIncrementTick
                0x0000000008005838      0x12c ./Middlewares/Third_Party/FreeRTOS/Source/tasks.o
                0x0000000008005838                xTaskIncrementTick
 .text.xTaskResumeAll
                0x0000000008005964       0xe8 ./Middlewares/Third_Party/FreeRTOS/Source/tasks.o
                0x0000000008005964                xTaskResumeAll
 .text.vTaskDelay
                0x0000000008005a4c       0x48 ./Middlewares/Third_Party/FreeRTOS/Source/tasks.o
                0x0000000008005a4c                vTaskDelay
 .text.vTaskSwitchContext
                0x0000000008005a94       0x80 ./Middlewares/Third_Party/FreeRTOS/Source/tasks.o
                0x0000000008005a94                vTaskSwitchContext
 .text.vTaskPlaceOnEventList
                0x0000000008005b14       0x34 ./Middlewares/Third_Party/FreeRTOS/Source/tasks.o
                0x0000000008005b14                vTaskPlaceOnEventList
 .text.vTaskPlaceOnEventListRestricted
                0x0000000008005b48       0x3c ./Middlewares/Third_Party/FreeRTOS/Source/tasks.o
                0x0000000008005b48                vTaskPlaceOnEventListRestricted
 .text.xTaskRemoveFromEventList
                0x0000000008005b84       0x88 ./Middlewares/Third_Party/FreeRTOS/Source/tasks.o
                0x0000000008005b84                xTaskRemoveFromEventList
 .text.vTaskInternalSetTimeOutState
                0x0000000008005c0c       0x18 ./Middlewares/Third_Party/FreeRTOS/Source/tasks.o
                0x0000000008005c0c                vTaskInternalSetTimeOutState
 .text.xTaskCheckForTimeOut
                0x0000000008005c24       0x78 ./Middlewares/Third_Party/FreeRTOS/Source/tasks.o
                0x0000000008005c24                xTaskCheckForTimeOut
 .text.vTaskMissedYield
                0x0000000008005c9c        0xc ./Middlewares/Third_Party/FreeRTOS/Source/tasks.o
                0x0000000008005c9c                vTaskMissedYield
 .text.xTaskGetSchedulerState
                0x0000000008005ca8       0x20 ./Middlewares/Third_Party/FreeRTOS/Source/tasks.o
                0x0000000008005ca8                xTaskGetSchedulerState
 .text.xTaskPriorityDisinherit
                0x0000000008005cc8       0x88 ./Middlewares/Third_Party/FreeRTOS/Source/tasks.o
                0x0000000008005cc8                xTaskPriorityDisinherit
 .text.prvCheckForValidListAndQueue
                0x0000000008005d50       0x68 ./Middlewares/Third_Party/FreeRTOS/Source/timers.o
 .text.prvInsertTimerInActiveList
                0x0000000008005db8       0x3c ./Middlewares/Third_Party/FreeRTOS/Source/timers.o
 .text.prvInitialiseNewTimer
                0x0000000008005df4       0x4c ./Middlewares/Third_Party/FreeRTOS/Source/timers.o
 .text.xTimerCreateTimerTask
                0x0000000008005e40       0x64 ./Middlewares/Third_Party/FreeRTOS/Source/timers.o
                0x0000000008005e40                xTimerCreateTimerTask
 .text.xTimerCreate
                0x0000000008005ea4       0x34 ./Middlewares/Third_Party/FreeRTOS/Source/timers.o
                0x0000000008005ea4                xTimerCreate
 .text.xTimerCreateStatic
                0x0000000008005ed8       0x4e ./Middlewares/Third_Party/FreeRTOS/Source/timers.o
                0x0000000008005ed8                xTimerCreateStatic
 *fill*         0x0000000008005f26        0x2 
 .text.xTimerGenericCommand
                0x0000000008005f28       0x58 ./Middlewares/Third_Party/FreeRTOS/Source/timers.o
                0x0000000008005f28                xTimerGenericCommand
 .text.prvSampleTimeNow
                0x0000000008005f80       0xac ./Middlewares/Third_Party/FreeRTOS/Source/timers.o
 .text.prvTimerTask
                0x000000000800602c      0x1cc ./Middlewares/Third_Party/FreeRTOS/Source/timers.o
 .text.xTimerIsTimerActive
                0x00000000080061f8       0x30 ./Middlewares/Third_Party/FreeRTOS/Source/timers.o
                0x00000000080061f8                xTimerIsTimerActive
 .text.pvTimerGetTimerID
                0x0000000008006228       0x2a ./Middlewares/Third_Party/FreeRTOS/Source/timers.o
                0x0000000008006228                pvTimerGetTimerID
 *fill*         0x0000000008006252        0x2 
 .text.prvPortStartFirstTask
                0x0000000008006254       0x28 ./Middlewares/Third_Party/FreeRTOS/Source/portable/GCC/ARM_CM4F/port.o
 .text.vPortEnableVFP
                0x000000000800627c       0x14 ./Middlewares/Third_Party/FreeRTOS/Source/portable/GCC/ARM_CM4F/port.o
 .text.prvTaskExitError
                0x0000000008006290       0x40 ./Middlewares/Third_Party/FreeRTOS/Source/portable/GCC/ARM_CM4F/port.o
 .text.pxPortInitialiseStack
                0x00000000080062d0       0x2c ./Middlewares/Third_Party/FreeRTOS/Source/portable/GCC/ARM_CM4F/port.o
                0x00000000080062d0                pxPortInitialiseStack
 *fill*         0x00000000080062fc        0x4 
 .text.SVC_Handler
                0x0000000008006300       0x24 ./Middlewares/Third_Party/FreeRTOS/Source/portable/GCC/ARM_CM4F/port.o
                0x0000000008006300                SVC_Handler
 .text.vPortEnterCritical
                0x0000000008006324       0x40 ./Middlewares/Third_Party/FreeRTOS/Source/portable/GCC/ARM_CM4F/port.o
                0x0000000008006324                vPortEnterCritical
 .text.vPortExitCritical
                0x0000000008006364       0x28 ./Middlewares/Third_Party/FreeRTOS/Source/portable/GCC/ARM_CM4F/port.o
                0x0000000008006364                vPortExitCritical
 *fill*         0x000000000800638c        0x4 
 .text.PendSV_Handler
                0x0000000008006390       0x64 ./Middlewares/Third_Party/FreeRTOS/Source/portable/GCC/ARM_CM4F/port.o
                0x0000000008006390                PendSV_Handler
 .text.xPortSysTickHandler
                0x00000000080063f4       0x2c ./Middlewares/Third_Party/FreeRTOS/Source/portable/GCC/ARM_CM4F/port.o
                0x00000000080063f4                xPortSysTickHandler
 .text.vPortSetupTimerInterrupt
                0x0000000008006420       0x24 ./Middlewares/Third_Party/FreeRTOS/Source/portable/GCC/ARM_CM4F/port.o
                0x0000000008006420                vPortSetupTimerInterrupt
 .text.xPortStartScheduler
                0x0000000008006444      0x10c ./Middlewares/Third_Party/FreeRTOS/Source/portable/GCC/ARM_CM4F/port.o
                0x0000000008006444                xPortStartScheduler
 .text.vPortValidateInterruptPriority
                0x0000000008006550       0x5c ./Middlewares/Third_Party/FreeRTOS/Source/portable/GCC/ARM_CM4F/port.o
                0x0000000008006550                vPortValidateInterruptPriority
 .text.prvInsertBlockIntoFreeList
                0x00000000080065ac       0x48 ./Middlewares/Third_Party/FreeRTOS/Source/portable/MemMang/heap_4.o
 .text.pvPortMalloc
                0x00000000080065f4      0x130 ./Middlewares/Third_Party/FreeRTOS/Source/portable/MemMang/heap_4.o
                0x00000000080065f4                pvPortMalloc
 .text.vPortFree
                0x0000000008006724       0x7c ./Middlewares/Third_Party/FreeRTOS/Source/portable/MemMang/heap_4.o
                0x0000000008006724                vPortFree
 .text.MX_USB_DEVICE_Init
                0x00000000080067a0       0x50 ./USB_DEVICE/App/usb_device.o
                0x00000000080067a0                MX_USB_DEVICE_Init
 .text.CUSTOM_HID_Init_FS
                0x00000000080067f0        0x4 ./USB_DEVICE/App/usbd_custom_hid_if.o
 .text.CUSTOM_HID_OutEvent_FS
                0x00000000080067f4       0x18 ./USB_DEVICE/App/usbd_custom_hid_if.o
 .text.CUSTOM_HID_DeInit_FS
                0x000000000800680c        0x4 ./USB_DEVICE/App/usbd_custom_hid_if.o
 .text.USBD_FS_DeviceDescriptor
                0x0000000008006810        0xc ./USB_DEVICE/App/usbd_desc.o
                0x0000000008006810                USBD_FS_DeviceDescriptor
 .text.USBD_FS_LangIDStrDescriptor
                0x000000000800681c        0xc ./USB_DEVICE/App/usbd_desc.o
                0x000000000800681c                USBD_FS_LangIDStrDescriptor
 .text.IntToUnicode
                0x0000000008006828       0x2a ./USB_DEVICE/App/usbd_desc.o
 *fill*         0x0000000008006852        0x2 
 .text.USBD_FS_SerialStrDescriptor
                0x0000000008006854       0x3c ./USB_DEVICE/App/usbd_desc.o
                0x0000000008006854                USBD_FS_SerialStrDescriptor
 .text.USBD_FS_ManufacturerStrDescriptor
                0x0000000008006890       0x1c ./USB_DEVICE/App/usbd_desc.o
                0x0000000008006890                USBD_FS_ManufacturerStrDescriptor
 .text.USBD_FS_ProductStrDescriptor
                0x00000000080068ac       0x1c ./USB_DEVICE/App/usbd_desc.o
                0x00000000080068ac                USBD_FS_ProductStrDescriptor
 .text.USBD_FS_ConfigStrDescriptor
                0x00000000080068c8       0x1c ./USB_DEVICE/App/usbd_desc.o
                0x00000000080068c8                USBD_FS_ConfigStrDescriptor
 .text.USBD_FS_InterfaceStrDescriptor
                0x00000000080068e4       0x1c ./USB_DEVICE/App/usbd_desc.o
                0x00000000080068e4                USBD_FS_InterfaceStrDescriptor
 .text.HAL_PCD_MspInit
                0x0000000008006900       0x84 ./USB_DEVICE/Target/usbd_conf.o
                0x0000000008006900                HAL_PCD_MspInit
 .text.HAL_PCD_SetupStageCallback
                0x0000000008006984        0xc ./USB_DEVICE/Target/usbd_conf.o
                0x0000000008006984                HAL_PCD_SetupStageCallback
 .text.HAL_PCD_DataOutStageCallback
                0x0000000008006990       0x12 ./USB_DEVICE/Target/usbd_conf.o
                0x0000000008006990                HAL_PCD_DataOutStageCallback
 .text.HAL_PCD_DataInStageCallback
                0x00000000080069a2       0x10 ./USB_DEVICE/Target/usbd_conf.o
                0x00000000080069a2                HAL_PCD_DataInStageCallback
 .text.HAL_PCD_SOFCallback
                0x00000000080069b2        0x8 ./USB_DEVICE/Target/usbd_conf.o
                0x00000000080069b2                HAL_PCD_SOFCallback
 .text.HAL_PCD_ResetCallback
                0x00000000080069ba       0x24 ./USB_DEVICE/Target/usbd_conf.o
                0x00000000080069ba                HAL_PCD_ResetCallback
 *fill*         0x00000000080069de        0x2 
 .text.HAL_PCD_SuspendCallback
                0x00000000080069e0       0x30 ./USB_DEVICE/Target/usbd_conf.o
                0x00000000080069e0                HAL_PCD_SuspendCallback
 .text.HAL_PCD_ResumeCallback
                0x0000000008006a10        0x8 ./USB_DEVICE/Target/usbd_conf.o
                0x0000000008006a10                HAL_PCD_ResumeCallback
 .text.HAL_PCD_ISOOUTIncompleteCallback
                0x0000000008006a18        0x8 ./USB_DEVICE/Target/usbd_conf.o
                0x0000000008006a18                HAL_PCD_ISOOUTIncompleteCallback
 .text.HAL_PCD_ISOINIncompleteCallback
                0x0000000008006a20        0x8 ./USB_DEVICE/Target/usbd_conf.o
                0x0000000008006a20                HAL_PCD_ISOINIncompleteCallback
 .text.HAL_PCD_ConnectCallback
                0x0000000008006a28        0x8 ./USB_DEVICE/Target/usbd_conf.o
                0x0000000008006a28                HAL_PCD_ConnectCallback
 .text.HAL_PCD_DisconnectCallback
                0x0000000008006a30        0x8 ./USB_DEVICE/Target/usbd_conf.o
                0x0000000008006a30                HAL_PCD_DisconnectCallback
 .text.USBD_LL_Init
                0x0000000008006a38       0x5c ./USB_DEVICE/Target/usbd_conf.o
                0x0000000008006a38                USBD_LL_Init
 .text.USBD_LL_IsStallEP
                0x0000000008006a94       0x26 ./USB_DEVICE/Target/usbd_conf.o
                0x0000000008006a94                USBD_LL_IsStallEP
 *fill*         0x0000000008006aba        0x2 
 .text.USBD_static_malloc
                0x0000000008006abc        0x8 ./USB_DEVICE/Target/usbd_conf.o
                0x0000000008006abc                USBD_static_malloc
 .text.USBD_static_free
                0x0000000008006ac4        0x2 ./USB_DEVICE/Target/usbd_conf.o
                0x0000000008006ac4                USBD_static_free
 *fill*         0x0000000008006ac6        0x2 
 .text.USBD_Get_USB_Status
                0x0000000008006ac8       0x10 ./USB_DEVICE/Target/usbd_conf.o
                0x0000000008006ac8                USBD_Get_USB_Status
 .text.USBD_LL_Start
                0x0000000008006ad8       0x12 ./USB_DEVICE/Target/usbd_conf.o
                0x0000000008006ad8                USBD_LL_Start
 .text.USBD_LL_OpenEP
                0x0000000008006aea       0x18 ./USB_DEVICE/Target/usbd_conf.o
                0x0000000008006aea                USBD_LL_OpenEP
 .text.USBD_LL_CloseEP
                0x0000000008006b02       0x12 ./USB_DEVICE/Target/usbd_conf.o
                0x0000000008006b02                USBD_LL_CloseEP
 .text.USBD_LL_StallEP
                0x0000000008006b14       0x12 ./USB_DEVICE/Target/usbd_conf.o
                0x0000000008006b14                USBD_LL_StallEP
 .text.USBD_LL_ClearStallEP
                0x0000000008006b26       0x12 ./USB_DEVICE/Target/usbd_conf.o
                0x0000000008006b26                USBD_LL_ClearStallEP
 .text.USBD_LL_SetUSBAddress
                0x0000000008006b38       0x12 ./USB_DEVICE/Target/usbd_conf.o
                0x0000000008006b38                USBD_LL_SetUSBAddress
 .text.USBD_LL_Transmit
                0x0000000008006b4a       0x12 ./USB_DEVICE/Target/usbd_conf.o
                0x0000000008006b4a                USBD_LL_Transmit
 .text.USBD_LL_PrepareReceive
                0x0000000008006b5c       0x12 ./USB_DEVICE/Target/usbd_conf.o
                0x0000000008006b5c                USBD_LL_PrepareReceive
 *fill*         0x0000000008006b6e        0x2 
 .text.__errno  0x0000000008006b70        0xc c:/st/stm32cubeide_1.12.0/stm32cubeide/plugins/com.st.stm32cube.ide.mcu.externaltools.gnu-tools-for-stm32.10.3-2021.10.win32_1.0.200.202301161003/tools/bin/../lib/gcc/arm-none-eabi/10.3.1/../../../../arm-none-eabi/lib/thumb/v7e-m+fp/hard\libc_nano.a(lib_a-errno.o)
                0x0000000008006b70                __errno
 .text.__libc_init_array
                0x0000000008006b7c       0x48 c:/st/stm32cubeide_1.12.0/stm32cubeide/plugins/com.st.stm32cube.ide.mcu.externaltools.gnu-tools-for-stm32.10.3-2021.10.win32_1.0.200.202301161003/tools/bin/../lib/gcc/arm-none-eabi/10.3.1/../../../../arm-none-eabi/lib/thumb/v7e-m+fp/hard\libc_nano.a(lib_a-init.o)
                0x0000000008006b7c                __libc_init_array
 .text.__retarget_lock_acquire_recursive
                0x0000000008006bc4        0x2 c:/st/stm32cubeide_1.12.0/stm32cubeide/plugins/com.st.stm32cube.ide.mcu.externaltools.gnu-tools-for-stm32.10.3-2021.10.win32_1.0.200.202301161003/tools/bin/../lib/gcc/arm-none-eabi/10.3.1/../../../../arm-none-eabi/lib/thumb/v7e-m+fp/hard\libc_nano.a(lib_a-lock.o)
                0x0000000008006bc4                __retarget_lock_acquire_recursive
 .text.__retarget_lock_release_recursive
                0x0000000008006bc6        0x2 c:/st/stm32cubeide_1.12.0/stm32cubeide/plugins/com.st.stm32cube.ide.mcu.externaltools.gnu-tools-for-stm32.10.3-2021.10.win32_1.0.200.202301161003/tools/bin/../lib/gcc/arm-none-eabi/10.3.1/../../../../arm-none-eabi/lib/thumb/v7e-m+fp/hard\libc_nano.a(lib_a-lock.o)
                0x0000000008006bc6                __retarget_lock_release_recursive
 .text.memcpy   0x0000000008006bc8       0x1c c:/st/stm32cubeide_1.12.0/stm32cubeide/plugins/com.st.stm32cube.ide.mcu.externaltools.gnu-tools-for-stm32.10.3-2021.10.win32_1.0.200.202301161003/tools/bin/../lib/gcc/arm-none-eabi/10.3.1/../../../../arm-none-eabi/lib/thumb/v7e-m+fp/hard\libc_nano.a(lib_a-memcpy-stub.o)
                0x0000000008006bc8                memcpy
 .text.memset   0x0000000008006be4       0x10 c:/st/stm32cubeide_1.12.0/stm32cubeide/plugins/com.st.stm32cube.ide.mcu.externaltools.gnu-tools-for-stm32.10.3-2021.10.win32_1.0.200.202301161003/tools/bin/../lib/gcc/arm-none-eabi/10.3.1/../../../../arm-none-eabi/lib/thumb/v7e-m+fp/hard\libc_nano.a(lib_a-memset.o)
                0x0000000008006be4                memset
 .text.cleanup_glue
                0x0000000008006bf4       0x1a c:/st/stm32cubeide_1.12.0/stm32cubeide/plugins/com.st.stm32cube.ide.mcu.externaltools.gnu-tools-for-stm32.10.3-2021.10.win32_1.0.200.202301161003/tools/bin/../lib/gcc/arm-none-eabi/10.3.1/../../../../arm-none-eabi/lib/thumb/v7e-m+fp/hard\libc_nano.a(lib_a-reent.o)
                0x0000000008006bf4                cleanup_glue
 *fill*         0x0000000008006c0e        0x2 
 .text._reclaim_reent
                0x0000000008006c10       0xb8 c:/st/stm32cubeide_1.12.0/stm32cubeide/plugins/com.st.stm32cube.ide.mcu.externaltools.gnu-tools-for-stm32.10.3-2021.10.win32_1.0.200.202301161003/tools/bin/../lib/gcc/arm-none-eabi/10.3.1/../../../../arm-none-eabi/lib/thumb/v7e-m+fp/hard\libc_nano.a(lib_a-reent.o)
                0x0000000008006c10                _reclaim_reent
 .text.__malloc_lock
                0x0000000008006cc8        0xc c:/st/stm32cubeide_1.12.0/stm32cubeide/plugins/com.st.stm32cube.ide.mcu.externaltools.gnu-tools-for-stm32.10.3-2021.10.win32_1.0.200.202301161003/tools/bin/../lib/gcc/arm-none-eabi/10.3.1/../../../../arm-none-eabi/lib/thumb/v7e-m+fp/hard\libc_nano.a(lib_a-mlock.o)
                0x0000000008006cc8                __malloc_lock
 .text.__malloc_unlock
                0x0000000008006cd4        0xc c:/st/stm32cubeide_1.12.0/stm32cubeide/plugins/com.st.stm32cube.ide.mcu.externaltools.gnu-tools-for-stm32.10.3-2021.10.win32_1.0.200.202301161003/tools/bin/../lib/gcc/arm-none-eabi/10.3.1/../../../../arm-none-eabi/lib/thumb/v7e-m+fp/hard\libc_nano.a(lib_a-mlock.o)
                0x0000000008006cd4                __malloc_unlock
 .text._free_r  0x0000000008006ce0       0x98 c:/st/stm32cubeide_1.12.0/stm32cubeide/plugins/com.st.stm32cube.ide.mcu.externaltools.gnu-tools-for-stm32.10.3-2021.10.win32_1.0.200.202301161003/tools/bin/../lib/gcc/arm-none-eabi/10.3.1/../../../../arm-none-eabi/lib/thumb/v7e-m+fp/hard\libc_nano.a(lib_a-nano-freer.o)
                0x0000000008006ce0                _free_r
 .text.atan     0x0000000008006d78      0x340 c:/st/stm32cubeide_1.12.0/stm32cubeide/plugins/com.st.stm32cube.ide.mcu.externaltools.gnu-tools-for-stm32.10.3-2021.10.win32_1.0.200.202301161003/tools/bin/../lib/gcc/arm-none-eabi/10.3.1/../../../../arm-none-eabi/lib/thumb/v7e-m+fp/hard\libm.a(lib_a-s_atan.o)
                0x0000000008006d78                atan
 .text.fabs     0x00000000080070b8       0x12 c:/st/stm32cubeide_1.12.0/stm32cubeide/plugins/com.st.stm32cube.ide.mcu.externaltools.gnu-tools-for-stm32.10.3-2021.10.win32_1.0.200.202301161003/tools/bin/../lib/gcc/arm-none-eabi/10.3.1/../../../../arm-none-eabi/lib/thumb/v7e-m+fp/hard\libm.a(lib_a-s_fabs.o)
                0x00000000080070b8                fabs
 .text.sqrt     0x00000000080070ca       0x58 c:/st/stm32cubeide_1.12.0/stm32cubeide/plugins/com.st.stm32cube.ide.mcu.externaltools.gnu-tools-for-stm32.10.3-2021.10.win32_1.0.200.202301161003/tools/bin/../lib/gcc/arm-none-eabi/10.3.1/../../../../arm-none-eabi/lib/thumb/v7e-m+fp/hard\libm.a(lib_a-w_sqrt.o)
                0x00000000080070ca                sqrt
 *fill*         0x0000000008007122        0x2 
 .text.__ieee754_sqrt
                0x0000000008007124      0x164 c:/st/stm32cubeide_1.12.0/stm32cubeide/plugins/com.st.stm32cube.ide.mcu.externaltools.gnu-tools-for-stm32.10.3-2021.10.win32_1.0.200.202301161003/tools/bin/../lib/gcc/arm-none-eabi/10.3.1/../../../../arm-none-eabi/lib/thumb/v7e-m+fp/hard\libm.a(lib_a-e_sqrt.o)
                0x0000000008007124                __ieee754_sqrt
 *(.glue_7)
 .glue_7        0x0000000008007288        0x0 linker stubs
 *(.glue_7t)
 .glue_7t       0x0000000008007288        0x0 linker stubs
 *(.eh_frame)
 .eh_frame      0x0000000008007288        0x0 c:/st/stm32cubeide_1.12.0/stm32cubeide/plugins/com.st.stm32cube.ide.mcu.externaltools.gnu-tools-for-stm32.10.3-2021.10.win32_1.0.200.202301161003/tools/bin/../lib/gcc/arm-none-eabi/10.3.1/thumb/v7e-m+fp/hard/crtbegin.o
 *(.init)
 .init          0x0000000008007288        0x4 c:/st/stm32cubeide_1.12.0/stm32cubeide/plugins/com.st.stm32cube.ide.mcu.externaltools.gnu-tools-for-stm32.10.3-2021.10.win32_1.0.200.202301161003/tools/bin/../lib/gcc/arm-none-eabi/10.3.1/thumb/v7e-m+fp/hard/crti.o
                0x0000000008007288                _init
 .init          0x000000000800728c        0x8 c:/st/stm32cubeide_1.12.0/stm32cubeide/plugins/com.st.stm32cube.ide.mcu.externaltools.gnu-tools-for-stm32.10.3-2021.10.win32_1.0.200.202301161003/tools/bin/../lib/gcc/arm-none-eabi/10.3.1/thumb/v7e-m+fp/hard/crtn.o
 *(.fini)
 .fini          0x0000000008007294        0x4 c:/st/stm32cubeide_1.12.0/stm32cubeide/plugins/com.st.stm32cube.ide.mcu.externaltools.gnu-tools-for-stm32.10.3-2021.10.win32_1.0.200.202301161003/tools/bin/../lib/gcc/arm-none-eabi/10.3.1/thumb/v7e-m+fp/hard/crti.o
                0x0000000008007294                _fini
 .fini          0x0000000008007298        0x8 c:/st/stm32cubeide_1.12.0/stm32cubeide/plugins/com.st.stm32cube.ide.mcu.externaltools.gnu-tools-for-stm32.10.3-2021.10.win32_1.0.200.202301161003/tools/bin/../lib/gcc/arm-none-eabi/10.3.1/thumb/v7e-m+fp/hard/crtn.o
                0x00000000080072a0                . = ALIGN (0x4)
                0x00000000080072a0                _etext = .

.vfp11_veneer   0x00000000080072a0        0x0
 .vfp11_veneer  0x00000000080072a0        0x0 linker stubs

.v4_bx          0x00000000080072a0        0x0
 .v4_bx         0x00000000080072a0        0x0 linker stubs

.iplt           0x00000000080072a0        0x0
 .iplt          0x00000000080072a0        0x0 c:/st/stm32cubeide_1.12.0/stm32cubeide/plugins/com.st.stm32cube.ide.mcu.externaltools.gnu-tools-for-stm32.10.3-2021.10.win32_1.0.200.202301161003/tools/bin/../lib/gcc/arm-none-eabi/10.3.1/thumb/v7e-m+fp/hard/crtbegin.o

.rodata         0x00000000080072a0      0x1d0
                0x00000000080072a0                . = ALIGN (0x4)
 *(.rodata)
 *(.rodata*)
 .rodata.str1.1
                0x00000000080072a0       0x34 ./Core/Src/main.o
 .rodata.InputProcessing_attributes
                0x00000000080072d4       0x24 ./Core/Src/main.o
                0x00000000080072d4                InputProcessing_attributes
 .rodata.StartPolling_attributes
                0x00000000080072f8       0x24 ./Core/Src/main.o
                0x00000000080072f8                StartPolling_attributes
 .rodata.capitalTimer_attributes
                0x000000000800731c       0x10 ./Core/Src/main.o
                0x000000000800731c                capitalTimer_attributes
 .rodata.modeTimer_attributes
                0x000000000800732c       0x10 ./Core/Src/main.o
                0x000000000800732c                modeTimer_attributes
 .rodata.AHBPrescTable
                0x000000000800733c       0x10 ./Core/Src/system_stm32f4xx.o
                0x000000000800733c                AHBPrescTable
 .rodata.APBPrescTable
                0x000000000800734c        0x8 ./Core/Src/system_stm32f4xx.o
                0x000000000800734c                APBPrescTable
 .rodata.flagBitshiftOffset.0
                0x0000000008007354        0x8 ./Drivers/STM32F4xx_HAL_Driver/Src/stm32f4xx_hal_dma.o
 .rodata.vTaskStartScheduler.str1.1
                0x000000000800735c        0x5 ./Middlewares/Third_Party/FreeRTOS/Source/tasks.o
 .rodata.prvCheckForValidListAndQueue.str1.1
                0x0000000008007361        0x5 ./Middlewares/Third_Party/FreeRTOS/Source/timers.o
 .rodata.xTimerCreateTimerTask.str1.1
                0x0000000008007366        0x8 ./Middlewares/Third_Party/FreeRTOS/Source/timers.o
 .rodata.USBD_FS_ManufacturerStrDescriptor.str1.1
                0x000000000800736e       0x13 ./USB_DEVICE/App/usbd_desc.o
 .rodata.USBD_FS_ProductStrDescriptor.str1.1
                0x0000000008007381       0x1d ./USB_DEVICE/App/usbd_desc.o
 .rodata.USBD_FS_ConfigStrDescriptor.str1.1
                0x000000000800739e       0x12 ./USB_DEVICE/App/usbd_desc.o
 .rodata.USBD_FS_InterfaceStrDescriptor.str1.1
                0x00000000080073b0       0x15 ./USB_DEVICE/App/usbd_desc.o
 .rodata.CSWTCH.23
                0x00000000080073c5        0x4 ./USB_DEVICE/Target/usbd_conf.o
 *fill*         0x00000000080073c9        0x3 
 .rodata.__sf_fake_stderr
                0x00000000080073cc       0x20 c:/st/stm32cubeide_1.12.0/stm32cubeide/plugins/com.st.stm32cube.ide.mcu.externaltools.gnu-tools-for-stm32.10.3-2021.10.win32_1.0.200.202301161003/tools/bin/../lib/gcc/arm-none-eabi/10.3.1/../../../../arm-none-eabi/lib/thumb/v7e-m+fp/hard\libc_nano.a(lib_a-findfp.o)
                0x00000000080073cc                __sf_fake_stderr
 .rodata.__sf_fake_stdin
                0x00000000080073ec       0x20 c:/st/stm32cubeide_1.12.0/stm32cubeide/plugins/com.st.stm32cube.ide.mcu.externaltools.gnu-tools-for-stm32.10.3-2021.10.win32_1.0.200.202301161003/tools/bin/../lib/gcc/arm-none-eabi/10.3.1/../../../../arm-none-eabi/lib/thumb/v7e-m+fp/hard\libc_nano.a(lib_a-findfp.o)
                0x00000000080073ec                __sf_fake_stdin
 .rodata.__sf_fake_stdout
                0x000000000800740c       0x20 c:/st/stm32cubeide_1.12.0/stm32cubeide/plugins/com.st.stm32cube.ide.mcu.externaltools.gnu-tools-for-stm32.10.3-2021.10.win32_1.0.200.202301161003/tools/bin/../lib/gcc/arm-none-eabi/10.3.1/../../../../arm-none-eabi/lib/thumb/v7e-m+fp/hard\libc_nano.a(lib_a-findfp.o)
                0x000000000800740c                __sf_fake_stdout
 *fill*         0x000000000800742c        0x4 
 .rodata.atanhi
                0x0000000008007430       0x20 c:/st/stm32cubeide_1.12.0/stm32cubeide/plugins/com.st.stm32cube.ide.mcu.externaltools.gnu-tools-for-stm32.10.3-2021.10.win32_1.0.200.202301161003/tools/bin/../lib/gcc/arm-none-eabi/10.3.1/../../../../arm-none-eabi/lib/thumb/v7e-m+fp/hard\libm.a(lib_a-s_atan.o)
 .rodata.atanlo
                0x0000000008007450       0x20 c:/st/stm32cubeide_1.12.0/stm32cubeide/plugins/com.st.stm32cube.ide.mcu.externaltools.gnu-tools-for-stm32.10.3-2021.10.win32_1.0.200.202301161003/tools/bin/../lib/gcc/arm-none-eabi/10.3.1/../../../../arm-none-eabi/lib/thumb/v7e-m+fp/hard\libm.a(lib_a-s_atan.o)
                0x0000000008007470                . = ALIGN (0x4)

.ARM.extab      0x0000000008007470        0x0
                0x0000000008007470                . = ALIGN (0x4)
 *(.ARM.extab* .gnu.linkonce.armextab.*)
                0x0000000008007470                . = ALIGN (0x4)

.ARM            0x0000000008007470        0x8
                0x0000000008007470                . = ALIGN (0x4)
                0x0000000008007470                __exidx_start = .
 *(.ARM.exidx*)
 .ARM.exidx     0x0000000008007470        0x8 c:/st/stm32cubeide_1.12.0/stm32cubeide/plugins/com.st.stm32cube.ide.mcu.externaltools.gnu-tools-for-stm32.10.3-2021.10.win32_1.0.200.202301161003/tools/bin/../lib/gcc/arm-none-eabi/10.3.1/thumb/v7e-m+fp/hard\libgcc.a(_udivmoddi4.o)
                0x0000000008007478                __exidx_end = .
                0x0000000008007478                . = ALIGN (0x4)

.rel.dyn        0x0000000008007478        0x0
 .rel.iplt      0x0000000008007478        0x0 c:/st/stm32cubeide_1.12.0/stm32cubeide/plugins/com.st.stm32cube.ide.mcu.externaltools.gnu-tools-for-stm32.10.3-2021.10.win32_1.0.200.202301161003/tools/bin/../lib/gcc/arm-none-eabi/10.3.1/thumb/v7e-m+fp/hard/crtbegin.o

.preinit_array  0x0000000008007478        0x0
                0x0000000008007478                . = ALIGN (0x4)
                0x0000000008007478                PROVIDE (__preinit_array_start = .)
 *(.preinit_array*)
                0x0000000008007478                PROVIDE (__preinit_array_end = .)
                0x0000000008007478                . = ALIGN (0x4)

.init_array     0x0000000008007478        0x4
                0x0000000008007478                . = ALIGN (0x4)
                0x0000000008007478                PROVIDE (__init_array_start = .)
 *(SORT_BY_NAME(.init_array.*))
 *(.init_array*)
 .init_array    0x0000000008007478        0x4 c:/st/stm32cubeide_1.12.0/stm32cubeide/plugins/com.st.stm32cube.ide.mcu.externaltools.gnu-tools-for-stm32.10.3-2021.10.win32_1.0.200.202301161003/tools/bin/../lib/gcc/arm-none-eabi/10.3.1/thumb/v7e-m+fp/hard/crtbegin.o
                0x000000000800747c                PROVIDE (__init_array_end = .)
                0x000000000800747c                . = ALIGN (0x4)

.fini_array     0x000000000800747c        0x4
                0x000000000800747c                . = ALIGN (0x4)
                [!provide]                        PROVIDE (__fini_array_start = .)
 *(SORT_BY_NAME(.fini_array.*))
 *(.fini_array*)
 .fini_array    0x000000000800747c        0x4 c:/st/stm32cubeide_1.12.0/stm32cubeide/plugins/com.st.stm32cube.ide.mcu.externaltools.gnu-tools-for-stm32.10.3-2021.10.win32_1.0.200.202301161003/tools/bin/../lib/gcc/arm-none-eabi/10.3.1/thumb/v7e-m+fp/hard/crtbegin.o
                [!provide]                        PROVIDE (__fini_array_end = .)
                0x0000000008007480                . = ALIGN (0x4)
                0x0000000008007480                _sidata = LOADADDR (.data)

.data           0x0000000020000000      0x2dc load address 0x0000000008007480
                0x0000000020000000                . = ALIGN (0x4)
                0x0000000020000000                _sdata = .
 *(.data)
 *(.data*)
 .data.buttonReset
                0x0000000020000000        0x1 ./Core/Src/main.o
                0x0000000020000000                buttonReset
 .data.currentChar
                0x0000000020000001        0x1 ./Core/Src/main.o
                0x0000000020000001                currentChar
 *fill*         0x0000000020000002        0x2 
 .data.distThresh
                0x0000000020000004        0x4 ./Core/Src/main.o
                0x0000000020000004                distThresh
 .data.keycodeDict
                0x0000000020000008      0x100 ./Core/Src/main.o
                0x0000000020000008                keycodeDict
 .data.modeReset
                0x0000000020000108        0x1 ./Core/Src/main.o
                0x0000000020000108                modeReset
 .data.mouseMode
                0x0000000020000109        0x1 ./Core/Src/main.o
                0x0000000020000109                mouseMode
 *fill*         0x000000002000010a        0x2 
 .data.mouseThreshhold
                0x000000002000010c        0x4 ./Core/Src/main.o
                0x000000002000010c                mouseThreshhold
 .data.mouse_speed
                0x0000000020000110        0x4 ./Core/Src/main.o
                0x0000000020000110                mouse_speed
 .data.numberOfZones
                0x0000000020000114        0x4 ./Core/Src/main.o
                0x0000000020000114                numberOfZones
 .data.timeTilCapital
                0x0000000020000118        0x4 ./Core/Src/main.o
                0x0000000020000118                timeTilCapital
 .data.timeTilModeSwitch
                0x000000002000011c        0x4 ./Core/Src/main.o
                0x000000002000011c                timeTilModeSwitch
 .data.zoneReset
                0x0000000020000120        0x1 ./Core/Src/main.o
                0x0000000020000120                zoneReset
 *fill*         0x0000000020000121        0x3 
 .data.SystemCoreClock
                0x0000000020000124        0x4 ./Core/Src/system_stm32f4xx.o
                0x0000000020000124                SystemCoreClock
 .data.uwTickFreq
                0x0000000020000128        0x1 ./Drivers/STM32F4xx_HAL_Driver/Src/stm32f4xx_hal.o
                0x0000000020000128                uwTickFreq
 *fill*         0x0000000020000129        0x3 
 .data.uwTickPrio
                0x000000002000012c        0x4 ./Drivers/STM32F4xx_HAL_Driver/Src/stm32f4xx_hal.o
                0x000000002000012c                uwTickPrio
 .data.USBD_CUSTOM_HID
                0x0000000020000130       0x38 ./Middlewares/ST/STM32_USB_Device_Library/Class/CustomHID/Src/usbd_customhid.o
                0x0000000020000130                USBD_CUSTOM_HID
 .data.USBD_CUSTOM_HID_CfgDesc
                0x0000000020000168       0x29 ./Middlewares/ST/STM32_USB_Device_Library/Class/CustomHID/Src/usbd_customhid.o
 *fill*         0x0000000020000191        0x3 
 .data.USBD_CUSTOM_HID_Desc
                0x0000000020000194        0x9 ./Middlewares/ST/STM32_USB_Device_Library/Class/CustomHID/Src/usbd_customhid.o
 *fill*         0x000000002000019d        0x3 
 .data.USBD_CUSTOM_HID_DeviceQualifierDesc
                0x00000000200001a0        0xa ./Middlewares/ST/STM32_USB_Device_Library/Class/CustomHID/Src/usbd_customhid.o
 *fill*         0x00000000200001aa        0x2 
 .data.uxCriticalNesting
                0x00000000200001ac        0x4 ./Middlewares/Third_Party/FreeRTOS/Source/portable/GCC/ARM_CM4F/port.o
 .data.CUSTOM_HID_ReportDesc_FS
                0x00000000200001b0       0x65 ./USB_DEVICE/App/usbd_custom_hid_if.o
 *fill*         0x0000000020000215        0x3 
 .data.USBD_CustomHID_fops_FS
                0x0000000020000218       0x10 ./USB_DEVICE/App/usbd_custom_hid_if.o
                0x0000000020000218                USBD_CustomHID_fops_FS
 .data.FS_Desc  0x0000000020000228       0x1c ./USB_DEVICE/App/usbd_desc.o
                0x0000000020000228                FS_Desc
 .data.USBD_FS_DeviceDesc
                0x0000000020000244       0x12 ./USB_DEVICE/App/usbd_desc.o
                0x0000000020000244                USBD_FS_DeviceDesc
 *fill*         0x0000000020000256        0x2 
 .data.USBD_LangIDDesc
                0x0000000020000258        0x4 ./USB_DEVICE/App/usbd_desc.o
                0x0000000020000258                USBD_LangIDDesc
 .data.USBD_StringSerial
                0x000000002000025c       0x1a ./USB_DEVICE/App/usbd_desc.o
                0x000000002000025c                USBD_StringSerial
 *fill*         0x0000000020000276        0x2 
 .data._impure_ptr
                0x0000000020000278        0x4 c:/st/stm32cubeide_1.12.0/stm32cubeide/plugins/com.st.stm32cube.ide.mcu.externaltools.gnu-tools-for-stm32.10.3-2021.10.win32_1.0.200.202301161003/tools/bin/../lib/gcc/arm-none-eabi/10.3.1/../../../../arm-none-eabi/lib/thumb/v7e-m+fp/hard\libc_nano.a(lib_a-impure.o)
                0x0000000020000278                _impure_ptr
 .data.impure_data
                0x000000002000027c       0x60 c:/st/stm32cubeide_1.12.0/stm32cubeide/plugins/com.st.stm32cube.ide.mcu.externaltools.gnu-tools-for-stm32.10.3-2021.10.win32_1.0.200.202301161003/tools/bin/../lib/gcc/arm-none-eabi/10.3.1/../../../../arm-none-eabi/lib/thumb/v7e-m+fp/hard\libc_nano.a(lib_a-impure.o)
 *(.RamFunc)
 *(.RamFunc*)
                0x00000000200002dc                . = ALIGN (0x4)
                0x00000000200002dc                _edata = .

.igot.plt       0x00000000200002dc        0x0 load address 0x000000000800775c
 .igot.plt      0x00000000200002dc        0x0 c:/st/stm32cubeide_1.12.0/stm32cubeide/plugins/com.st.stm32cube.ide.mcu.externaltools.gnu-tools-for-stm32.10.3-2021.10.win32_1.0.200.202301161003/tools/bin/../lib/gcc/arm-none-eabi/10.3.1/thumb/v7e-m+fp/hard/crtbegin.o
                0x00000000200002dc                . = ALIGN (0x4)

.bss            0x00000000200002dc     0x5578 load address 0x000000000800775c
                0x00000000200002dc                _sbss = .
                0x00000000200002dc                __bss_start__ = _sbss
 *(.bss)
 .bss           0x00000000200002dc       0x1c c:/st/stm32cubeide_1.12.0/stm32cubeide/plugins/com.st.stm32cube.ide.mcu.externaltools.gnu-tools-for-stm32.10.3-2021.10.win32_1.0.200.202301161003/tools/bin/../lib/gcc/arm-none-eabi/10.3.1/thumb/v7e-m+fp/hard/crtbegin.o
 *(.bss*)
 .bss.InputProcessingHandle
                0x00000000200002f8        0x4 ./Core/Src/main.o
                0x00000000200002f8                InputProcessingHandle
 .bss.StartPollingHandle
                0x00000000200002fc        0x4 ./Core/Src/main.o
                0x00000000200002fc                StartPollingHandle
 .bss.adcConversionComplete
                0x0000000020000300        0x4 ./Core/Src/main.o
                0x0000000020000300                adcConversionComplete
 .bss.adcResultsDMA
                0x0000000020000304        0x8 ./Core/Src/main.o
                0x0000000020000304                adcResultsDMA
 .bss.angleDist1
                0x000000002000030c        0x8 ./Core/Src/main.o
                0x000000002000030c                angleDist1
 .bss.angleDist2
                0x0000000020000314        0x8 ./Core/Src/main.o
                0x0000000020000314                angleDist2
 .bss.capitalTimerHandle
                0x000000002000031c        0x4 ./Core/Src/main.o
                0x000000002000031c                capitalTimerHandle
 .bss.currentKeycode
                0x0000000020000320        0x4 ./Core/Src/main.o
                0x0000000020000320                currentKeycode
 .bss.hadc1     0x0000000020000324       0x48 ./Core/Src/main.o
                0x0000000020000324                hadc1
 .bss.hdma_adc1
                0x000000002000036c       0x60 ./Core/Src/main.o
                0x000000002000036c                hdma_adc1
 .bss.keyboard_report
                0x00000000200003cc        0x5 ./Core/Src/main.o
                0x00000000200003cc                keyboard_report
 *fill*         0x00000000200003d1        0x3 
 .bss.modeTimerHandle
                0x00000000200003d4        0x4 ./Core/Src/main.o
                0x00000000200003d4                modeTimerHandle
 .bss.mouse_report
                0x00000000200003d8        0x5 ./Core/Src/main.o
                0x00000000200003d8                mouse_report
 *fill*         0x00000000200003dd        0x3 
 .bss.zone1     0x00000000200003e0        0x4 ./Core/Src/main.o
                0x00000000200003e0                zone1
 .bss.zone2     0x00000000200003e4        0x4 ./Core/Src/main.o
                0x00000000200003e4                zone2
 .bss.zoneSize  0x00000000200003e8        0x4 ./Core/Src/main.o
                0x00000000200003e8                zoneSize
 .bss.htim10    0x00000000200003ec       0x48 ./Core/Src/stm32f4xx_hal_timebase_tim.o
                0x00000000200003ec                htim10
 .bss.uwTick    0x0000000020000434        0x4 ./Drivers/STM32F4xx_HAL_Driver/Src/stm32f4xx_hal.o
                0x0000000020000434                uwTick
 .bss.cfgidx.0  0x0000000020000438        0x1 ./Middlewares/ST/STM32_USB_Device_Library/Core/Src/usbd_ctlreq.o
 *fill*         0x0000000020000439        0x3 
 .bss.Idle_Stack.2
                0x000000002000043c      0x200 ./Middlewares/Third_Party/FreeRTOS/Source/CMSIS_RTOS_V2/cmsis_os2.o
 .bss.Idle_TCB.3
                0x000000002000063c       0xbc ./Middlewares/Third_Party/FreeRTOS/Source/CMSIS_RTOS_V2/cmsis_os2.o
 .bss.KernelState
                0x00000000200006f8        0x4 ./Middlewares/Third_Party/FreeRTOS/Source/CMSIS_RTOS_V2/cmsis_os2.o
 .bss.Timer_Stack.0
                0x00000000200006fc      0x400 ./Middlewares/Third_Party/FreeRTOS/Source/CMSIS_RTOS_V2/cmsis_os2.o
 .bss.Timer_TCB.1
                0x0000000020000afc       0xbc ./Middlewares/Third_Party/FreeRTOS/Source/CMSIS_RTOS_V2/cmsis_os2.o
 .bss.xQueueRegistry
                0x0000000020000bb8       0x40 ./Middlewares/Third_Party/FreeRTOS/Source/queue.o
                0x0000000020000bb8                xQueueRegistry
 .bss.pxCurrentTCB
                0x0000000020000bf8        0x4 ./Middlewares/Third_Party/FreeRTOS/Source/tasks.o
                0x0000000020000bf8                pxCurrentTCB
 .bss.pxDelayedTaskList
                0x0000000020000bfc        0x4 ./Middlewares/Third_Party/FreeRTOS/Source/tasks.o
 .bss.pxOverflowDelayedTaskList
                0x0000000020000c00        0x4 ./Middlewares/Third_Party/FreeRTOS/Source/tasks.o
 .bss.pxReadyTasksLists
                0x0000000020000c04      0x460 ./Middlewares/Third_Party/FreeRTOS/Source/tasks.o
 .bss.uxCurrentNumberOfTasks
                0x0000000020001064        0x4 ./Middlewares/Third_Party/FreeRTOS/Source/tasks.o
 .bss.uxDeletedTasksWaitingCleanUp
                0x0000000020001068        0x4 ./Middlewares/Third_Party/FreeRTOS/Source/tasks.o
 .bss.uxSchedulerSuspended
                0x000000002000106c        0x4 ./Middlewares/Third_Party/FreeRTOS/Source/tasks.o
 .bss.uxTaskNumber
                0x0000000020001070        0x4 ./Middlewares/Third_Party/FreeRTOS/Source/tasks.o
 .bss.uxTopReadyPriority
                0x0000000020001074        0x4 ./Middlewares/Third_Party/FreeRTOS/Source/tasks.o
 .bss.xDelayedTaskList1
                0x0000000020001078       0x14 ./Middlewares/Third_Party/FreeRTOS/Source/tasks.o
 .bss.xDelayedTaskList2
                0x000000002000108c       0x14 ./Middlewares/Third_Party/FreeRTOS/Source/tasks.o
 .bss.xNextTaskUnblockTime
                0x00000000200010a0        0x4 ./Middlewares/Third_Party/FreeRTOS/Source/tasks.o
 .bss.xNumOfOverflows
                0x00000000200010a4        0x4 ./Middlewares/Third_Party/FreeRTOS/Source/tasks.o
 .bss.xPendedTicks
                0x00000000200010a8        0x4 ./Middlewares/Third_Party/FreeRTOS/Source/tasks.o
 .bss.xPendingReadyList
                0x00000000200010ac       0x14 ./Middlewares/Third_Party/FreeRTOS/Source/tasks.o
 .bss.xSchedulerRunning
                0x00000000200010c0        0x4 ./Middlewares/Third_Party/FreeRTOS/Source/tasks.o
 .bss.xSuspendedTaskList
                0x00000000200010c4       0x14 ./Middlewares/Third_Party/FreeRTOS/Source/tasks.o
 .bss.xTasksWaitingTermination